Archive member included to satisfy reference by file (symbol)

C:/Users/natol/.pico-sdk/toolchain/13_2_Rel1/bin/../lib/gcc/arm-none-eabi/13.2.1/thumb/v6-m/nofp\libgcc.a(_dvmd_tls.o)
                              CMakeFiles/PicoPro.dir/C_/Users/natol/.pico-sdk/sdk/2.0.0/src/rp2_common/pico_divider/divider_hardware.S.obj (__aeabi_idiv0)
C:/Users/natol/.pico-sdk/toolchain/13_2_Rel1/bin/../lib/gcc/arm-none-eabi/13.2.1/thumb/v6-m/nofp\libg.a(libc_a-calloc.o)
                              CMakeFiles/PicoPro.dir/C_/Users/natol/.pico-sdk/sdk/2.0.0/src/rp2_common/pico_malloc/malloc.c.obj (calloc)
C:/Users/natol/.pico-sdk/toolchain/13_2_Rel1/bin/../lib/gcc/arm-none-eabi/13.2.1/thumb/v6-m/nofp\libg.a(libc_a-callocr.o)
                              C:/Users/natol/.pico-sdk/toolchain/13_2_Rel1/bin/../lib/gcc/arm-none-eabi/13.2.1/thumb/v6-m/nofp\libg.a(libc_a-calloc.o) (_calloc_r)
C:/Users/natol/.pico-sdk/toolchain/13_2_Rel1/bin/../lib/gcc/arm-none-eabi/13.2.1/thumb/v6-m/nofp\libg.a(libc_a-malloc.o)
                              CMakeFiles/PicoPro.dir/C_/Users/natol/.pico-sdk/sdk/2.0.0/src/rp2_common/pico_malloc/malloc.c.obj (malloc)
C:/Users/natol/.pico-sdk/toolchain/13_2_Rel1/bin/../lib/gcc/arm-none-eabi/13.2.1/thumb/v6-m/nofp\libg.a(libc_a-mallocr.o)
                              C:/Users/natol/.pico-sdk/toolchain/13_2_Rel1/bin/../lib/gcc/arm-none-eabi/13.2.1/thumb/v6-m/nofp\libg.a(libc_a-callocr.o) (_malloc_r)
C:/Users/natol/.pico-sdk/toolchain/13_2_Rel1/bin/../lib/gcc/arm-none-eabi/13.2.1/thumb/v6-m/nofp\libg.a(libc_a-mlock.o)
                              C:/Users/natol/.pico-sdk/toolchain/13_2_Rel1/bin/../lib/gcc/arm-none-eabi/13.2.1/thumb/v6-m/nofp\libg.a(libc_a-mallocr.o) (__malloc_lock)
C:/Users/natol/.pico-sdk/toolchain/13_2_Rel1/bin/../lib/gcc/arm-none-eabi/13.2.1/thumb/v6-m/nofp\libg.a(libc_a-realloc.o)
                              CMakeFiles/PicoPro.dir/C_/Users/natol/.pico-sdk/sdk/2.0.0/src/rp2_common/pico_malloc/malloc.c.obj (realloc)
C:/Users/natol/.pico-sdk/toolchain/13_2_Rel1/bin/../lib/gcc/arm-none-eabi/13.2.1/thumb/v6-m/nofp\libg.a(libc_a-reallocr.o)
                              C:/Users/natol/.pico-sdk/toolchain/13_2_Rel1/bin/../lib/gcc/arm-none-eabi/13.2.1/thumb/v6-m/nofp\libg.a(libc_a-realloc.o) (_realloc_r)
C:/Users/natol/.pico-sdk/toolchain/13_2_Rel1/bin/../lib/gcc/arm-none-eabi/13.2.1/thumb/v6-m/nofp\libg.a(libc_a-ctype_.o)
                              CMakeFiles/PicoPro.dir/C_/Users/natol/.pico-sdk/sdk/2.0.0/lib/tinyusb/src/tusb.c.obj (_ctype_)
C:/Users/natol/.pico-sdk/toolchain/13_2_Rel1/bin/../lib/gcc/arm-none-eabi/13.2.1/thumb/v6-m/nofp\libg.a(libc_a-fflush.o)
                              CMakeFiles/PicoPro.dir/PicoPro.c.obj (fflush)
C:/Users/natol/.pico-sdk/toolchain/13_2_Rel1/bin/../lib/gcc/arm-none-eabi/13.2.1/thumb/v6-m/nofp\libg.a(libc_a-findfp.o)
                              C:/Users/natol/.pico-sdk/toolchain/13_2_Rel1/bin/../lib/gcc/arm-none-eabi/13.2.1/thumb/v6-m/nofp\libg.a(libc_a-fflush.o) (__sglue)
C:/Users/natol/.pico-sdk/toolchain/13_2_Rel1/bin/../lib/gcc/arm-none-eabi/13.2.1/thumb/v6-m/nofp\libg.a(libc_a-fwalk.o)
                              C:/Users/natol/.pico-sdk/toolchain/13_2_Rel1/bin/../lib/gcc/arm-none-eabi/13.2.1/thumb/v6-m/nofp\libg.a(libc_a-fflush.o) (_fwalk_sglue)
C:/Users/natol/.pico-sdk/toolchain/13_2_Rel1/bin/../lib/gcc/arm-none-eabi/13.2.1/thumb/v6-m/nofp\libg.a(libc_a-stdio.o)
                              C:/Users/natol/.pico-sdk/toolchain/13_2_Rel1/bin/../lib/gcc/arm-none-eabi/13.2.1/thumb/v6-m/nofp\libg.a(libc_a-findfp.o) (__sread)
C:/Users/natol/.pico-sdk/toolchain/13_2_Rel1/bin/../lib/gcc/arm-none-eabi/13.2.1/thumb/v6-m/nofp\libg.a(libc_a-memcmp.o)
                              CMakeFiles/PicoPro.dir/PicoPro.c.obj (memcmp)
C:/Users/natol/.pico-sdk/toolchain/13_2_Rel1/bin/../lib/gcc/arm-none-eabi/13.2.1/thumb/v6-m/nofp\libg.a(libc_a-memmove.o)
                              C:/Users/natol/.pico-sdk/toolchain/13_2_Rel1/bin/../lib/gcc/arm-none-eabi/13.2.1/thumb/v6-m/nofp\libg.a(libc_a-reallocr.o) (memmove)
C:/Users/natol/.pico-sdk/toolchain/13_2_Rel1/bin/../lib/gcc/arm-none-eabi/13.2.1/thumb/v6-m/nofp\libg.a(libc_a-lcltime_r.o)
                              CMakeFiles/PicoPro.dir/C_/Users/natol/.pico-sdk/sdk/2.0.0/src/common/pico_util/datetime.c.obj (localtime_r)
C:/Users/natol/.pico-sdk/toolchain/13_2_Rel1/bin/../lib/gcc/arm-none-eabi/13.2.1/thumb/v6-m/nofp\libg.a(libc_a-mktime.o)
                              CMakeFiles/PicoPro.dir/C_/Users/natol/.pico-sdk/sdk/2.0.0/src/common/pico_util/datetime.c.obj (mktime)
C:/Users/natol/.pico-sdk/toolchain/13_2_Rel1/bin/../lib/gcc/arm-none-eabi/13.2.1/thumb/v6-m/nofp\libg.a(libc_a-month_lengths.o)
                              C:/Users/natol/.pico-sdk/toolchain/13_2_Rel1/bin/../lib/gcc/arm-none-eabi/13.2.1/thumb/v6-m/nofp\libg.a(libc_a-lcltime_r.o) (__month_lengths)
C:/Users/natol/.pico-sdk/toolchain/13_2_Rel1/bin/../lib/gcc/arm-none-eabi/13.2.1/thumb/v6-m/nofp\libg.a(libc_a-tzcalc_limits.o)
[...]
Memory Configuration

Name             Origin             Length             Attributes
FLASH            0x10000000         0x00200000         xr
RAM              0x20000000         0x00040000         xrw
SCRATCH_X        0x20040000         0x00001000         xrw
SCRATCH_Y        0x20041000         0x00001000         xrw
*default*        0x00000000         0xffffffff

Linker script and memory map

LOAD C:/Users/natol/.pico-sdk/toolchain/13_2_Rel1/bin/../lib/gcc/arm-none-eabi/13.2.1/thumb/v6-m/nofp/crti.o
LOAD C:/Users/natol/.pico-sdk/toolchain/13_2_Rel1/bin/../lib/gcc/arm-none-eabi/13.2.1/thumb/v6-m/nofp/crtbegin.o
LOAD C:/Users/natol/.pico-sdk/toolchain/13_2_Rel1/bin/../lib/gcc/arm-none-eabi/13.2.1/thumb/v6-m/nofp/crt0.o

.flash_begin    0x10000000        0x0
                0x10000000                        __flash_binary_start = .

.boot2          0x10000000      0x100
                0x10000000                        __boot2_start__ = .
 *(.boot2)
 .boot2         0x10000000      0x100 C:\Users\natol\AppData\Local\Temp\ccWCnvnk.o
                0x10000100                        __boot2_end__ = .
                0x00000001                        ASSERT (((__boot2_end__ - __boot2_start__) == 0x100), ERROR: Pico second stage bootloader must be 256 bytes in size)

.text           0x10000100     0xa640
                0x10000100                        __logical_binary_start = .
 *(.vectors)
 .vectors       0x10000100       0xd4 CMakeFiles/PicoPro.dir/C_/Users/natol/.pico-sdk/sdk/2.0.0/src/rp2_common/pico_crt0/crt0.S.obj
                0x10000100                __VECTOR_TABLE
                0x10000100                __vectors
                0x100001c0                isr_invalid
                0x100001c0                __default_isrs_start
                0x100001c2                isr_nmi
                0x100001c4                isr_hardfault
                0x100001c6                isr_svcall
                0x100001c8                isr_pendsv
                0x100001ca                isr_systick
                0x100001cc                isr_irq23
                0x100001cc                isr_irq18
                0x100001cc                isr_irq11
                0x100001cc                isr_irq28
                0x100001cc                isr_irq19
                0x100001cc                isr_irq0
                0x100001cc                isr_irq6
                0x100001cc                isr_irq5
                0x100001cc                isr_irq12
                0x100001cc                isr_irq22
                0x100001cc                isr_irq31
                0x100001cc                isr_irq17
                0x100001cc                isr_irq27
                0x100001cc                isr_irq30
                0x100001cc                isr_irq2
                0x100001cc                isr_irq10
                0x100001cc                isr_irq8
                0x100001cc                isr_irq24
                0x100001cc                isr_irq1
                0x100001cc                isr_irq7
                0x100001cc                isr_irq21
                0x100001cc                isr_irq20
                0x100001cc                isr_irq15
                0x100001cc                isr_irq25
                0x100001cc                isr_irq13
                0x100001cc                __unhandled_user_irq
                0x100001cc                isr_irq4
                0x100001cc                isr_irq16
                0x100001cc                isr_irq29
                0x100001cc                isr_irq26
                0x100001cc                __default_isrs_end
                0x100001cc                isr_irq3
                0x100001cc                isr_irq14
                0x100001cc                isr_irq9
                0x100001d2                unhandled_user_irq_num_in_r0
 *(.binary_info_header)
 .binary_info_header
                0x100001d4       0x14 CMakeFiles/PicoPro.dir/C_/Users/natol/.pico-sdk/sdk/2.0.0/src/rp2_common/pico_crt0/crt0.S.obj
                0x100001e8                        __binary_info_header_end = .
 *(.embedded_block)
                0x100001e8                        __embedded_block_end = .
 *(.reset)
 .reset         0x100001e8       0x9c CMakeFiles/PicoPro.dir/C_/Users/natol/.pico-sdk/sdk/2.0.0/src/rp2_common/pico_crt0/crt0.S.obj
                0x100001e8                _entry_point
 *(.init)
 .init          0x10000284        0x4 C:/Users/natol/.pico-sdk/toolchain/13_2_Rel1/bin/../lib/gcc/arm-none-eabi/13.2.1/thumb/v6-m/nofp/crti.o
                0x10000284                _init
 *(EXCLUDE_FILE(*libm.a: *libc.a:*lib_a-mem*.o *libgcc.a:) .text*)
 .text.register_tm_clones
                0x10000288       0x28 C:/Users/natol/.pico-sdk/toolchain/13_2_Rel1/bin/../lib/gcc/arm-none-eabi/13.2.1/thumb/v6-m/nofp/crtbegin.o
 .text.frame_dummy
                0x100002b0       0x24 C:/Users/natol/.pico-sdk/toolchain/13_2_Rel1/bin/../lib/gcc/arm-none-eabi/13.2.1/thumb/v6-m/nofp/crtbegin.o
 .text.core1_main
                0x100002d4       0x44 CMakeFiles/PicoPro.dir/PicoPro.c.obj
                0x100002d4                core1_main
 .text.set_sys_clock_khz
                0x10000318       0x3c CMakeFiles/PicoPro.dir/PicoPro.c.obj
 .text.findSwitchMap
                0x10000354       0x30 CMakeFiles/PicoPro.dir/PicoPro.c.obj
                0x10000354                findSwitchMap
 .text.process_mouse_report
                0x10000384       0xdc CMakeFiles/PicoPro.dir/PicoPro.c.obj
 .text.response
                0x10000460       0x4c CMakeFiles/PicoPro.dir/PicoPro.c.obj
                0x10000460                response
 .text.uart_response
                0x100004ac       0x5c CMakeFiles/PicoPro.dir/PicoPro.c.obj
                0x100004ac                uart_response
 .text.spi_response
                0x10000508       0x3c CMakeFiles/PicoPro.dir/PicoPro.c.obj
                0x10000508                spi_response
 .text.tud_hid_get_report_cb
                0x10000544        0x4 CMakeFiles/PicoPro.dir/PicoPro.c.obj
                0x10000544                tud_hid_get_report_cb
 .text.tud_hid_set_report_cb
                0x10000548      0x1fc CMakeFiles/PicoPro.dir/PicoPro.c.obj
                0x10000548                tud_hid_set_report_cb
 .text.tuh_hid_mount_cb
                0x10000744       0x98 CMakeFiles/PicoPro.dir/PicoPro.c.obj
                0x10000744                tuh_hid_mount_cb
 .text.tuh_hid_umount_cb
                0x100007dc       0x30 CMakeFiles/PicoPro.dir/PicoPro.c.obj
                0x100007dc                tuh_hid_umount_cb
 .text.to_joystick
                0x1000080c       0x18 CMakeFiles/PicoPro.dir/PicoPro.c.obj
                0x1000080c                to_joystick
 .text.process_kbd_report
                0x10000824      0x1f8 CMakeFiles/PicoPro.dir/PicoPro.c.obj
 .text.tuh_hid_report_received_cb
                0x10000a1c       0x40 CMakeFiles/PicoPro.dir/PicoPro.c.obj
                0x10000a1c                tuh_hid_report_received_cb
 .text.counter_task
                0x10000a5c       0x4c CMakeFiles/PicoPro.dir/PicoPro.c.obj
                0x10000a5c                counter_task
 .text.button_task
                0x10000aa8      0x1a4 CMakeFiles/PicoPro.dir/PicoPro.c.obj
                0x10000aa8                button_task
 .text.main     0x10000c4c       0x50 CMakeFiles/PicoPro.dir/PicoPro.c.obj
                0x10000c4c                main
 .text.tud_descriptor_device_cb
                0x10000c9c        0x8 CMakeFiles/PicoPro.dir/usb_descriptors.c.obj
                0x10000c9c                tud_descriptor_device_cb
 .text.tud_hid_descriptor_report_cb
                0x10000ca4        0x8 CMakeFiles/PicoPro.dir/usb_descriptors.c.obj
                0x10000ca4                tud_hid_descriptor_report_cb
 .text.tud_descriptor_configuration_cb
                0x10000cac        0x8 CMakeFiles/PicoPro.dir/usb_descriptors.c.obj
                0x10000cac                tud_descriptor_configuration_cb
 .text.tud_descriptor_string_cb
                0x10000cb4       0x60 CMakeFiles/PicoPro.dir/usb_descriptors.c.obj
                0x10000cb4                tud_descriptor_string_cb
 .text.gpio_set_function
                0x10000d14       0x34 CMakeFiles/PicoPro.dir/C_/Users/natol/.pico-sdk/sdk/2.0.0/src/rp2_common/hardware_gpio/gpio.c.obj
                0x10000d14                gpio_set_function
 .text.gpio_set_pulls
                0x10000d48       0x38 CMakeFiles/PicoPro.dir/C_/Users/natol/.pico-sdk/sdk/2.0.0/src/rp2_common/hardware_gpio/gpio.c.obj
                0x10000d48                gpio_set_pulls
 .text.gpio_set_inover
                0x10000d80       0x24 CMakeFiles/PicoPro.dir/C_/Users/natol/.pico-sdk/sdk/2.0.0/src/rp2_common/hardware_gpio/gpio.c.obj
                0x10000d80                gpio_set_inover
 .text.gpio_set_outover
                0x10000da4       0x24 CMakeFiles/PicoPro.dir/C_/Users/natol/.pico-sdk/sdk/2.0.0/src/rp2_common/hardware_gpio/gpio.c.obj
                0x10000da4                gpio_set_outover
 .text.gpio_set_oeover
                0x10000dc8       0x24 CMakeFiles/PicoPro.dir/C_/Users/natol/.pico-sdk/sdk/2.0.0/src/rp2_common/hardware_gpio/gpio.c.obj
                0x10000dc8                gpio_set_oeover
 .text.gpio_set_slew_rate
                0x10000dec       0x20 CMakeFiles/PicoPro.dir/C_/Users/natol/.pico-sdk/sdk/2.0.0/src/rp2_common/hardware_gpio/gpio.c.obj
                0x10000dec                gpio_set_slew_rate
 .text.gpio_set_drive_strength
                0x10000e0c       0x24 CMakeFiles/PicoPro.dir/C_/Users/natol/.pico-sdk/sdk/2.0.0/src/rp2_common/hardware_gpio/gpio.c.obj
                0x10000e0c                gpio_set_drive_strength
 .text.rp2040_chip_version
                0x10000e30       0x54 CMakeFiles/PicoPro.dir/C_/Users/natol/.pico-sdk/sdk/2.0.0/src/rp2040/pico_platform/platform.c.obj
                0x10000e30                rp2040_chip_version
 .text.panic    0x10000e84       0x30 CMakeFiles/PicoPro.dir/C_/Users/natol/.pico-sdk/sdk/2.0.0/src/rp2_common/pico_platform_panic/panic.c.obj
                0x10000e84                panic
 .text.hw_claim_lock
                0x10000eb4       0x18 CMakeFiles/PicoPro.dir/C_/Users/natol/.pico-sdk/sdk/2.0.0/src/common/hardware_claim/claim.c.obj
                0x10000eb4                hw_claim_lock
 .text.hw_claim_unlock
                0x10000ecc       0x14 CMakeFiles/PicoPro.dir/C_/Users/natol/.pico-sdk/sdk/2.0.0/src/common/hardware_claim/claim.c.obj
                0x10000ecc                hw_claim_unlock
 .text.hw_claim_or_assert
                0x10000ee0       0x32 CMakeFiles/PicoPro.dir/C_/Users/natol/.pico-sdk/sdk/2.0.0/src/common/hardware_claim/claim.c.obj
                0x10000ee0                hw_claim_or_assert
 .text.hw_claim_unused_from_range
                0x10000f12       0x50 CMakeFiles/PicoPro.dir/C_/Users/natol/.pico-sdk/sdk/2.0.0/src/common/hardware_claim/claim.c.obj
                0x10000f12                hw_claim_unused_from_range
 *fill*         0x10000f62        0x2 
 .text.next_striped_spin_lock_num
                0x10000f64       0x1c CMakeFiles/PicoPro.dir/C_/Users/natol/.pico-sdk/sdk/2.0.0/src/rp2_common/hardware_sync/sync.c.obj
                0x10000f64                next_striped_spin_lock_num
 .text.spin_lock_claim_unused
                0x10000f80       0x24 CMakeFiles/PicoPro.dir/C_/Users/natol/.pico-sdk/sdk/2.0.0/src/rp2_common/hardware_sync/sync.c.obj
                0x10000f80                spin_lock_claim_unused
 .text.spin_locks_reset
                0x10000fa4       0x20 CMakeFiles/PicoPro.dir/C_/Users/natol/.pico-sdk/sdk/2.0.0/src/rp2_common/hardware_sync_spin_lock/sync_spin_lock.c.obj
                0x10000fa4                spin_locks_reset
 .text.set_raw_irq_handler_and_unlock
                0x10000fc4       0x28 CMakeFiles/PicoPro.dir/C_/Users/natol/.pico-sdk/sdk/2.0.0/src/rp2_common/hardware_irq/irq.c.obj
 .text.nvic_ipr0
                0x10000fec        0x8 CMakeFiles/PicoPro.dir/C_/Users/natol/.pico-sdk/sdk/2.0.0/src/rp2_common/hardware_irq/irq.c.obj
 .text.runtime_init_per_core_irq_priorities
                0x10000ff4       0x1c CMakeFiles/PicoPro.dir/C_/Users/natol/.pico-sdk/sdk/2.0.0/src/rp2_common/hardware_irq/irq.c.obj
                0x10000ff4                runtime_init_per_core_irq_priorities
 .text.resolve_j_16
                0x10001010       0x30 CMakeFiles/PicoPro.dir/C_/Users/natol/.pico-sdk/sdk/2.0.0/src/rp2_common/hardware_irq/irq.c.obj
 .text.make_j_16
                0x10001040       0x48 CMakeFiles/PicoPro.dir/C_/Users/natol/.pico-sdk/sdk/2.0.0/src/rp2_common/hardware_irq/irq.c.obj
 .text.insert_bl_32
                0x10001088       0x40 CMakeFiles/PicoPro.dir/C_/Users/natol/.pico-sdk/sdk/2.0.0/src/rp2_common/hardware_irq/irq.c.obj
 .text.irq_is_enabled
                0x100010c8       0x18 CMakeFiles/PicoPro.dir/C_/Users/natol/.pico-sdk/sdk/2.0.0/src/rp2_common/hardware_irq/irq.c.obj
                0x100010c8                irq_is_enabled
 .text.irq_set_mask_n_enabled
                0x100010e0       0x1c CMakeFiles/PicoPro.dir/C_/Users/natol/.pico-sdk/sdk/2.0.0/src/rp2_common/hardware_irq/irq.c.obj
                0x100010e0                irq_set_mask_n_enabled
 .text.irq_set_enabled
                0x100010fc       0x14 CMakeFiles/PicoPro.dir/C_/Users/natol/.pico-sdk/sdk/2.0.0/src/rp2_common/hardware_irq/irq.c.obj
                0x100010fc                irq_set_enabled
 .text.irq_get_vtable_handler
                0x10001110       0x10 CMakeFiles/PicoPro.dir/C_/Users/natol/.pico-sdk/sdk/2.0.0/src/rp2_common/hardware_irq/irq.c.obj
                0x10001110                irq_get_vtable_handler
 .text.irq_set_exclusive_handler
                0x10001120       0x54 CMakeFiles/PicoPro.dir/C_/Users/natol/.pico-sdk/sdk/2.0.0/src/rp2_common/hardware_irq/irq.c.obj
                0x10001120                irq_set_exclusive_handler
 .text.irq_add_shared_handler
                0x10001174      0x218 CMakeFiles/PicoPro.dir/C_/Users/natol/.pico-sdk/sdk/2.0.0/src/rp2_common/hardware_irq/irq.c.obj
                0x10001174                irq_add_shared_handler
 .text.irq_remove_handler
                0x1000138c      0x18c CMakeFiles/PicoPro.dir/C_/Users/natol/.pico-sdk/sdk/2.0.0/src/rp2_common/hardware_irq/irq.c.obj
                0x1000138c                irq_remove_handler
 .text.irq_add_tail_to_free_list
                0x10001518       0xf4 CMakeFiles/PicoPro.dir/C_/Users/natol/.pico-sdk/sdk/2.0.0/src/rp2_common/hardware_irq/irq.c.obj
                0x10001518                irq_add_tail_to_free_list
 .text.lock_init
                0x1000160c       0x10 CMakeFiles/PicoPro.dir/C_/Users/natol/.pico-sdk/sdk/2.0.0/src/common/pico_sync/lock_core.c.obj
                0x1000160c                lock_init
 .text.mutex_init
                0x1000161c       0x1a CMakeFiles/PicoPro.dir/C_/Users/natol/.pico-sdk/sdk/2.0.0/src/common/pico_sync/mutex.c.obj
                0x1000161c                mutex_init
 .text.recursive_mutex_init
                0x10001636       0x1e CMakeFiles/PicoPro.dir/C_/Users/natol/.pico-sdk/sdk/2.0.0/src/common/pico_sync/mutex.c.obj
                0x10001636                recursive_mutex_init
 .text.runtime_init_mutex
                0x10001654       0x4c CMakeFiles/PicoPro.dir/C_/Users/natol/.pico-sdk/sdk/2.0.0/src/common/pico_sync/mutex.c.obj
                0x10001654                runtime_init_mutex
 .text.critical_section_init_with_lock_num
                0x100016a0       0x14 CMakeFiles/PicoPro.dir/C_/Users/natol/.pico-sdk/sdk/2.0.0/src/common/pico_sync/critical_section.c.obj
                0x100016a0                critical_section_init_with_lock_num
 .text.critical_section_init
                0x100016b4       0x14 CMakeFiles/PicoPro.dir/C_/Users/natol/.pico-sdk/sdk/2.0.0/src/common/pico_sync/critical_section.c.obj
                0x100016b4                critical_section_init
 .text.make_alarm_id
                0x100016c8        0x6 CMakeFiles/PicoPro.dir/C_/Users/natol/.pico-sdk/sdk/2.0.0/src/common/pico_time/time.c.obj
 *fill*         0x100016ce        0x2 
 .text.sleep_until_callback
                0x100016d0       0x30 CMakeFiles/PicoPro.dir/C_/Users/natol/.pico-sdk/sdk/2.0.0/src/common/pico_time/time.c.obj
 .text.alarm_pool_irq_handler
                0x10001700      0x2e0 CMakeFiles/PicoPro.dir/C_/Users/natol/.pico-sdk/sdk/2.0.0/src/common/pico_time/time.c.obj
 .text.ta_enable_irq_handler
                0x100019e0       0x2c CMakeFiles/PicoPro.dir/C_/Users/natol/.pico-sdk/sdk/2.0.0/src/common/pico_time/time.c.obj
 .text.alarm_pool_post_alloc_init
                0x10001a0c       0x78 CMakeFiles/PicoPro.dir/C_/Users/natol/.pico-sdk/sdk/2.0.0/src/common/pico_time/time.c.obj
 .text.alarm_pool_get_default
                0x10001a84       0x2c CMakeFiles/PicoPro.dir/C_/Users/natol/.pico-sdk/sdk/2.0.0/src/common/pico_time/time.c.obj
                0x10001a84                alarm_pool_get_default
 .text.alarm_pool_create_on_timer
                0x10001ab0       0x34 CMakeFiles/PicoPro.dir/C_/Users/natol/.pico-sdk/sdk/2.0.0/src/common/pico_time/time.c.obj
                0x10001ab0                alarm_pool_create_on_timer
 .text.alarm_pool_add_alarm_at_force_in_context
                0x10001ae4       0xa4 CMakeFiles/PicoPro.dir/C_/Users/natol/.pico-sdk/sdk/2.0.0/src/common/pico_time/time.c.obj
                0x10001ae4                alarm_pool_add_alarm_at_force_in_context
 .text.alarm_pool_add_alarm_at
                0x10001b88       0x3c CMakeFiles/PicoPro.dir/C_/Users/natol/.pico-sdk/sdk/2.0.0/src/common/pico_time/time.c.obj
                0x10001b88                alarm_pool_add_alarm_at
 .text.add_alarm_at
                0x10001bc4       0x2e CMakeFiles/PicoPro.dir/C_/Users/natol/.pico-sdk/sdk/2.0.0/src/common/pico_time/time.c.obj
 *fill*         0x10001bf2        0x2 
 .text.alarm_pool_cancel_alarm
                0x10001bf4       0x78 CMakeFiles/PicoPro.dir/C_/Users/natol/.pico-sdk/sdk/2.0.0/src/common/pico_time/time.c.obj
                0x10001bf4                alarm_pool_cancel_alarm
 .text.cancel_alarm
                0x10001c6c       0x10 CMakeFiles/PicoPro.dir/C_/Users/natol/.pico-sdk/sdk/2.0.0/src/common/pico_time/time.c.obj
 .text.sleep_until
                0x10001c7c       0xc0 CMakeFiles/PicoPro.dir/C_/Users/natol/.pico-sdk/sdk/2.0.0/src/common/pico_time/time.c.obj
                0x10001c7c                sleep_until
 .text.sleep_us
                0x10001d3c       0x24 CMakeFiles/PicoPro.dir/C_/Users/natol/.pico-sdk/sdk/2.0.0/src/common/pico_time/time.c.obj
                0x10001d3c                sleep_us
 .text.sleep_ms
                0x10001d60       0x14 CMakeFiles/PicoPro.dir/C_/Users/natol/.pico-sdk/sdk/2.0.0/src/common/pico_time/time.c.obj
                0x10001d60                sleep_ms
 .text.best_effort_wfe_or_timeout
                0x10001d74       0xc4 CMakeFiles/PicoPro.dir/C_/Users/natol/.pico-sdk/sdk/2.0.0/src/common/pico_time/time.c.obj
                0x10001d74                best_effort_wfe_or_timeout
 .text.alarm_pool_add_repeating_timer_us
                0x10001e38       0x6c CMakeFiles/PicoPro.dir/C_/Users/natol/.pico-sdk/sdk/2.0.0/src/common/pico_time/time.c.obj
                0x10001e38                alarm_pool_add_repeating_timer_us
 .text.alarm_pool_get_default_timer
                0x10001ea4        0x8 CMakeFiles/PicoPro.dir/C_/Users/natol/.pico-sdk/sdk/2.0.0/src/common/pico_time/time.c.obj
                0x10001ea4                alarm_pool_get_default_timer
 .text.runtime_init_default_alarm_pool
                0x10001eac       0x38 CMakeFiles/PicoPro.dir/C_/Users/natol/.pico-sdk/sdk/2.0.0/src/common/pico_time/time.c.obj
                0x10001eac                runtime_init_default_alarm_pool
 .text.timer_hardware_alarm_claim
                0x10001ee4       0x14 CMakeFiles/PicoPro.dir/C_/Users/natol/.pico-sdk/sdk/2.0.0/src/rp2_common/hardware_timer/timer.c.obj
                0x10001ee4                timer_hardware_alarm_claim
 .text.timer_time_us_64
                0x10001ef8       0x10 CMakeFiles/PicoPro.dir/C_/Users/natol/.pico-sdk/sdk/2.0.0/src/rp2_common/hardware_timer/timer.c.obj
                0x10001ef8                timer_time_us_64
 .text.timer_busy_wait_until
                0x10001f08       0x1a CMakeFiles/PicoPro.dir/C_/Users/natol/.pico-sdk/sdk/2.0.0/src/rp2_common/hardware_timer/timer.c.obj
                0x10001f08                timer_busy_wait_until
 .text.timer_busy_wait_us
                0x10001f22       0x38 CMakeFiles/PicoPro.dir/C_/Users/natol/.pico-sdk/sdk/2.0.0/src/rp2_common/hardware_timer/timer.c.obj
                0x10001f22                timer_busy_wait_us
 *fill*         0x10001f5a        0x2 
 .text.time_us_64
                0x10001f5c       0x10 CMakeFiles/PicoPro.dir/C_/Users/natol/.pico-sdk/sdk/2.0.0/src/rp2_common/hardware_timer/timer.c.obj
                0x10001f5c                time_us_64
 .text.busy_wait_us
                0x10001f6c       0x14 CMakeFiles/PicoPro.dir/C_/Users/natol/.pico-sdk/sdk/2.0.0/src/rp2_common/hardware_timer/timer.c.obj
                0x10001f6c                busy_wait_us
 .text.timer_busy_wait_us_32
                0x10001f80       0x1c CMakeFiles/PicoPro.dir/C_/Users/natol/.pico-sdk/sdk/2.0.0/src/rp2_common/hardware_timer/timer.c.obj
                0x10001f80                timer_busy_wait_us_32
 .text.timer_busy_wait_ms
                0x10001f9c       0x3c CMakeFiles/PicoPro.dir/C_/Users/natol/.pico-sdk/sdk/2.0.0/src/rp2_common/hardware_timer/timer.c.obj
                0x10001f9c                timer_busy_wait_ms
 .text.busy_wait_ms
                0x10001fd8       0x10 CMakeFiles/PicoPro.dir/C_/Users/natol/.pico-sdk/sdk/2.0.0/src/rp2_common/hardware_timer/timer.c.obj
                0x10001fd8                busy_wait_ms
 .text.busy_wait_until
                0x10001fe8       0x14 CMakeFiles/PicoPro.dir/C_/Users/natol/.pico-sdk/sdk/2.0.0/src/rp2_common/hardware_timer/timer.c.obj
                0x10001fe8                busy_wait_until
 .text.uart_unreset
                0x10001ffc       0x2c CMakeFiles/PicoPro.dir/C_/Users/natol/.pico-sdk/sdk/2.0.0/src/rp2_common/hardware_uart/uart.c.obj
 .text.uart_disable_before_lcr_write
                0x10002028       0x48 CMakeFiles/PicoPro.dir/C_/Users/natol/.pico-sdk/sdk/2.0.0/src/rp2_common/hardware_uart/uart.c.obj
 .text.uart_write_lcr_bits_masked
                0x10002070       0x20 CMakeFiles/PicoPro.dir/C_/Users/natol/.pico-sdk/sdk/2.0.0/src/rp2_common/hardware_uart/uart.c.obj
 .text.uart_set_baudrate
                0x10002090       0x5c CMakeFiles/PicoPro.dir/C_/Users/natol/.pico-sdk/sdk/2.0.0/src/rp2_common/hardware_uart/uart.c.obj
                0x10002090                uart_set_baudrate
 .text.uart_set_translate_crlf
                0x100020ec       0x28 CMakeFiles/PicoPro.dir/C_/Users/natol/.pico-sdk/sdk/2.0.0/src/rp2_common/hardware_uart/uart.c.obj
                0x100020ec                uart_set_translate_crlf
 .text.uart_init
                0x10002114       0x64 CMakeFiles/PicoPro.dir/C_/Users/natol/.pico-sdk/sdk/2.0.0/src/rp2_common/hardware_uart/uart.c.obj
                0x10002114                uart_init
 .text.clock_configure_internal
                0x10002178       0xc4 CMakeFiles/PicoPro.dir/C_/Users/natol/.pico-sdk/sdk/2.0.0/src/rp2_common/hardware_clocks/clocks.c.obj
 .text.clock_configure_int_divider
                0x1000223c       0x28 CMakeFiles/PicoPro.dir/C_/Users/natol/.pico-sdk/sdk/2.0.0/src/rp2_common/hardware_clocks/clocks.c.obj
                0x1000223c                clock_configure_int_divider
 .text.clock_configure_undivided
                0x10002264       0x12 CMakeFiles/PicoPro.dir/C_/Users/natol/.pico-sdk/sdk/2.0.0/src/rp2_common/hardware_clocks/clocks.c.obj
                0x10002264                clock_configure_undivided
 *fill*         0x10002276        0x2 
 .text.clock_get_hz
                0x10002278        0xc CMakeFiles/PicoPro.dir/C_/Users/natol/.pico-sdk/sdk/2.0.0/src/rp2_common/hardware_clocks/clocks.c.obj
                0x10002278                clock_get_hz
 .text.set_sys_clock_pll
                0x10002284       0x68 CMakeFiles/PicoPro.dir/C_/Users/natol/.pico-sdk/sdk/2.0.0/src/rp2_common/hardware_clocks/clocks.c.obj
                0x10002284                set_sys_clock_pll
 .text.check_sys_clock_khz
                0x100022ec       0xa4 CMakeFiles/PicoPro.dir/C_/Users/natol/.pico-sdk/sdk/2.0.0/src/rp2_common/hardware_clocks/clocks.c.obj
                0x100022ec                check_sys_clock_khz
 .text.pll_init
                0x10002390      0x124 CMakeFiles/PicoPro.dir/C_/Users/natol/.pico-sdk/sdk/2.0.0/src/rp2_common/hardware_pll/pll.c.obj
                0x10002390                pll_init
 .text.tick_start
                0x100024b4       0x10 CMakeFiles/PicoPro.dir/C_/Users/natol/.pico-sdk/sdk/2.0.0/src/rp2_common/hardware_ticks/ticks.c.obj
                0x100024b4                tick_start
 .text.xosc_init
                0x100024c4       0x28 CMakeFiles/PicoPro.dir/C_/Users/natol/.pico-sdk/sdk/2.0.0/src/rp2_common/hardware_xosc/xosc.c.obj
                0x100024c4                xosc_init
 .text.runtime_run_initializers_from
                0x100024ec       0x18 CMakeFiles/PicoPro.dir/C_/Users/natol/.pico-sdk/sdk/2.0.0/src/rp2_common/pico_runtime/runtime.c.obj
 .text.first_per_core_initializer
                0x10002504        0x2 CMakeFiles/PicoPro.dir/C_/Users/natol/.pico-sdk/sdk/2.0.0/src/rp2_common/pico_runtime/runtime.c.obj
 *fill*         0x10002506        0x2 
 .text.runtime_run_initializers
                0x10002508       0x10 CMakeFiles/PicoPro.dir/C_/Users/natol/.pico-sdk/sdk/2.0.0/src/rp2_common/pico_runtime/runtime.c.obj
                0x10002508                runtime_run_initializers
 .text.runtime_run_per_core_initializers
                0x10002518       0x10 CMakeFiles/PicoPro.dir/C_/Users/natol/.pico-sdk/sdk/2.0.0/src/rp2_common/pico_runtime/runtime.c.obj
                0x10002518                runtime_run_per_core_initializers
 .text.runtime_init_early_resets
                0x10002528       0x2c CMakeFiles/PicoPro.dir/C_/Users/natol/.pico-sdk/sdk/2.0.0/src/rp2_common/pico_runtime_init/runtime_init.c.obj
                0x10002528                runtime_init_early_resets
 .text.runtime_init_usb_power_down
                0x10002554       0x1c CMakeFiles/PicoPro.dir/C_/Users/natol/.pico-sdk/sdk/2.0.0/src/rp2_common/pico_runtime_init/runtime_init.c.obj
                0x10002554                runtime_init_usb_power_down
 .text.runtime_init_post_clock_resets
                0x10002570       0x20 CMakeFiles/PicoPro.dir/C_/Users/natol/.pico-sdk/sdk/2.0.0/src/rp2_common/pico_runtime_init/runtime_init.c.obj
                0x10002570                runtime_init_post_clock_resets
 .text.runtime_init_rp2040_gpio_ie_disable
                0x10002590       0x14 CMakeFiles/PicoPro.dir/C_/Users/natol/.pico-sdk/sdk/2.0.0/src/rp2_common/pico_runtime_init/runtime_init.c.obj
                0x10002590                runtime_init_rp2040_gpio_ie_disable
 .text.runtime_init_spin_locks_reset
                0x100025a4        0x8 CMakeFiles/PicoPro.dir/C_/Users/natol/.pico-sdk/sdk/2.0.0/src/rp2_common/pico_runtime_init/runtime_init.c.obj
                0x100025a4                runtime_init_spin_locks_reset
 .text.runtime_init_install_ram_vector_table
                0x100025ac       0x1c CMakeFiles/PicoPro.dir/C_/Users/natol/.pico-sdk/sdk/2.0.0/src/rp2_common/pico_runtime_init/runtime_init.c.obj
                0x100025ac                runtime_init_install_ram_vector_table
 .text.start_all_ticks
                0x100025c8       0x28 CMakeFiles/PicoPro.dir/C_/Users/natol/.pico-sdk/sdk/2.0.0/src/rp2_common/pico_runtime_init/runtime_init_clocks.c.obj
 .text.runtime_init_clocks
                0x100025f0       0xcc CMakeFiles/PicoPro.dir/C_/Users/natol/.pico-sdk/sdk/2.0.0/src/rp2_common/pico_runtime_init/runtime_init_clocks.c.obj
                0x100025f0                runtime_init_clocks
 .text          0x100026bc       0x10 CMakeFiles/PicoPro.dir/C_/Users/natol/.pico-sdk/sdk/2.0.0/src/rp2_common/pico_bit_ops/bit_ops_aeabi.S.obj
 .text.ctzsi    0x100026cc        0xc CMakeFiles/PicoPro.dir/C_/Users/natol/.pico-sdk/sdk/2.0.0/src/rp2_common/pico_bit_ops/bit_ops_aeabi.S.obj
                0x100026cc                __wrap___ctzsi2
 .text.rom_func_lookup
                0x100026d8       0x10 CMakeFiles/PicoPro.dir/C_/Users/natol/.pico-sdk/sdk/2.0.0/src/rp2_common/pico_bootrom/bootrom.c.obj
                0x100026d8                rom_func_lookup
 .text.rom_data_lookup
                0x100026e8       0x10 CMakeFiles/PicoPro.dir/C_/Users/natol/.pico-sdk/sdk/2.0.0/src/rp2_common/pico_bootrom/bootrom.c.obj
                0x100026e8                rom_data_lookup
 .text.rom_funcs_lookup
                0x100026f8       0x36 CMakeFiles/PicoPro.dir/C_/Users/natol/.pico-sdk/sdk/2.0.0/src/rp2_common/pico_bootrom/bootrom.c.obj
                0x100026f8                rom_funcs_lookup
 *fill*         0x1000272e        0x2 
 .text.__wrap___aeabi_idiv
                0x10002730       0x50 CMakeFiles/PicoPro.dir/C_/Users/natol/.pico-sdk/sdk/2.0.0/src/rp2_common/pico_divider/divider_hardware.S.obj
                0x10002730                __wrap___aeabi_idivmod
                0x10002730                divmod_s32s32
                0x10002730                div_s32s32
                0x10002730                __wrap___aeabi_idiv
                0x10002738                divmod_s32s32_unsafe
                0x10002764                divmod_s32s32_savestate
 .text.__wrap___aeabi_uidiv
                0x10002780       0x4c CMakeFiles/PicoPro.dir/C_/Users/natol/.pico-sdk/sdk/2.0.0/src/rp2_common/pico_divider/divider_hardware.S.obj
                0x10002780                __wrap___aeabi_uidiv
                0x10002780                __wrap___aeabi_uidivmod
                0x10002780                div_u32u32
                0x10002780                divmod_u32u32
                0x10002788                divmod_u32u32_unsafe
                0x100027b0                divmod_u32u32_savestate
 .text.__wrap___aeabi_ldiv
                0x100027cc      0x424 CMakeFiles/PicoPro.dir/C_/Users/natol/.pico-sdk/sdk/2.0.0/src/rp2_common/pico_divider/divider_hardware.S.obj
                0x100027cc                div_s64s64
                0x100027cc                divmod_s64s64
                0x100027cc                __wrap___aeabi_ldivmod
                0x100027fc                divmod_u64u64
                0x100027fc                div_u64u64
                0x100027fc                __wrap___aeabi_uldivmod
                0x1000280c                divmod_u64u64_savestate
                0x1000282c                divmod_s64s64_unsafe
                0x100028b4                divmod_u64u64_unsafe
 .text.__wrap___aeabi_darithmetic
                0x10002bf0       0x80 CMakeFiles/PicoPro.dir/C_/Users/natol/.pico-sdk/sdk/2.0.0/src/rp2_common/pico_double/double_aeabi_rp2040.S.obj
                0x10002bf0                __wrap___aeabi_drsub
                0x10002bf6                __wrap___aeabi_dsub
                0x10002c08                __wrap___aeabi_dadd
                0x10002c1a                __wrap___aeabi_ddiv
                0x10002c56                __wrap___aeabi_dmul
 .text.__wrap___aeabi_cdcmple
                0x10002c70       0x6c CMakeFiles/PicoPro.dir/C_/Users/natol/.pico-sdk/sdk/2.0.0/src/rp2_common/pico_double/double_aeabi_rp2040.S.obj
                0x10002c70                __wrap___aeabi_cdrcmple
                0x10002c80                __wrap___aeabi_cdcmpeq
                0x10002c80                __wrap___aeabi_cdcmple
 .text.__wrap___aeabi_dcmplt
                0x10002cdc        0xc CMakeFiles/PicoPro.dir/C_/Users/natol/.pico-sdk/sdk/2.0.0/src/rp2_common/pico_double/double_aeabi_rp2040.S.obj
                0x10002cdc                __wrap___aeabi_dcmplt
 .text.__wrap___aeabi_dcmple
                0x10002ce8       0x10 CMakeFiles/PicoPro.dir/C_/Users/natol/.pico-sdk/sdk/2.0.0/src/rp2_common/pico_double/double_aeabi_rp2040.S.obj
                0x10002ce8                __wrap___aeabi_dcmple
 .text.__wrap___aeabi_dcmpge
                0x10002cf8       0x10 CMakeFiles/PicoPro.dir/C_/Users/natol/.pico-sdk/sdk/2.0.0/src/rp2_common/pico_double/double_aeabi_rp2040.S.obj
                0x10002cf8                __wrap___aeabi_dcmpge
 .text.__wrap___aeabi_dcmpgt
                0x10002d08        0xa CMakeFiles/PicoPro.dir/C_/Users/natol/.pico-sdk/sdk/2.0.0/src/rp2_common/pico_double/double_aeabi_rp2040.S.obj
                0x10002d08                __wrap___aeabi_dcmpgt
 .text.__wrap___aeabi_dcmpun
                0x10002d12       0x18 CMakeFiles/PicoPro.dir/C_/Users/natol/.pico-sdk/sdk/2.0.0/src/rp2_common/pico_double/double_aeabi_rp2040.S.obj
                0x10002d12                __wrap___aeabi_dcmpun
 *fill*         0x10002d2a        0x2 
 .text.__wrap___aeabi_i2d
                0x10002d2c       0x38 CMakeFiles/PicoPro.dir/C_/Users/natol/.pico-sdk/sdk/2.0.0/src/rp2_common/pico_double/double_aeabi_rp2040.S.obj
                0x10002d2c                __wrap___aeabi_ui2d
                0x10002d34                __wrap___aeabi_i2d
 .text.__wrap___aeabi_d2iz
                0x10002d64       0x48 CMakeFiles/PicoPro.dir/C_/Users/natol/.pico-sdk/sdk/2.0.0/src/rp2_common/pico_double/double_aeabi_rp2040.S.obj
                0x10002d64                double2int_z
                0x10002d64                __wrap___aeabi_d2iz
 .text.__wrap___aeabi_d2uiz
                0x10002dac       0x18 CMakeFiles/PicoPro.dir/C_/Users/natol/.pico-sdk/sdk/2.0.0/src/rp2_common/pico_double/double_aeabi_rp2040.S.obj
                0x10002dac                __wrap___aeabi_d2uiz
                0x10002dac                double2uint
 .text.__aeabi_double_init
                0x10002dc4       0xcc CMakeFiles/PicoPro.dir/C_/Users/natol/.pico-sdk/sdk/2.0.0/src/rp2_common/pico_double/double_init_rom_rp2040.c.obj
                0x10002dc4                __aeabi_double_init
 .text.double_table_shim_on_use_helper
                0x10002e90       0x34 CMakeFiles/PicoPro.dir/C_/Users/natol/.pico-sdk/sdk/2.0.0/src/rp2_common/pico_double/double_v1_rom_shim_rp2040.S.obj
                0x10002e90                double_table_shim_on_use_helper
 .text.__wrap___aeabi_dsub
                0x10002ec4       0x10 CMakeFiles/PicoPro.dir/C_/Users/natol/.pico-sdk/sdk/2.0.0/src/rp2_common/pico_double/double_v1_rom_shim_rp2040.S.obj
                0x10002ec4                drsub_shim
                0x10002eca                dsub_shim
 .text.dadd_shim
                0x10002ed4      0x15c CMakeFiles/PicoPro.dir/C_/Users/natol/.pico-sdk/sdk/2.0.0/src/rp2_common/pico_double/double_v1_rom_shim_rp2040.S.obj
                0x10002ed4                dadd_shim
 .text.dmul_shim
                0x10003030      0x15c CMakeFiles/PicoPro.dir/C_/Users/natol/.pico-sdk/sdk/2.0.0/src/rp2_common/pico_double/double_v1_rom_shim_rp2040.S.obj
                0x10003030                dmul_shim
 .text.ddiv_shim
                0x1000318c      0x1b0 CMakeFiles/PicoPro.dir/C_/Users/natol/.pico-sdk/sdk/2.0.0/src/rp2_common/pico_double/double_v1_rom_shim_rp2040.S.obj
                0x1000318c                ddiv_shim
 .text.double2uint_shim
                0x1000333c        0xe CMakeFiles/PicoPro.dir/C_/Users/natol/.pico-sdk/sdk/2.0.0/src/rp2_common/pico_double/double_v1_rom_shim_rp2040.S.obj
                0x1000333c                double2uint_shim
                0x1000333e                double2ufix_shim
 *fill*         0x1000334a        0x2 
 .text.double2uint64_shim
                0x1000334c       0x70 CMakeFiles/PicoPro.dir/C_/Users/natol/.pico-sdk/sdk/2.0.0/src/rp2_common/pico_double/double_v1_rom_shim_rp2040.S.obj
                0x1000334c                double2uint64_shim
                0x1000334e                double2ufix64_shim
                0x1000336e                d2fix_a
 .text.dunpacks
                0x100033bc       0x3c CMakeFiles/PicoPro.dir/C_/Users/natol/.pico-sdk/sdk/2.0.0/src/rp2_common/pico_double/double_v1_rom_shim_rp2040.S.obj
                0x100033bc                dunpacks
 .text.__aeabi_lmul
                0x100033f8       0x32 CMakeFiles/PicoPro.dir/C_/Users/natol/.pico-sdk/sdk/2.0.0/src/rp2_common/pico_int64_ops/pico_int64_ops_aeabi.S.obj
                0x100033f8                __wrap___aeabi_lmul
 *fill*         0x1000342a        0x2 
 .text.__wrap___aeabi_farithmetic
                0x1000342c       0x58 CMakeFiles/PicoPro.dir/C_/Users/natol/.pico-sdk/sdk/2.0.0/src/rp2_common/pico_float/float_aeabi_rp2040.S.obj
                0x1000342c                __wrap___aeabi_frsub
                0x10003432                __wrap___aeabi_fsub
                0x1000343c                __wrap___aeabi_fadd
                0x10003446                __wrap___aeabi_fdiv
                0x10003472                __wrap___aeabi_fmul
 .text.__wrap___aeabi_ui2f
                0x10003484        0xa CMakeFiles/PicoPro.dir/C_/Users/natol/.pico-sdk/sdk/2.0.0/src/rp2_common/pico_float/float_aeabi_rp2040.S.obj
                0x10003484                __wrap___aeabi_ui2f
                0x10003484                uint2float
 *fill*         0x1000348e        0x2 
 .text.__wrap___aeabi_i2f
                0x10003490       0x44 CMakeFiles/PicoPro.dir/C_/Users/natol/.pico-sdk/sdk/2.0.0/src/rp2_common/pico_float/float_aeabi_rp2040.S.obj
                0x10003490                __wrap___aeabi_i2f
                0x10003490                int2float
 .text.__wrap___aeabi_f2uiz
                0x100034d4       0x10 CMakeFiles/PicoPro.dir/C_/Users/natol/.pico-sdk/sdk/2.0.0/src/rp2_common/pico_float/float_aeabi_rp2040.S.obj
                0x100034d4                __wrap___aeabi_f2uiz
                0x100034d4                float2uint_z
 .text.__aeabi_float_init
                0x100034e4       0xfc CMakeFiles/PicoPro.dir/C_/Users/natol/.pico-sdk/sdk/2.0.0/src/rp2_common/pico_float/float_init_rom_rp2040.c.obj
                0x100034e4                __aeabi_float_init
 .text.float_table_shim_on_use_helper
                0x100035e0       0x34 CMakeFiles/PicoPro.dir/C_/Users/natol/.pico-sdk/sdk/2.0.0/src/rp2_common/pico_float/float_v1_rom_shim_rp2040.S.obj
                0x100035e0                float_table_shim_on_use_helper
 .text.check_alloc
                0x10003614       0x20 CMakeFiles/PicoPro.dir/C_/Users/natol/.pico-sdk/sdk/2.0.0/src/rp2_common/pico_malloc/malloc.c.obj
 .text.__wrap_malloc
                0x10003634       0x2c CMakeFiles/PicoPro.dir/C_/Users/natol/.pico-sdk/sdk/2.0.0/src/rp2_common/pico_malloc/malloc.c.obj
                0x10003634                __wrap_malloc
 .text.__wrap_calloc
                0x10003660       0x30 CMakeFiles/PicoPro.dir/C_/Users/natol/.pico-sdk/sdk/2.0.0/src/rp2_common/pico_malloc/malloc.c.obj
                0x10003660                __wrap_calloc
 .text          0x10003690       0x10 CMakeFiles/PicoPro.dir/C_/Users/natol/.pico-sdk/sdk/2.0.0/src/rp2_common/pico_mem_ops/mem_ops_aeabi.S.obj
                0x10003690                __aeabi_mem_init
 .text.memset   0x100036a0        0xc CMakeFiles/PicoPro.dir/C_/Users/natol/.pico-sdk/sdk/2.0.0/src/rp2_common/pico_mem_ops/mem_ops_aeabi.S.obj
                0x100036a0                __wrap_memset
 .text.memcpy   0x100036ac        0xc CMakeFiles/PicoPro.dir/C_/Users/natol/.pico-sdk/sdk/2.0.0/src/rp2_common/pico_mem_ops/mem_ops_aeabi.S.obj
                0x100036ac                __wrap_memcpy
                0x100036ac                __wrap___aeabi_memcpy
 .text._out_buffer
                0x100036b8        0x8 CMakeFiles/PicoPro.dir/C_/Users/natol/.pico-sdk/sdk/2.0.0/src/rp2_common/pico_printf/printf.c.obj
 .text._out_null
                0x100036c0        0x2 CMakeFiles/PicoPro.dir/C_/Users/natol/.pico-sdk/sdk/2.0.0/src/rp2_common/pico_printf/printf.c.obj
 .text._out_fct
                0x100036c2        0xe CMakeFiles/PicoPro.dir/C_/Users/natol/.pico-sdk/sdk/2.0.0/src/rp2_common/pico_printf/printf.c.obj
 .text._atoi    0x100036d0       0x24 CMakeFiles/PicoPro.dir/C_/Users/natol/.pico-sdk/sdk/2.0.0/src/rp2_common/pico_printf/printf.c.obj
 .text._out_rev
                0x100036f4       0xae CMakeFiles/PicoPro.dir/C_/Users/natol/.pico-sdk/sdk/2.0.0/src/rp2_common/pico_printf/printf.c.obj
 .text._ntoa_format
                0x100037a2      0x110 CMakeFiles/PicoPro.dir/C_/Users/natol/.pico-sdk/sdk/2.0.0/src/rp2_common/pico_printf/printf.c.obj
 .text._ntoa_long
                0x100038b2       0xbc CMakeFiles/PicoPro.dir/C_/Users/natol/.pico-sdk/sdk/2.0.0/src/rp2_common/pico_printf/printf.c.obj
 .text._ntoa_long_long
                0x1000396e      0x10e CMakeFiles/PicoPro.dir/C_/Users/natol/.pico-sdk/sdk/2.0.0/src/rp2_common/pico_printf/printf.c.obj
 .text._etoa    0x10003a7c      0x420 CMakeFiles/PicoPro.dir/C_/Users/natol/.pico-sdk/sdk/2.0.0/src/rp2_common/pico_printf/printf.c.obj
 .text._ftoa    0x10003e9c      0x354 CMakeFiles/PicoPro.dir/C_/Users/natol/.pico-sdk/sdk/2.0.0/src/rp2_common/pico_printf/printf.c.obj
 .text._vsnprintf
                0x100041f0      0x668 CMakeFiles/PicoPro.dir/C_/Users/natol/.pico-sdk/sdk/2.0.0/src/rp2_common/pico_printf/printf.c.obj
 .text.__wrap_sprintf
                0x10004858       0x2c CMakeFiles/PicoPro.dir/C_/Users/natol/.pico-sdk/sdk/2.0.0/src/rp2_common/pico_printf/printf.c.obj
                0x10004858                __wrap_sprintf
 .text.vfctprintf
                0x10004884       0x20 CMakeFiles/PicoPro.dir/C_/Users/natol/.pico-sdk/sdk/2.0.0/src/rp2_common/pico_printf/printf.c.obj
                0x10004884                vfctprintf
 .text._exit    0x100048a4        0x4 CMakeFiles/PicoPro.dir/C_/Users/natol/.pico-sdk/sdk/2.0.0/src/rp2_common/pico_clib_interface/newlib_interface.c.obj
                0x100048a4                _exit
 .text._sbrk    0x100048a8       0x38 CMakeFiles/PicoPro.dir/C_/Users/natol/.pico-sdk/sdk/2.0.0/src/rp2_common/pico_clib_interface/newlib_interface.c.obj
                0x100048a8                _sbrk
 .text._read    0x100048e0       0x24 CMakeFiles/PicoPro.dir/C_/Users/natol/.pico-sdk/sdk/2.0.0/src/rp2_common/pico_clib_interface/newlib_interface.c.obj
                0x100048e0                _read
 .text._write   0x10004904       0x22 CMakeFiles/PicoPro.dir/C_/Users/natol/.pico-sdk/sdk/2.0.0/src/rp2_common/pico_clib_interface/newlib_interface.c.obj
                0x10004904                _write
 .text._close   0x10004926        0x6 CMakeFiles/PicoPro.dir/C_/Users/natol/.pico-sdk/sdk/2.0.0/src/rp2_common/pico_clib_interface/newlib_interface.c.obj
                0x10004926                _close
 .text._lseek   0x1000492c        0x6 CMakeFiles/PicoPro.dir/C_/Users/natol/.pico-sdk/sdk/2.0.0/src/rp2_common/pico_clib_interface/newlib_interface.c.obj
                0x1000492c                _lseek
 .text.exit     0x10004932        0x6 CMakeFiles/PicoPro.dir/C_/Users/natol/.pico-sdk/sdk/2.0.0/src/rp2_common/pico_clib_interface/newlib_interface.c.obj
                0x10004932                exit
 .text.__assert_func
                0x10004938       0x38 CMakeFiles/PicoPro.dir/C_/Users/natol/.pico-sdk/sdk/2.0.0/src/rp2_common/pico_clib_interface/newlib_interface.c.obj
                0x10004938                __assert_func
 .text.runtime_init
                0x10004970       0x28 CMakeFiles/PicoPro.dir/C_/Users/natol/.pico-sdk/sdk/2.0.0/src/rp2_common/pico_clib_interface/newlib_interface.c.obj
                0x10004970                runtime_init
 .text.stdio_out_chars_no_crlf
                0x10004998        0xe CMakeFiles/PicoPro.dir/C_/Users/natol/.pico-sdk/sdk/2.0.0/src/rp2_common/pico_stdio/stdio.c.obj
 *fill*         0x100049a6        0x2 
 .text.stdio_out_chars_crlf
                0x100049a8       0x80 CMakeFiles/PicoPro.dir/C_/Users/natol/.pico-sdk/sdk/2.0.0/src/rp2_common/pico_stdio/stdio.c.obj
 .text.stdio_stack_buffer_flush
                0x10004a28       0x44 CMakeFiles/PicoPro.dir/C_/Users/natol/.pico-sdk/sdk/2.0.0/src/rp2_common/pico_stdio/stdio.c.obj
 .text.stdio_buffered_printer
                0x10004a6c       0x20 CMakeFiles/PicoPro.dir/C_/Users/natol/.pico-sdk/sdk/2.0.0/src/rp2_common/pico_stdio/stdio.c.obj
 .text.stdout_serialize_begin
                0x10004a8c       0x30 CMakeFiles/PicoPro.dir/C_/Users/natol/.pico-sdk/sdk/2.0.0/src/rp2_common/pico_stdio/stdio.c.obj
                0x10004a8c                stdout_serialize_begin
 .text.stdout_serialize_end
                0x10004abc       0x10 CMakeFiles/PicoPro.dir/C_/Users/natol/.pico-sdk/sdk/2.0.0/src/rp2_common/pico_stdio/stdio.c.obj
                0x10004abc                stdout_serialize_end
 .text.stdio_put_string
                0x10004acc       0x94 CMakeFiles/PicoPro.dir/C_/Users/natol/.pico-sdk/sdk/2.0.0/src/rp2_common/pico_stdio/stdio.c.obj
                0x10004acc                stdio_put_string
 .text.stdio_get_until
                0x10004b60       0x74 CMakeFiles/PicoPro.dir/C_/Users/natol/.pico-sdk/sdk/2.0.0/src/rp2_common/pico_stdio/stdio.c.obj
                0x10004b60                stdio_get_until
 .text.stdio_set_driver_enabled
                0x10004bd4       0x2c CMakeFiles/PicoPro.dir/C_/Users/natol/.pico-sdk/sdk/2.0.0/src/rp2_common/pico_stdio/stdio.c.obj
                0x10004bd4                stdio_set_driver_enabled
 .text.stdio_flush
                0x10004c00       0x20 CMakeFiles/PicoPro.dir/C_/Users/natol/.pico-sdk/sdk/2.0.0/src/rp2_common/pico_stdio/stdio.c.obj
                0x10004c00                stdio_flush
 .text.stdio_init_all
                0x10004c20        0xa CMakeFiles/PicoPro.dir/C_/Users/natol/.pico-sdk/sdk/2.0.0/src/rp2_common/pico_stdio/stdio.c.obj
                0x10004c20                stdio_init_all
 .text.__wrap_puts
                0x10004c2a       0x1e CMakeFiles/PicoPro.dir/C_/Users/natol/.pico-sdk/sdk/2.0.0/src/rp2_common/pico_stdio/stdio.c.obj
                0x10004c2a                stdio_puts
                0x10004c2a                __wrap_puts
 .text.__wrap_vprintf
                0x10004c48       0x40 CMakeFiles/PicoPro.dir/C_/Users/natol/.pico-sdk/sdk/2.0.0/src/rp2_common/pico_stdio/stdio.c.obj
                0x10004c48                stdio_vprintf
                0x10004c48                __wrap_vprintf
 .text.__wrap_printf
                0x10004c88       0x18 CMakeFiles/PicoPro.dir/C_/Users/natol/.pico-sdk/sdk/2.0.0/src/rp2_common/pico_stdio/stdio.c.obj
                0x10004c88                __wrap_printf
                0x10004c88                stdio_printf
 .text.uart_putc
                0x10004ca0       0x60 CMakeFiles/PicoPro.dir/C_/Users/natol/.pico-sdk/sdk/2.0.0/src/rp2_common/pico_stdio_uart/stdio_uart.c.obj
 .text.uart_getc
                0x10004d00       0x24 CMakeFiles/PicoPro.dir/C_/Users/natol/.pico-sdk/sdk/2.0.0/src/rp2_common/pico_stdio_uart/stdio_uart.c.obj
 .text.stdio_uart_out_chars
                0x10004d24       0x20 CMakeFiles/PicoPro.dir/C_/Users/natol/.pico-sdk/sdk/2.0.0/src/rp2_common/pico_stdio_uart/stdio_uart.c.obj
 .text.stdio_uart_in_chars
                0x10004d44       0x5c CMakeFiles/PicoPro.dir/C_/Users/natol/.pico-sdk/sdk/2.0.0/src/rp2_common/pico_stdio_uart/stdio_uart.c.obj
                0x10004d44                stdio_uart_in_chars
 .text.on_uart_rx
                0x10004da0       0x28 CMakeFiles/PicoPro.dir/C_/Users/natol/.pico-sdk/sdk/2.0.0/src/rp2_common/pico_stdio_uart/stdio_uart.c.obj
 .text.stdio_uart_out_flush
                0x10004dc8       0x10 CMakeFiles/PicoPro.dir/C_/Users/natol/.pico-sdk/sdk/2.0.0/src/rp2_common/pico_stdio_uart/stdio_uart.c.obj
 .text.stdio_uart_set_chars_available_callback
                0x10004dd8       0x8c CMakeFiles/PicoPro.dir/C_/Users/natol/.pico-sdk/sdk/2.0.0/src/rp2_common/pico_stdio_uart/stdio_uart.c.obj
 .text.stdio_uart_init_full
                0x10004e64       0x44 CMakeFiles/PicoPro.dir/C_/Users/natol/.pico-sdk/sdk/2.0.0/src/rp2_common/pico_stdio_uart/stdio_uart.c.obj
                0x10004e64                stdio_uart_init_full
 .text.stdio_uart_init
                0x10004ea8       0x30 CMakeFiles/PicoPro.dir/C_/Users/natol/.pico-sdk/sdk/2.0.0/src/rp2_common/pico_stdio_uart/stdio_uart.c.obj
                0x10004ea8                stdio_uart_init
 .text._hw_endpoint_alloc
                0x10004ed8       0x70 CMakeFiles/PicoPro.dir/C_/Users/natol/.pico-sdk/sdk/2.0.0/lib/tinyusb/src/portable/raspberrypi/rp2040/dcd_rp2040.c.obj
 .text.hw_endpoint_init
                0x10004f48       0xbc CMakeFiles/PicoPro.dir/C_/Users/natol/.pico-sdk/sdk/2.0.0/lib/tinyusb/src/portable/raspberrypi/rp2040/dcd_rp2040.c.obj
 .text.hw_endpoint_xfer
                0x10005004       0x20 CMakeFiles/PicoPro.dir/C_/Users/natol/.pico-sdk/sdk/2.0.0/lib/tinyusb/src/portable/raspberrypi/rp2040/dcd_rp2040.c.obj
 .text.dcd_int_enable
                0x10005024       0x2c CMakeFiles/PicoPro.dir/C_/Users/natol/.pico-sdk/sdk/2.0.0/lib/tinyusb/src/portable/raspberrypi/rp2040/dcd_rp2040.c.obj
                0x10005024                dcd_int_enable
 .text.dcd_set_address
                0x10005050       0x2c CMakeFiles/PicoPro.dir/C_/Users/natol/.pico-sdk/sdk/2.0.0/lib/tinyusb/src/portable/raspberrypi/rp2040/dcd_rp2040.c.obj
                0x10005050                dcd_set_address
 .text.dcd_connect
                0x1000507c       0x10 CMakeFiles/PicoPro.dir/C_/Users/natol/.pico-sdk/sdk/2.0.0/lib/tinyusb/src/portable/raspberrypi/rp2040/dcd_rp2040.c.obj
                0x1000507c                dcd_connect
 .text.dcd_init
                0x1000508c       0x80 CMakeFiles/PicoPro.dir/C_/Users/natol/.pico-sdk/sdk/2.0.0/lib/tinyusb/src/portable/raspberrypi/rp2040/dcd_rp2040.c.obj
                0x1000508c                dcd_init
 .text.dcd_sof_enable
                0x1000510c       0x1c CMakeFiles/PicoPro.dir/C_/Users/natol/.pico-sdk/sdk/2.0.0/lib/tinyusb/src/portable/raspberrypi/rp2040/dcd_rp2040.c.obj
                0x1000510c                dcd_sof_enable
 .text.dcd_edpt0_status_complete
                0x10005128       0x1c CMakeFiles/PicoPro.dir/C_/Users/natol/.pico-sdk/sdk/2.0.0/lib/tinyusb/src/portable/raspberrypi/rp2040/dcd_rp2040.c.obj
                0x10005128                dcd_edpt0_status_complete
 .text.dcd_edpt_open
                0x10005144       0x40 CMakeFiles/PicoPro.dir/C_/Users/natol/.pico-sdk/sdk/2.0.0/lib/tinyusb/src/portable/raspberrypi/rp2040/dcd_rp2040.c.obj
                0x10005144                dcd_edpt_open
 .text.dcd_edpt_close_all
                0x10005184        0x8 CMakeFiles/PicoPro.dir/C_/Users/natol/.pico-sdk/sdk/2.0.0/lib/tinyusb/src/portable/raspberrypi/rp2040/dcd_rp2040.c.obj
                0x10005184                dcd_edpt_close_all
 .text.dcd_edpt_xfer
                0x1000518c       0x30 CMakeFiles/PicoPro.dir/C_/Users/natol/.pico-sdk/sdk/2.0.0/lib/tinyusb/src/portable/raspberrypi/rp2040/dcd_rp2040.c.obj
                0x1000518c                dcd_edpt_xfer
 .text.dcd_edpt_stall
                0x100051bc       0x3c CMakeFiles/PicoPro.dir/C_/Users/natol/.pico-sdk/sdk/2.0.0/lib/tinyusb/src/portable/raspberrypi/rp2040/dcd_rp2040.c.obj
                0x100051bc                dcd_edpt_stall
 .text.dcd_edpt_clear_stall
                0x100051f8       0x30 CMakeFiles/PicoPro.dir/C_/Users/natol/.pico-sdk/sdk/2.0.0/lib/tinyusb/src/portable/raspberrypi/rp2040/dcd_rp2040.c.obj
                0x100051f8                dcd_edpt_clear_stall
 .text.unaligned_memcpy
                0x10005228       0x14 CMakeFiles/PicoPro.dir/C_/Users/natol/.pico-sdk/sdk/2.0.0/lib/tinyusb/src/portable/raspberrypi/rp2040/rp2040_usb.c.obj
 .text.rp2040_usb_init
                0x1000523c       0x44 CMakeFiles/PicoPro.dir/C_/Users/natol/.pico-sdk/sdk/2.0.0/lib/tinyusb/src/portable/raspberrypi/rp2040/rp2040_usb.c.obj
                0x1000523c                rp2040_usb_init
 .text.hw_endpoint_xfer_start
                0x10005280       0x60 CMakeFiles/PicoPro.dir/C_/Users/natol/.pico-sdk/sdk/2.0.0/lib/tinyusb/src/portable/raspberrypi/rp2040/rp2040_usb.c.obj
                0x10005280                hw_endpoint_xfer_start
 .text.tud_vendor_control_xfer_cb
                0x100052e0        0x4 CMakeFiles/PicoPro.dir/C_/Users/natol/.pico-sdk/sdk/2.0.0/lib/tinyusb/src/device/usbd.c.obj
                0x100052e0                tud_vendor_control_xfer_cb
 .text.configuration_reset
                0x100052e4       0x7c CMakeFiles/PicoPro.dir/C_/Users/natol/.pico-sdk/sdk/2.0.0/lib/tinyusb/src/device/usbd.c.obj
 .text.critical_section_enter_blocking
                0x10005360       0x16 CMakeFiles/PicoPro.dir/C_/Users/natol/.pico-sdk/sdk/2.0.0/lib/tinyusb/src/device/usbd.c.obj
 .text.usbd_reset
                0x10005376        0xc CMakeFiles/PicoPro.dir/C_/Users/natol/.pico-sdk/sdk/2.0.0/lib/tinyusb/src/device/usbd.c.obj
 .text.invoke_class_control
                0x10005382       0x1a CMakeFiles/PicoPro.dir/C_/Users/natol/.pico-sdk/sdk/2.0.0/lib/tinyusb/src/device/usbd.c.obj
 .text.process_set_config
                0x1000539c      0x170 CMakeFiles/PicoPro.dir/C_/Users/natol/.pico-sdk/sdk/2.0.0/lib/tinyusb/src/device/usbd.c.obj
 .text.tud_event_hook_cb
                0x1000550c        0x2 CMakeFiles/PicoPro.dir/C_/Users/natol/.pico-sdk/sdk/2.0.0/lib/tinyusb/src/device/usbd.c.obj
                0x1000550c                tud_event_hook_cb
 .text.tud_sof_cb
                0x1000550e        0x2 CMakeFiles/PicoPro.dir/C_/Users/natol/.pico-sdk/sdk/2.0.0/lib/tinyusb/src/device/usbd.c.obj
                0x1000550e                tud_sof_cb
 .text.tud_descriptor_bos_cb
                0x10005510        0x4 CMakeFiles/PicoPro.dir/C_/Users/natol/.pico-sdk/sdk/2.0.0/lib/tinyusb/src/device/usbd.c.obj
                0x10005510                tud_descriptor_bos_cb
 .text.tud_descriptor_device_qualifier_cb
                0x10005514        0x4 CMakeFiles/PicoPro.dir/C_/Users/natol/.pico-sdk/sdk/2.0.0/lib/tinyusb/src/device/usbd.c.obj
                0x10005514                tud_descriptor_device_qualifier_cb
 .text.tud_descriptor_other_speed_configuration_cb
                0x10005518        0x4 CMakeFiles/PicoPro.dir/C_/Users/natol/.pico-sdk/sdk/2.0.0/lib/tinyusb/src/device/usbd.c.obj
                0x10005518                tud_descriptor_other_speed_configuration_cb
 .text.process_get_descriptor
                0x1000551c       0xe0 CMakeFiles/PicoPro.dir/C_/Users/natol/.pico-sdk/sdk/2.0.0/lib/tinyusb/src/device/usbd.c.obj
 .text.tud_mount_cb
                0x100055fc        0x2 CMakeFiles/PicoPro.dir/C_/Users/natol/.pico-sdk/sdk/2.0.0/lib/tinyusb/src/device/usbd.c.obj
                0x100055fc                tud_mount_cb
 .text.tud_umount_cb
                0x100055fe        0x2 CMakeFiles/PicoPro.dir/C_/Users/natol/.pico-sdk/sdk/2.0.0/lib/tinyusb/src/device/usbd.c.obj
                0x100055fe                tud_umount_cb
 .text.tud_suspend_cb
                0x10005600        0x2 CMakeFiles/PicoPro.dir/C_/Users/natol/.pico-sdk/sdk/2.0.0/lib/tinyusb/src/device/usbd.c.obj
                0x10005600                tud_suspend_cb
 .text.tud_resume_cb
                0x10005602        0x2 CMakeFiles/PicoPro.dir/C_/Users/natol/.pico-sdk/sdk/2.0.0/lib/tinyusb/src/device/usbd.c.obj
                0x10005602                tud_resume_cb
 .text.tud_inited
                0x10005604       0x14 CMakeFiles/PicoPro.dir/C_/Users/natol/.pico-sdk/sdk/2.0.0/lib/tinyusb/src/device/usbd.c.obj
                0x10005604                tud_inited
 .text.tud_init
                0x10005618       0xd4 CMakeFiles/PicoPro.dir/C_/Users/natol/.pico-sdk/sdk/2.0.0/lib/tinyusb/src/device/usbd.c.obj
                0x10005618                tud_init
 .text.usbd_edpt_open
                0x100056ec       0x60 CMakeFiles/PicoPro.dir/C_/Users/natol/.pico-sdk/sdk/2.0.0/lib/tinyusb/src/device/usbd.c.obj
                0x100056ec                usbd_edpt_open
 .text.usbd_open_edpt_pair
                0x1000574c       0x8c CMakeFiles/PicoPro.dir/C_/Users/natol/.pico-sdk/sdk/2.0.0/lib/tinyusb/src/device/usbd.c.obj
                0x1000574c                usbd_open_edpt_pair
 .text.usbd_edpt_claim
                0x100057d8       0x28 CMakeFiles/PicoPro.dir/C_/Users/natol/.pico-sdk/sdk/2.0.0/lib/tinyusb/src/device/usbd.c.obj
                0x100057d8                usbd_edpt_claim
 .text.usbd_edpt_xfer
                0x10005800       0x88 CMakeFiles/PicoPro.dir/C_/Users/natol/.pico-sdk/sdk/2.0.0/lib/tinyusb/src/device/usbd.c.obj
                0x10005800                usbd_edpt_xfer
 .text.usbd_edpt_stall
                0x10005888       0x34 CMakeFiles/PicoPro.dir/C_/Users/natol/.pico-sdk/sdk/2.0.0/lib/tinyusb/src/device/usbd.c.obj
                0x10005888                usbd_edpt_stall
 .text.usbd_edpt_clear_stall
                0x100058bc       0x34 CMakeFiles/PicoPro.dir/C_/Users/natol/.pico-sdk/sdk/2.0.0/lib/tinyusb/src/device/usbd.c.obj
                0x100058bc                usbd_edpt_clear_stall
 .text.usbd_edpt_stalled
                0x100058f0       0x1c CMakeFiles/PicoPro.dir/C_/Users/natol/.pico-sdk/sdk/2.0.0/lib/tinyusb/src/device/usbd.c.obj
                0x100058f0                usbd_edpt_stalled
 .text.process_control_request
                0x1000590c      0x38c CMakeFiles/PicoPro.dir/C_/Users/natol/.pico-sdk/sdk/2.0.0/lib/tinyusb/src/device/usbd.c.obj
 .text.tud_task_ext
                0x10005c98      0x1c4 CMakeFiles/PicoPro.dir/C_/Users/natol/.pico-sdk/sdk/2.0.0/lib/tinyusb/src/device/usbd.c.obj
                0x10005c98                tud_task_ext
 .text._status_stage_xact
                0x10005e5c       0x1a CMakeFiles/PicoPro.dir/C_/Users/natol/.pico-sdk/sdk/2.0.0/lib/tinyusb/src/device/usbd_control.c.obj
 *fill*         0x10005e76        0x2 
 .text._data_stage_xact
                0x10005e78       0x60 CMakeFiles/PicoPro.dir/C_/Users/natol/.pico-sdk/sdk/2.0.0/lib/tinyusb/src/device/usbd_control.c.obj
 .text.tud_control_status
                0x10005ed8       0x28 CMakeFiles/PicoPro.dir/C_/Users/natol/.pico-sdk/sdk/2.0.0/lib/tinyusb/src/device/usbd_control.c.obj
                0x10005ed8                tud_control_status
 .text.tud_control_xfer
                0x10005f00       0x98 CMakeFiles/PicoPro.dir/C_/Users/natol/.pico-sdk/sdk/2.0.0/lib/tinyusb/src/device/usbd_control.c.obj
                0x10005f00                tud_control_xfer
 .text.usbd_control_reset
                0x10005f98       0x14 CMakeFiles/PicoPro.dir/C_/Users/natol/.pico-sdk/sdk/2.0.0/lib/tinyusb/src/device/usbd_control.c.obj
                0x10005f98                usbd_control_reset
 .text.usbd_control_set_complete_callback
                0x10005fac        0xc CMakeFiles/PicoPro.dir/C_/Users/natol/.pico-sdk/sdk/2.0.0/lib/tinyusb/src/device/usbd_control.c.obj
                0x10005fac                usbd_control_set_complete_callback
 .text.usbd_control_set_request
                0x10005fb8       0x1c CMakeFiles/PicoPro.dir/C_/Users/natol/.pico-sdk/sdk/2.0.0/lib/tinyusb/src/device/usbd_control.c.obj
                0x10005fb8                usbd_control_set_request
 .text.usbd_control_xfer_cb
                0x10005fd4       0xe0 CMakeFiles/PicoPro.dir/C_/Users/natol/.pico-sdk/sdk/2.0.0/lib/tinyusb/src/device/usbd_control.c.obj
                0x10005fd4                usbd_control_xfer_cb
 .text.tud_hid_set_protocol_cb
                0x100060b4        0x2 CMakeFiles/PicoPro.dir/C_/Users/natol/.pico-sdk/sdk/2.0.0/lib/tinyusb/src/class/hid/hid_device.c.obj
                0x100060b4                tud_hid_set_protocol_cb
 .text.tud_hid_set_idle_cb
                0x100060b6        0x4 CMakeFiles/PicoPro.dir/C_/Users/natol/.pico-sdk/sdk/2.0.0/lib/tinyusb/src/class/hid/hid_device.c.obj
                0x100060b6                tud_hid_set_idle_cb
 .text.tud_hid_report_complete_cb
                0x100060ba        0x2 CMakeFiles/PicoPro.dir/C_/Users/natol/.pico-sdk/sdk/2.0.0/lib/tinyusb/src/class/hid/hid_device.c.obj
                0x100060ba                tud_hid_report_complete_cb
 .text.tud_hid_report_failed_cb
                0x100060bc        0x2 CMakeFiles/PicoPro.dir/C_/Users/natol/.pico-sdk/sdk/2.0.0/lib/tinyusb/src/class/hid/hid_device.c.obj
                0x100060bc                tud_hid_report_failed_cb
 *fill*         0x100060be        0x2 
 .text.tud_hid_n_report
                0x100060c0       0x88 CMakeFiles/PicoPro.dir/C_/Users/natol/.pico-sdk/sdk/2.0.0/lib/tinyusb/src/class/hid/hid_device.c.obj
                0x100060c0                tud_hid_n_report
 .text.hidd_deinit
                0x10006148        0x4 CMakeFiles/PicoPro.dir/C_/Users/natol/.pico-sdk/sdk/2.0.0/lib/tinyusb/src/class/hid/hid_device.c.obj
                0x10006148                hidd_deinit
 .text.hidd_reset
                0x1000614c       0x14 CMakeFiles/PicoPro.dir/C_/Users/natol/.pico-sdk/sdk/2.0.0/lib/tinyusb/src/class/hid/hid_device.c.obj
                0x1000614c                hidd_reset
 .text.hidd_init
                0x10006160        0xa CMakeFiles/PicoPro.dir/C_/Users/natol/.pico-sdk/sdk/2.0.0/lib/tinyusb/src/class/hid/hid_device.c.obj
                0x10006160                hidd_init
 *fill*         0x1000616a        0x2 
 .text.hidd_open
                0x1000616c       0xf8 CMakeFiles/PicoPro.dir/C_/Users/natol/.pico-sdk/sdk/2.0.0/lib/tinyusb/src/class/hid/hid_device.c.obj
                0x1000616c                hidd_open
 .text.hidd_control_xfer_cb
                0x10006264      0x28c CMakeFiles/PicoPro.dir/C_/Users/natol/.pico-sdk/sdk/2.0.0/lib/tinyusb/src/class/hid/hid_device.c.obj
                0x10006264                hidd_control_xfer_cb
 .text.hidd_xfer_cb
                0x100064f0       0xbc CMakeFiles/PicoPro.dir/C_/Users/natol/.pico-sdk/sdk/2.0.0/lib/tinyusb/src/class/hid/hid_device.c.obj
                0x100064f0                hidd_xfer_cb
 .text.tu_edpt_claim
                0x100065ac       0x50 CMakeFiles/PicoPro.dir/C_/Users/natol/.pico-sdk/sdk/2.0.0/lib/tinyusb/src/tusb.c.obj
                0x100065ac                tu_edpt_claim
 .text.tu_edpt_release
                0x100065fc       0x38 CMakeFiles/PicoPro.dir/C_/Users/natol/.pico-sdk/sdk/2.0.0/lib/tinyusb/src/tusb.c.obj
                0x100065fc                tu_edpt_release
 .text.tu_edpt_validate
                0x10006634       0xac CMakeFiles/PicoPro.dir/C_/Users/natol/.pico-sdk/sdk/2.0.0/lib/tinyusb/src/tusb.c.obj
                0x10006634                tu_edpt_validate
 .text.tu_edpt_bind_driver
                0x100066e0       0x26 CMakeFiles/PicoPro.dir/C_/Users/natol/.pico-sdk/sdk/2.0.0/lib/tinyusb/src/tusb.c.obj
                0x100066e0                tu_edpt_bind_driver
 .text.tu_desc_get_interface_total_len
                0x10006706       0x3e CMakeFiles/PicoPro.dir/C_/Users/natol/.pico-sdk/sdk/2.0.0/lib/tinyusb/src/tusb.c.obj
                0x10006706                tu_desc_get_interface_total_len
 .text.advance_index
                0x10006744       0x1a CMakeFiles/PicoPro.dir/C_/Users/natol/.pico-sdk/sdk/2.0.0/lib/tinyusb/src/common/tusb_fifo.c.obj
 .text._tu_fifo_peek
                0x1000675e       0x56 CMakeFiles/PicoPro.dir/C_/Users/natol/.pico-sdk/sdk/2.0.0/lib/tinyusb/src/common/tusb_fifo.c.obj
 .text.tu_fifo_empty
                0x100067b4        0xe CMakeFiles/PicoPro.dir/C_/Users/natol/.pico-sdk/sdk/2.0.0/lib/tinyusb/src/common/tusb_fifo.c.obj
                0x100067b4                tu_fifo_empty
 .text.tu_fifo_full
                0x100067c2       0x28 CMakeFiles/PicoPro.dir/C_/Users/natol/.pico-sdk/sdk/2.0.0/lib/tinyusb/src/common/tusb_fifo.c.obj
                0x100067c2                tu_fifo_full
 .text.tu_fifo_read
                0x100067ea       0x42 CMakeFiles/PicoPro.dir/C_/Users/natol/.pico-sdk/sdk/2.0.0/lib/tinyusb/src/common/tusb_fifo.c.obj
                0x100067ea                tu_fifo_read
 .text.tu_fifo_write
                0x1000682c       0x64 CMakeFiles/PicoPro.dir/C_/Users/natol/.pico-sdk/sdk/2.0.0/lib/tinyusb/src/common/tusb_fifo.c.obj
                0x1000682c                tu_fifo_write
 .text.tu_fifo_clear
                0x10006890       0x3e CMakeFiles/PicoPro.dir/C_/Users/natol/.pico-sdk/sdk/2.0.0/lib/tinyusb/src/common/tusb_fifo.c.obj
                0x10006890                tu_fifo_clear
 *fill*         0x100068ce        0x2 
 .text.get_driver
                0x100068d0       0x3c CMakeFiles/PicoPro.dir/C_/Users/natol/.pico-sdk/sdk/2.0.0/lib/tinyusb/src/host/usbh.c.obj
 .text._control_blocking_complete_cb
                0x1000690c        0x8 CMakeFiles/PicoPro.dir/C_/Users/natol/.pico-sdk/sdk/2.0.0/lib/tinyusb/src/host/usbh.c.obj
 .text.get_new_address
                0x10006914       0x34 CMakeFiles/PicoPro.dir/C_/Users/natol/.pico-sdk/sdk/2.0.0/lib/tinyusb/src/host/usbh.c.obj
 .text.clear_device
                0x10006948       0x26 CMakeFiles/PicoPro.dir/C_/Users/natol/.pico-sdk/sdk/2.0.0/lib/tinyusb/src/host/usbh.c.obj
 *fill*         0x1000696e        0x2 
 .text._control_xfer_complete
                0x10006970       0x64 CMakeFiles/PicoPro.dir/C_/Users/natol/.pico-sdk/sdk/2.0.0/lib/tinyusb/src/host/usbh.c.obj
 .text.process_removing_device
                0x100069d4      0x118 CMakeFiles/PicoPro.dir/C_/Users/natol/.pico-sdk/sdk/2.0.0/lib/tinyusb/src/host/usbh.c.obj
 .text.enum_full_complete
                0x10006aec       0x20 CMakeFiles/PicoPro.dir/C_/Users/natol/.pico-sdk/sdk/2.0.0/lib/tinyusb/src/host/usbh.c.obj
 .text.critical_section_enter_blocking
                0x10006b0c       0x16 CMakeFiles/PicoPro.dir/C_/Users/natol/.pico-sdk/sdk/2.0.0/lib/tinyusb/src/host/usbh.c.obj
 *fill*         0x10006b22        0x2 
 .text._parse_configuration_descriptor
                0x10006b24      0x11c CMakeFiles/PicoPro.dir/C_/Users/natol/.pico-sdk/sdk/2.0.0/lib/tinyusb/src/host/usbh.c.obj
 .text.tuh_event_hook_cb
                0x10006c40        0x2 CMakeFiles/PicoPro.dir/C_/Users/natol/.pico-sdk/sdk/2.0.0/lib/tinyusb/src/host/usbh.c.obj
                0x10006c40                tuh_event_hook_cb
 *fill*         0x10006c42        0x2 
 .text.tuh_vid_pid_get
                0x10006c44       0x40 CMakeFiles/PicoPro.dir/C_/Users/natol/.pico-sdk/sdk/2.0.0/lib/tinyusb/src/host/usbh.c.obj
                0x10006c44                tuh_vid_pid_get
 .text.tuh_speed_get
                0x10006c84       0x28 CMakeFiles/PicoPro.dir/C_/Users/natol/.pico-sdk/sdk/2.0.0/lib/tinyusb/src/host/usbh.c.obj
                0x10006c84                tuh_speed_get
 .text.tuh_rhport_is_active
                0x10006cac       0x14 CMakeFiles/PicoPro.dir/C_/Users/natol/.pico-sdk/sdk/2.0.0/lib/tinyusb/src/host/usbh.c.obj
                0x10006cac                tuh_rhport_is_active
 .text.tuh_configure
                0x10006cc0        0x8 CMakeFiles/PicoPro.dir/C_/Users/natol/.pico-sdk/sdk/2.0.0/lib/tinyusb/src/host/usbh.c.obj
                0x10006cc0                tuh_configure
 .text.tuh_inited
                0x10006cc8       0x14 CMakeFiles/PicoPro.dir/C_/Users/natol/.pico-sdk/sdk/2.0.0/lib/tinyusb/src/host/usbh.c.obj
                0x10006cc8                tuh_inited
 .text.tuh_init
                0x10006cdc       0xf4 CMakeFiles/PicoPro.dir/C_/Users/natol/.pico-sdk/sdk/2.0.0/lib/tinyusb/src/host/usbh.c.obj
                0x10006cdc                tuh_init
 .text.tuh_task_event_ready
                0x10006dd0       0x20 CMakeFiles/PicoPro.dir/C_/Users/natol/.pico-sdk/sdk/2.0.0/lib/tinyusb/src/host/usbh.c.obj
                0x10006dd0                tuh_task_event_ready
 .text.tuh_edpt_abort_xfer
                0x10006df0       0xb8 CMakeFiles/PicoPro.dir/C_/Users/natol/.pico-sdk/sdk/2.0.0/lib/tinyusb/src/host/usbh.c.obj
                0x10006df0                tuh_edpt_abort_xfer
 .text.usbh_get_rhport
                0x10006ea8       0x24 CMakeFiles/PicoPro.dir/C_/Users/natol/.pico-sdk/sdk/2.0.0/lib/tinyusb/src/host/usbh.c.obj
                0x10006ea8                usbh_get_rhport
 .text.usbh_edpt_control_open
                0x10006ecc       0x30 CMakeFiles/PicoPro.dir/C_/Users/natol/.pico-sdk/sdk/2.0.0/lib/tinyusb/src/host/usbh.c.obj
 .text.usbh_control_xfer_cb
                0x10006efc      0x138 CMakeFiles/PicoPro.dir/C_/Users/natol/.pico-sdk/sdk/2.0.0/lib/tinyusb/src/host/usbh.c.obj
 .text.usbh_get_enum_buf
                0x10007034        0x8 CMakeFiles/PicoPro.dir/C_/Users/natol/.pico-sdk/sdk/2.0.0/lib/tinyusb/src/host/usbh.c.obj
                0x10007034                usbh_get_enum_buf
 .text.usbh_edpt_claim
                0x1000703c       0x54 CMakeFiles/PicoPro.dir/C_/Users/natol/.pico-sdk/sdk/2.0.0/lib/tinyusb/src/host/usbh.c.obj
                0x1000703c                usbh_edpt_claim
 .text.usbh_edpt_release
                0x10007090       0x48 CMakeFiles/PicoPro.dir/C_/Users/natol/.pico-sdk/sdk/2.0.0/lib/tinyusb/src/host/usbh.c.obj
                0x10007090                usbh_edpt_release
 .text.usbh_edpt_xfer_with_callback
                0x100070d8       0xb0 CMakeFiles/PicoPro.dir/C_/Users/natol/.pico-sdk/sdk/2.0.0/lib/tinyusb/src/host/usbh.c.obj
                0x100070d8                usbh_edpt_xfer_with_callback
 .text.tuh_edpt_open
                0x10007188       0x44 CMakeFiles/PicoPro.dir/C_/Users/natol/.pico-sdk/sdk/2.0.0/lib/tinyusb/src/host/usbh.c.obj
                0x10007188                tuh_edpt_open
 .text.hcd_devtree_get_info
                0x100071cc       0x44 CMakeFiles/PicoPro.dir/C_/Users/natol/.pico-sdk/sdk/2.0.0/lib/tinyusb/src/host/usbh.c.obj
                0x100071cc                hcd_devtree_get_info
 .text.usbh_driver_set_config_complete
                0x10007210       0x64 CMakeFiles/PicoPro.dir/C_/Users/natol/.pico-sdk/sdk/2.0.0/lib/tinyusb/src/host/usbh.c.obj
                0x10007210                usbh_driver_set_config_complete
 .text.process_enumeration
                0x10007274      0x30c CMakeFiles/PicoPro.dir/C_/Users/natol/.pico-sdk/sdk/2.0.0/lib/tinyusb/src/host/usbh.c.obj
 .text.enum_new_device
                0x10007580       0xb8 CMakeFiles/PicoPro.dir/C_/Users/natol/.pico-sdk/sdk/2.0.0/lib/tinyusb/src/host/usbh.c.obj
 .text.tuh_task_ext
                0x10007638      0x1b0 CMakeFiles/PicoPro.dir/C_/Users/natol/.pico-sdk/sdk/2.0.0/lib/tinyusb/src/host/usbh.c.obj
                0x10007638                tuh_task_ext
 .text.tuh_control_xfer
                0x100077e8      0x150 CMakeFiles/PicoPro.dir/C_/Users/natol/.pico-sdk/sdk/2.0.0/lib/tinyusb/src/host/usbh.c.obj
                0x100077e8                tuh_control_xfer
 .text.enum_request_set_addr
                0x10007938       0xd8 CMakeFiles/PicoPro.dir/C_/Users/natol/.pico-sdk/sdk/2.0.0/lib/tinyusb/src/host/usbh.c.obj
 .text._get_descriptor
                0x10007a10       0x66 CMakeFiles/PicoPro.dir/C_/Users/natol/.pico-sdk/sdk/2.0.0/lib/tinyusb/src/host/usbh.c.obj
 .text.tuh_descriptor_get
                0x10007a76       0x1e CMakeFiles/PicoPro.dir/C_/Users/natol/.pico-sdk/sdk/2.0.0/lib/tinyusb/src/host/usbh.c.obj
                0x10007a76                tuh_descriptor_get
 .text.tuh_descriptor_get_device
                0x10007a94       0x24 CMakeFiles/PicoPro.dir/C_/Users/natol/.pico-sdk/sdk/2.0.0/lib/tinyusb/src/host/usbh.c.obj
                0x10007a94                tuh_descriptor_get_device
 .text.tuh_descriptor_get_configuration
                0x10007ab8       0x1c CMakeFiles/PicoPro.dir/C_/Users/natol/.pico-sdk/sdk/2.0.0/lib/tinyusb/src/host/usbh.c.obj
                0x10007ab8                tuh_descriptor_get_configuration
 .text.tuh_descriptor_get_hid_report
                0x10007ad4       0x62 CMakeFiles/PicoPro.dir/C_/Users/natol/.pico-sdk/sdk/2.0.0/lib/tinyusb/src/host/usbh.c.obj
                0x10007ad4                tuh_descriptor_get_hid_report
 .text.tuh_configuration_set
                0x10007b36       0x4e CMakeFiles/PicoPro.dir/C_/Users/natol/.pico-sdk/sdk/2.0.0/lib/tinyusb/src/host/usbh.c.obj
                0x10007b36                tuh_configuration_set
 .text.connection_port_reset_complete
                0x10007b84       0x4c CMakeFiles/PicoPro.dir/C_/Users/natol/.pico-sdk/sdk/2.0.0/lib/tinyusb/src/host/hub.c.obj
 .text.hub_port_clear_feature
                0x10007bd0       0x78 CMakeFiles/PicoPro.dir/C_/Users/natol/.pico-sdk/sdk/2.0.0/lib/tinyusb/src/host/hub.c.obj
                0x10007bd0                hub_port_clear_feature
 .text.hub_get_status_complete
                0x10007c48       0x84 CMakeFiles/PicoPro.dir/C_/Users/natol/.pico-sdk/sdk/2.0.0/lib/tinyusb/src/host/hub.c.obj
 .text.hub_port_set_feature
                0x10007ccc       0x78 CMakeFiles/PicoPro.dir/C_/Users/natol/.pico-sdk/sdk/2.0.0/lib/tinyusb/src/host/hub.c.obj
                0x10007ccc                hub_port_set_feature
 .text.connection_clear_conn_change_complete
                0x10007d44       0x78 CMakeFiles/PicoPro.dir/C_/Users/natol/.pico-sdk/sdk/2.0.0/lib/tinyusb/src/host/hub.c.obj
 .text.config_set_port_power
                0x10007dbc       0x50 CMakeFiles/PicoPro.dir/C_/Users/natol/.pico-sdk/sdk/2.0.0/lib/tinyusb/src/host/hub.c.obj
 .text.config_port_power_complete
                0x10007e0c       0x94 CMakeFiles/PicoPro.dir/C_/Users/natol/.pico-sdk/sdk/2.0.0/lib/tinyusb/src/host/hub.c.obj
 .text.hub_port_get_status
                0x10007ea0       0x6e CMakeFiles/PicoPro.dir/C_/Users/natol/.pico-sdk/sdk/2.0.0/lib/tinyusb/src/host/hub.c.obj
                0x10007ea0                hub_port_get_status
 *fill*         0x10007f0e        0x2 
 .text.hub_init
                0x10007f10       0x14 CMakeFiles/PicoPro.dir/C_/Users/natol/.pico-sdk/sdk/2.0.0/lib/tinyusb/src/host/hub.c.obj
                0x10007f10                hub_init
 .text.hub_deinit
                0x10007f24        0x4 CMakeFiles/PicoPro.dir/C_/Users/natol/.pico-sdk/sdk/2.0.0/lib/tinyusb/src/host/hub.c.obj
                0x10007f24                hub_deinit
 .text.hub_open
                0x10007f28       0x90 CMakeFiles/PicoPro.dir/C_/Users/natol/.pico-sdk/sdk/2.0.0/lib/tinyusb/src/host/hub.c.obj
                0x10007f28                hub_open
 .text.hub_close
                0x10007fb8       0x24 CMakeFiles/PicoPro.dir/C_/Users/natol/.pico-sdk/sdk/2.0.0/lib/tinyusb/src/host/hub.c.obj
                0x10007fb8                hub_close
 .text.hub_edpt_status_xfer
                0x10007fdc       0x24 CMakeFiles/PicoPro.dir/C_/Users/natol/.pico-sdk/sdk/2.0.0/lib/tinyusb/src/host/hub.c.obj
                0x10007fdc                hub_edpt_status_xfer
 .text.hub_port_get_status_complete
                0x10008000       0xa0 CMakeFiles/PicoPro.dir/C_/Users/natol/.pico-sdk/sdk/2.0.0/lib/tinyusb/src/host/hub.c.obj
 .text.hub_clear_feature_complete_stub
                0x100080a0       0x28 CMakeFiles/PicoPro.dir/C_/Users/natol/.pico-sdk/sdk/2.0.0/lib/tinyusb/src/host/hub.c.obj
 .text.hub_set_config
                0x100080c8       0x78 CMakeFiles/PicoPro.dir/C_/Users/natol/.pico-sdk/sdk/2.0.0/lib/tinyusb/src/host/hub.c.obj
                0x100080c8                hub_set_config
 .text.hub_xfer_cb
                0x10008140       0x9c CMakeFiles/PicoPro.dir/C_/Users/natol/.pico-sdk/sdk/2.0.0/lib/tinyusb/src/host/hub.c.obj
                0x10008140                hub_xfer_cb
 .text.get_idx_by_epaddr
                0x100081dc       0x48 CMakeFiles/PicoPro.dir/C_/Users/natol/.pico-sdk/sdk/2.0.0/lib/tinyusb/src/class/hid/hid_host.c.obj
 .text.find_new_itf
                0x10008224       0x28 CMakeFiles/PicoPro.dir/C_/Users/natol/.pico-sdk/sdk/2.0.0/lib/tinyusb/src/class/hid/hid_host.c.obj
 .text._hidh_set_protocol
                0x1000824c       0x56 CMakeFiles/PicoPro.dir/C_/Users/natol/.pico-sdk/sdk/2.0.0/lib/tinyusb/src/class/hid/hid_host.c.obj
 .text._hidh_set_idle
                0x100082a2       0x56 CMakeFiles/PicoPro.dir/C_/Users/natol/.pico-sdk/sdk/2.0.0/lib/tinyusb/src/class/hid/hid_host.c.obj
 .text.config_driver_mount_complete
                0x100082f8       0x54 CMakeFiles/PicoPro.dir/C_/Users/natol/.pico-sdk/sdk/2.0.0/lib/tinyusb/src/class/hid/hid_host.c.obj
 .text.tuh_hid_itf_get_index
                0x1000834c       0x38 CMakeFiles/PicoPro.dir/C_/Users/natol/.pico-sdk/sdk/2.0.0/lib/tinyusb/src/class/hid/hid_host.c.obj
                0x1000834c                tuh_hid_itf_get_index
 .text.process_set_config
                0x10008384      0x124 CMakeFiles/PicoPro.dir/C_/Users/natol/.pico-sdk/sdk/2.0.0/lib/tinyusb/src/class/hid/hid_host.c.obj
 .text.tuh_hid_interface_protocol
                0x100084a8       0x40 CMakeFiles/PicoPro.dir/C_/Users/natol/.pico-sdk/sdk/2.0.0/lib/tinyusb/src/class/hid/hid_host.c.obj
                0x100084a8                tuh_hid_interface_protocol
 .text.tuh_hid_set_default_protocol
                0x100084e8        0xc CMakeFiles/PicoPro.dir/C_/Users/natol/.pico-sdk/sdk/2.0.0/lib/tinyusb/src/class/hid/hid_host.c.obj
                0x100084e8                tuh_hid_set_default_protocol
 .text.tuh_hid_receive_report
                0x100084f4       0x6c CMakeFiles/PicoPro.dir/C_/Users/natol/.pico-sdk/sdk/2.0.0/lib/tinyusb/src/class/hid/hid_host.c.obj
                0x100084f4                tuh_hid_receive_report
 .text.hidh_init
                0x10008560       0x18 CMakeFiles/PicoPro.dir/C_/Users/natol/.pico-sdk/sdk/2.0.0/lib/tinyusb/src/class/hid/hid_host.c.obj
                0x10008560                hidh_init
 .text.hidh_deinit
                0x10008578        0x4 CMakeFiles/PicoPro.dir/C_/Users/natol/.pico-sdk/sdk/2.0.0/lib/tinyusb/src/class/hid/hid_host.c.obj
                0x10008578                hidh_deinit
 .text.hidh_xfer_cb
                0x1000857c       0x74 CMakeFiles/PicoPro.dir/C_/Users/natol/.pico-sdk/sdk/2.0.0/lib/tinyusb/src/class/hid/hid_host.c.obj
                0x1000857c                hidh_xfer_cb
 .text.hidh_close
                0x100085f0       0x44 CMakeFiles/PicoPro.dir/C_/Users/natol/.pico-sdk/sdk/2.0.0/lib/tinyusb/src/class/hid/hid_host.c.obj
                0x100085f0                hidh_close
 .text.hidh_open
                0x10008634      0x138 CMakeFiles/PicoPro.dir/C_/Users/natol/.pico-sdk/sdk/2.0.0/lib/tinyusb/src/class/hid/hid_host.c.obj
                0x10008634                hidh_open
 .text.hidh_set_config
                0x1000876c       0x22 CMakeFiles/PicoPro.dir/C_/Users/natol/.pico-sdk/sdk/2.0.0/lib/tinyusb/src/class/hid/hid_host.c.obj
                0x1000876c                hidh_set_config
 *fill*         0x1000878e        0x2 
 .text.hcd_configure
                0x10008790       0x20 CMakeFiles/PicoPro.dir/C_/Users/natol/.pico-sdk/sdk/2.0.0/lib/tinyusb/src/portable/raspberrypi/pio_usb/hcd_pio_usb.c.obj
                0x10008790                hcd_configure
 .text.hcd_init
                0x100087b0       0x10 CMakeFiles/PicoPro.dir/C_/Users/natol/.pico-sdk/sdk/2.0.0/lib/tinyusb/src/portable/raspberrypi/pio_usb/hcd_pio_usb.c.obj
                0x100087b0                hcd_init
 .text.hcd_port_reset
                0x100087c0        0xc CMakeFiles/PicoPro.dir/C_/Users/natol/.pico-sdk/sdk/2.0.0/lib/tinyusb/src/portable/raspberrypi/pio_usb/hcd_pio_usb.c.obj
                0x100087c0                hcd_port_reset
 .text.hcd_port_reset_end
                0x100087cc        0xc CMakeFiles/PicoPro.dir/C_/Users/natol/.pico-sdk/sdk/2.0.0/lib/tinyusb/src/portable/raspberrypi/pio_usb/hcd_pio_usb.c.obj
                0x100087cc                hcd_port_reset_end
 .text.hcd_port_connect_status
                0x100087d8       0x44 CMakeFiles/PicoPro.dir/C_/Users/natol/.pico-sdk/sdk/2.0.0/lib/tinyusb/src/portable/raspberrypi/pio_usb/hcd_pio_usb.c.obj
                0x100087d8                hcd_port_connect_status
 .text.hcd_port_speed_get
                0x1000881c       0x1c CMakeFiles/PicoPro.dir/C_/Users/natol/.pico-sdk/sdk/2.0.0/lib/tinyusb/src/portable/raspberrypi/pio_usb/hcd_pio_usb.c.obj
                0x1000881c                hcd_port_speed_get
 .text.hcd_device_close
                0x10008838        0xc CMakeFiles/PicoPro.dir/C_/Users/natol/.pico-sdk/sdk/2.0.0/lib/tinyusb/src/portable/raspberrypi/pio_usb/hcd_pio_usb.c.obj
                0x10008838                hcd_device_close
 .text.hcd_int_enable
                0x10008844        0x2 CMakeFiles/PicoPro.dir/C_/Users/natol/.pico-sdk/sdk/2.0.0/lib/tinyusb/src/portable/raspberrypi/pio_usb/hcd_pio_usb.c.obj
                0x10008844                hcd_int_enable
 .text.hcd_edpt_open
                0x10008846       0x3a CMakeFiles/PicoPro.dir/C_/Users/natol/.pico-sdk/sdk/2.0.0/lib/tinyusb/src/portable/raspberrypi/pio_usb/hcd_pio_usb.c.obj
                0x10008846                hcd_edpt_open
 .text.hcd_edpt_xfer
                0x10008880       0x16 CMakeFiles/PicoPro.dir/C_/Users/natol/.pico-sdk/sdk/2.0.0/lib/tinyusb/src/portable/raspberrypi/pio_usb/hcd_pio_usb.c.obj
                0x10008880                hcd_edpt_xfer
 .text.hcd_edpt_abort_xfer
                0x10008896        0xc CMakeFiles/PicoPro.dir/C_/Users/natol/.pico-sdk/sdk/2.0.0/lib/tinyusb/src/portable/raspberrypi/pio_usb/hcd_pio_usb.c.obj
                0x10008896                hcd_edpt_abort_xfer
 .text.hcd_setup_send
                0x100088a2        0xc CMakeFiles/PicoPro.dir/C_/Users/natol/.pico-sdk/sdk/2.0.0/lib/tinyusb/src/portable/raspberrypi/pio_usb/hcd_pio_usb.c.obj
                0x100088a2                hcd_setup_send
 .text.pio_get_default_sm_config
                0x100088ae       0x28 CMakeFiles/PicoPro.dir/C_/Users/natol/.pico-sdk/sdk/2.0.0/src/rp2_common/hardware_pio/pio.c.obj
 .text.is_program_gpio_compatible
                0x100088d6        0x4 CMakeFiles/PicoPro.dir/C_/Users/natol/.pico-sdk/sdk/2.0.0/src/rp2_common/hardware_pio/pio.c.obj
 *fill*         0x100088da        0x2 
 .text.add_program_at_offset_check
                0x100088dc       0x64 CMakeFiles/PicoPro.dir/C_/Users/natol/.pico-sdk/sdk/2.0.0/src/rp2_common/hardware_pio/pio.c.obj
 .text.add_program_at_offset
                0x10008940       0x60 CMakeFiles/PicoPro.dir/C_/Users/natol/.pico-sdk/sdk/2.0.0/src/rp2_common/hardware_pio/pio.c.obj
 .text.find_offset_for_program
                0x100089a0       0x7c CMakeFiles/PicoPro.dir/C_/Users/natol/.pico-sdk/sdk/2.0.0/src/rp2_common/hardware_pio/pio.c.obj
 .text.pio_sm_claim
                0x10008a1c       0x30 CMakeFiles/PicoPro.dir/C_/Users/natol/.pico-sdk/sdk/2.0.0/src/rp2_common/hardware_pio/pio.c.obj
                0x10008a1c                pio_sm_claim
 .text.pio_add_program
                0x10008a4c       0x30 CMakeFiles/PicoPro.dir/C_/Users/natol/.pico-sdk/sdk/2.0.0/src/rp2_common/hardware_pio/pio.c.obj
                0x10008a4c                pio_add_program
 .text.pio_add_program_at_offset
                0x10008a7c       0x24 CMakeFiles/PicoPro.dir/C_/Users/natol/.pico-sdk/sdk/2.0.0/src/rp2_common/hardware_pio/pio.c.obj
                0x10008a7c                pio_add_program_at_offset
 .text.pio_sm_set_pins_with_mask
                0x10008aa0       0x9c CMakeFiles/PicoPro.dir/C_/Users/natol/.pico-sdk/sdk/2.0.0/src/rp2_common/hardware_pio/pio.c.obj
                0x10008aa0                pio_sm_set_pins_with_mask
 .text.pio_sm_set_pindirs_with_mask
                0x10008b3c       0xa0 CMakeFiles/PicoPro.dir/C_/Users/natol/.pico-sdk/sdk/2.0.0/src/rp2_common/hardware_pio/pio.c.obj
                0x10008b3c                pio_sm_set_pindirs_with_mask
 .text.pio_sm_set_consecutive_pindirs
                0x10008bdc       0xb4 CMakeFiles/PicoPro.dir/C_/Users/natol/.pico-sdk/sdk/2.0.0/src/rp2_common/hardware_pio/pio.c.obj
                0x10008bdc                pio_sm_set_consecutive_pindirs
 .text.pio_sm_init
                0x10008c90       0xb4 CMakeFiles/PicoPro.dir/C_/Users/natol/.pico-sdk/sdk/2.0.0/src/rp2_common/hardware_pio/pio.c.obj
                0x10008c90                pio_sm_init
 .text.core1_trampoline
                0x10008d44        0x2 CMakeFiles/PicoPro.dir/C_/Users/natol/.pico-sdk/sdk/2.0.0/src/rp2_common/pico_multicore/multicore.c.obj
 .text.core1_wrapper
                0x10008d46        0xc CMakeFiles/PicoPro.dir/C_/Users/natol/.pico-sdk/sdk/2.0.0/src/rp2_common/pico_multicore/multicore.c.obj
                0x10008d46                core1_wrapper
 .text.multicore_fifo_push_blocking
                0x10008d52       0x14 CMakeFiles/PicoPro.dir/C_/Users/natol/.pico-sdk/sdk/2.0.0/src/rp2_common/pico_multicore/multicore.c.obj
                0x10008d52                multicore_fifo_push_blocking
 .text.multicore_fifo_pop_blocking
                0x10008d66       0x16 CMakeFiles/PicoPro.dir/C_/Users/natol/.pico-sdk/sdk/2.0.0/src/rp2_common/pico_multicore/multicore.c.obj
                0x10008d66                multicore_fifo_pop_blocking
 .text.multicore_reset_core1
                0x10008d7c       0x60 CMakeFiles/PicoPro.dir/C_/Users/natol/.pico-sdk/sdk/2.0.0/src/rp2_common/pico_multicore/multicore.c.obj
                0x10008d7c                multicore_reset_core1
 .text.multicore_launch_core1_raw
                0x10008ddc       0x70 CMakeFiles/PicoPro.dir/C_/Users/natol/.pico-sdk/sdk/2.0.0/src/rp2_common/pico_multicore/multicore.c.obj
                0x10008ddc                multicore_launch_core1_raw
 .text.multicore_launch_core1_with_stack
                0x10008e4c       0x50 CMakeFiles/PicoPro.dir/C_/Users/natol/.pico-sdk/sdk/2.0.0/src/rp2_common/pico_multicore/multicore.c.obj
                0x10008e4c                multicore_launch_core1_with_stack
 .text.multicore_launch_core1
                0x10008e9c       0x24 CMakeFiles/PicoPro.dir/C_/Users/natol/.pico-sdk/sdk/2.0.0/src/rp2_common/pico_multicore/multicore.c.obj
                0x10008e9c                multicore_launch_core1
 .text.pio_usb_bus_init
                0x10008ec0      0x1d0 CMakeFiles/PicoPro.dir/lib/Pico-PIO-USB/src/pio_usb.c.obj
                0x10008ec0                pio_usb_bus_init
 .text.pio_usb_host_init
                0x10009090      0x1ac CMakeFiles/PicoPro.dir/lib/Pico-PIO-USB/src/pio_usb_host.c.obj
                0x10009090                pio_usb_host_init
 .text.pio_usb_host_port_reset_start
                0x1000923c       0x40 CMakeFiles/PicoPro.dir/lib/Pico-PIO-USB/src/pio_usb_host.c.obj
                0x1000923c                pio_usb_host_port_reset_start
 .text.pio_usb_host_port_reset_end
                0x1000927c       0x48 CMakeFiles/PicoPro.dir/lib/Pico-PIO-USB/src/pio_usb_host.c.obj
                0x1000927c                pio_usb_host_port_reset_end
 .text.pio_usb_host_close_device
                0x100092c4       0x38 CMakeFiles/PicoPro.dir/lib/Pico-PIO-USB/src/pio_usb_host.c.obj
                0x100092c4                pio_usb_host_close_device
 .text.pio_usb_host_endpoint_open
                0x100092fc       0x5c CMakeFiles/PicoPro.dir/lib/Pico-PIO-USB/src/pio_usb_host.c.obj
                0x100092fc                pio_usb_host_endpoint_open
 .text.pio_usb_host_send_setup
                0x10009358       0x60 CMakeFiles/PicoPro.dir/lib/Pico-PIO-USB/src/pio_usb_host.c.obj
                0x10009358                pio_usb_host_send_setup
 .text.pio_usb_host_endpoint_transfer
                0x100093b8       0x90 CMakeFiles/PicoPro.dir/lib/Pico-PIO-USB/src/pio_usb_host.c.obj
                0x100093b8                pio_usb_host_endpoint_transfer
 .text.pio_usb_host_endpoint_abort_transfer
                0x10009448       0xb4 CMakeFiles/PicoPro.dir/lib/Pico-PIO-USB/src/pio_usb_host.c.obj
                0x10009448                pio_usb_host_endpoint_abort_transfer
 .text.calc_usb_crc16
                0x100094fc       0x30 CMakeFiles/PicoPro.dir/lib/Pico-PIO-USB/src/usb_crc.c.obj
                0x100094fc                calc_usb_crc16
 .text.dma_channel_claim
                0x1000952c       0x18 CMakeFiles/PicoPro.dir/C_/Users/natol/.pico-sdk/sdk/2.0.0/src/rp2_common/hardware_dma/dma.c.obj
                0x1000952c                dma_channel_claim
 .text.dma_claim_mask
                0x10009544       0x1e CMakeFiles/PicoPro.dir/C_/Users/natol/.pico-sdk/sdk/2.0.0/src/rp2_common/hardware_dma/dma.c.obj
                0x10009544                dma_claim_mask
 *fill*         0x10009562        0x2 
 .text.calloc   0x10009564       0x18 C:/Users/natol/.pico-sdk/toolchain/13_2_Rel1/bin/../lib/gcc/arm-none-eabi/13.2.1/thumb/v6-m/nofp\libg.a(libc_a-calloc.o)
                0x10009564                calloc
 .text._calloc_r
                0x1000957c       0xa8 C:/Users/natol/.pico-sdk/toolchain/13_2_Rel1/bin/../lib/gcc/arm-none-eabi/13.2.1/thumb/v6-m/nofp\libg.a(libc_a-callocr.o)
                0x1000957c                _calloc_r
 .text.malloc   0x10009624       0x14 C:/Users/natol/.pico-sdk/toolchain/13_2_Rel1/bin/../lib/gcc/arm-none-eabi/13.2.1/thumb/v6-m/nofp\libg.a(libc_a-malloc.o)
                0x10009624                malloc
 .text._malloc_r
                0x10009638      0x5c4 C:/Users/natol/.pico-sdk/toolchain/13_2_Rel1/bin/../lib/gcc/arm-none-eabi/13.2.1/thumb/v6-m/nofp\libg.a(libc_a-mallocr.o)
                0x10009638                _malloc_r
 .text.__malloc_lock
                0x10009bfc       0x10 C:/Users/natol/.pico-sdk/toolchain/13_2_Rel1/bin/../lib/gcc/arm-none-eabi/13.2.1/thumb/v6-m/nofp\libg.a(libc_a-mlock.o)
                0x10009bfc                __malloc_lock
 .text.__malloc_unlock
                0x10009c0c       0x10 C:/Users/natol/.pico-sdk/toolchain/13_2_Rel1/bin/../lib/gcc/arm-none-eabi/13.2.1/thumb/v6-m/nofp\libg.a(libc_a-mlock.o)
                0x10009c0c                __malloc_unlock
 .text.__sflush_r
                0x10009c1c      0x148 C:/Users/natol/.pico-sdk/toolchain/13_2_Rel1/bin/../lib/gcc/arm-none-eabi/13.2.1/thumb/v6-m/nofp\libg.a(libc_a-fflush.o)
                0x10009c1c                __sflush_r
 .text._fflush_r
                0x10009d64       0x68 C:/Users/natol/.pico-sdk/toolchain/13_2_Rel1/bin/../lib/gcc/arm-none-eabi/13.2.1/thumb/v6-m/nofp\libg.a(libc_a-fflush.o)
                0x10009d64                _fflush_r
 .text.fflush   0x10009dcc       0x7c C:/Users/natol/.pico-sdk/toolchain/13_2_Rel1/bin/../lib/gcc/arm-none-eabi/13.2.1/thumb/v6-m/nofp\libg.a(libc_a-fflush.o)
                0x10009dcc                fflush
 .text.stdio_exit_handler
                0x10009e48       0x1c C:/Users/natol/.pico-sdk/toolchain/13_2_Rel1/bin/../lib/gcc/arm-none-eabi/13.2.1/thumb/v6-m/nofp\libg.a(libc_a-findfp.o)
 .text.cleanup_stdio
                0x10009e64       0x3c C:/Users/natol/.pico-sdk/toolchain/13_2_Rel1/bin/../lib/gcc/arm-none-eabi/13.2.1/thumb/v6-m/nofp\libg.a(libc_a-findfp.o)
 .text.global_stdio_init.part.0
                0x10009ea0      0x118 C:/Users/natol/.pico-sdk/toolchain/13_2_Rel1/bin/../lib/gcc/arm-none-eabi/13.2.1/thumb/v6-m/nofp\libg.a(libc_a-findfp.o)
 .text.__sinit  0x10009fb8       0x38 C:/Users/natol/.pico-sdk/toolchain/13_2_Rel1/bin/../lib/gcc/arm-none-eabi/13.2.1/thumb/v6-m/nofp\libg.a(libc_a-findfp.o)
                0x10009fb8                __sinit
 .text.__sfp_lock_acquire
                0x10009ff0       0x10 C:/Users/natol/.pico-sdk/toolchain/13_2_Rel1/bin/../lib/gcc/arm-none-eabi/13.2.1/thumb/v6-m/nofp\libg.a(libc_a-findfp.o)
                0x10009ff0                __sfp_lock_acquire
 .text.__sfp_lock_release
                0x1000a000       0x10 C:/Users/natol/.pico-sdk/toolchain/13_2_Rel1/bin/../lib/gcc/arm-none-eabi/13.2.1/thumb/v6-m/nofp\libg.a(libc_a-findfp.o)
                0x1000a000                __sfp_lock_release
 .text._fwalk_sglue
                0x1000a010       0x44 C:/Users/natol/.pico-sdk/toolchain/13_2_Rel1/bin/../lib/gcc/arm-none-eabi/13.2.1/thumb/v6-m/nofp\libg.a(libc_a-fwalk.o)
                0x1000a010                _fwalk_sglue
 .text.__sread  0x1000a054       0x28 C:/Users/natol/.pico-sdk/toolchain/13_2_Rel1/bin/../lib/gcc/arm-none-eabi/13.2.1/thumb/v6-m/nofp\libg.a(libc_a-stdio.o)
                0x1000a054                __sread
 .text.__swrite
                0x1000a07c       0x40 C:/Users/natol/.pico-sdk/toolchain/13_2_Rel1/bin/../lib/gcc/arm-none-eabi/13.2.1/thumb/v6-m/nofp\libg.a(libc_a-stdio.o)
                0x1000a07c                __swrite
 .text.__sseek  0x1000a0bc       0x30 C:/Users/natol/.pico-sdk/toolchain/13_2_Rel1/bin/../lib/gcc/arm-none-eabi/13.2.1/thumb/v6-m/nofp\libg.a(libc_a-stdio.o)
                0x1000a0bc                __sseek
 .text.__sclose
                0x1000a0ec        0xc C:/Users/natol/.pico-sdk/toolchain/13_2_Rel1/bin/../lib/gcc/arm-none-eabi/13.2.1/thumb/v6-m/nofp\libg.a(libc_a-stdio.o)
                0x1000a0ec                __sclose
 .text.memcmp   0x1000a0f8       0x48 C:/Users/natol/.pico-sdk/toolchain/13_2_Rel1/bin/../lib/gcc/arm-none-eabi/13.2.1/thumb/v6-m/nofp\libg.a(libc_a-memcmp.o)
                0x1000a0f8                memcmp
 .text._close_r
                0x1000a140       0x24 C:/Users/natol/.pico-sdk/toolchain/13_2_Rel1/bin/../lib/gcc/arm-none-eabi/13.2.1/thumb/v6-m/nofp\libg.a(libc_a-closer.o)
                0x1000a140                _close_r
 .text._lseek_r
                0x1000a164       0x28 C:/Users/natol/.pico-sdk/toolchain/13_2_Rel1/bin/../lib/gcc/arm-none-eabi/13.2.1/thumb/v6-m/nofp\libg.a(libc_a-lseekr.o)
                0x1000a164                _lseek_r
 .text._read_r  0x1000a18c       0x28 C:/Users/natol/.pico-sdk/toolchain/13_2_Rel1/bin/../lib/gcc/arm-none-eabi/13.2.1/thumb/v6-m/nofp\libg.a(libc_a-readr.o)
                0x1000a18c                _read_r
 .text._sbrk_r  0x1000a1b4       0x24 C:/Users/natol/.pico-sdk/toolchain/13_2_Rel1/bin/../lib/gcc/arm-none-eabi/13.2.1/thumb/v6-m/nofp\libg.a(libc_a-sbrkr.o)
                0x1000a1b4                _sbrk_r
 .text._write_r
                0x1000a1d8       0x28 C:/Users/natol/.pico-sdk/toolchain/13_2_Rel1/bin/../lib/gcc/arm-none-eabi/13.2.1/thumb/v6-m/nofp\libg.a(libc_a-writer.o)
                0x1000a1d8                _write_r
 .text.__errno  0x1000a200        0xc C:/Users/natol/.pico-sdk/toolchain/13_2_Rel1/bin/../lib/gcc/arm-none-eabi/13.2.1/thumb/v6-m/nofp\libg.a(libc_a-errno.o)
                0x1000a200                __errno
 .text.__retarget_lock_init_recursive
                0x1000a20c        0x4 C:/Users/natol/.pico-sdk/toolchain/13_2_Rel1/bin/../lib/gcc/arm-none-eabi/13.2.1/thumb/v6-m/nofp\libg.a(libc_a-lock.o)
                0x1000a20c                __retarget_lock_init_recursive
 .text.__retarget_lock_close_recursive
                0x1000a210        0x4 C:/Users/natol/.pico-sdk/toolchain/13_2_Rel1/bin/../lib/gcc/arm-none-eabi/13.2.1/thumb/v6-m/nofp\libg.a(libc_a-lock.o)
                0x1000a210                __retarget_lock_close_recursive
 .text.__retarget_lock_acquire_recursive
                0x1000a214        0x4 C:/Users/natol/.pico-sdk/toolchain/13_2_Rel1/bin/../lib/gcc/arm-none-eabi/13.2.1/thumb/v6-m/nofp\libg.a(libc_a-lock.o)
                0x1000a214                __retarget_lock_acquire_recursive
 .text.__retarget_lock_release_recursive