Archive member included to satisfy reference by file (symbol)

C:/Users/natol/.pico-sdk/toolchain/13_2_Rel1/bin/../lib/gcc/arm-none-eabi/13.2.1/thumb/v6-m/nofp\libgcc.a(_dvmd_tls.o)
                              CMakeFiles/PicoPro.dir/C_/Users/natol/.pico-sdk/sdk/2.0.0/src/rp2_common/pico_divider/divider_hardware.S.obj (__aeabi_idiv0)
C:/Users/natol/.pico-sdk/toolchain/13_2_Rel1/bin/../lib/gcc/arm-none-eabi/13.2.1/thumb/v6-m/nofp\libg.a(libc_a-calloc.o)
                              CMakeFiles/PicoPro.dir/C_/Users/natol/.pico-sdk/sdk/2.0.0/src/rp2_common/pico_malloc/malloc.c.obj (calloc)
C:/Users/natol/.pico-sdk/toolchain/13_2_Rel1/bin/../lib/gcc/arm-none-eabi/13.2.1/thumb/v6-m/nofp\libg.a(libc_a-callocr.o)
                              C:/Users/natol/.pico-sdk/toolchain/13_2_Rel1/bin/../lib/gcc/arm-none-eabi/13.2.1/thumb/v6-m/nofp\libg.a(libc_a-calloc.o) (_calloc_r)
C:/Users/natol/.pico-sdk/toolchain/13_2_Rel1/bin/../lib/gcc/arm-none-eabi/13.2.1/thumb/v6-m/nofp\libg.a(libc_a-malloc.o)
                              CMakeFiles/PicoPro.dir/C_/Users/natol/.pico-sdk/sdk/2.0.0/src/rp2_common/pico_malloc/malloc.c.obj (malloc)
C:/Users/natol/.pico-sdk/toolchain/13_2_Rel1/bin/../lib/gcc/arm-none-eabi/13.2.1/thumb/v6-m/nofp\libg.a(libc_a-mallocr.o)
                              C:/Users/natol/.pico-sdk/toolchain/13_2_Rel1/bin/../lib/gcc/arm-none-eabi/13.2.1/thumb/v6-m/nofp\libg.a(libc_a-callocr.o) (_malloc_r)
C:/Users/natol/.pico-sdk/toolchain/13_2_Rel1/bin/../lib/gcc/arm-none-eabi/13.2.1/thumb/v6-m/nofp\libg.a(libc_a-mlock.o)
                              C:/Users/natol/.pico-sdk/toolchain/13_2_Rel1/bin/../lib/gcc/arm-none-eabi/13.2.1/thumb/v6-m/nofp\libg.a(libc_a-mallocr.o) (__malloc_lock)
C:/Users/natol/.pico-sdk/toolchain/13_2_Rel1/bin/../lib/gcc/arm-none-eabi/13.2.1/thumb/v6-m/nofp\libg.a(libc_a-realloc.o)
                              CMakeFiles/PicoPro.dir/C_/Users/natol/.pico-sdk/sdk/2.0.0/src/rp2_common/pico_malloc/malloc.c.obj (realloc)
C:/Users/natol/.pico-sdk/toolchain/13_2_Rel1/bin/../lib/gcc/arm-none-eabi/13.2.1/thumb/v6-m/nofp\libg.a(libc_a-reallocr.o)
                              C:/Users/natol/.pico-sdk/toolchain/13_2_Rel1/bin/../lib/gcc/arm-none-eabi/13.2.1/thumb/v6-m/nofp\libg.a(libc_a-realloc.o) (_realloc_r)
C:/Users/natol/.pico-sdk/toolchain/13_2_Rel1/bin/../lib/gcc/arm-none-eabi/13.2.1/thumb/v6-m/nofp\libg.a(libc_a-ctype_.o)
                              CMakeFiles/PicoPro.dir/C_/Users/natol/.pico-sdk/sdk/2.0.0/lib/tinyusb/src/tusb.c.obj (_ctype_)
C:/Users/natol/.pico-sdk/toolchain/13_2_Rel1/bin/../lib/gcc/arm-none-eabi/13.2.1/thumb/v6-m/nofp\libg.a(libc_a-fflush.o)
                              CMakeFiles/PicoPro.dir/PicoPro.c.obj (fflush)
C:/Users/natol/.pico-sdk/toolchain/13_2_Rel1/bin/../lib/gcc/arm-none-eabi/13.2.1/thumb/v6-m/nofp\libg.a(libc_a-findfp.o)
                              C:/Users/natol/.pico-sdk/toolchain/13_2_Rel1/bin/../lib/gcc/arm-none-eabi/13.2.1/thumb/v6-m/nofp\libg.a(libc_a-fflush.o) (__sglue)
C:/Users/natol/.pico-sdk/toolchain/13_2_Rel1/bin/../lib/gcc/arm-none-eabi/13.2.1/thumb/v6-m/nofp\libg.a(libc_a-fwalk.o)
                              C:/Users/natol/.pico-sdk/toolchain/13_2_Rel1/bin/../lib/gcc/arm-none-eabi/13.2.1/thumb/v6-m/nofp\libg.a(libc_a-fflush.o) (_fwalk_sglue)
C:/Users/natol/.pico-sdk/toolchain/13_2_Rel1/bin/../lib/gcc/arm-none-eabi/13.2.1/thumb/v6-m/nofp\libg.a(libc_a-stdio.o)
                              C:/Users/natol/.pico-sdk/toolchain/13_2_Rel1/bin/../lib/gcc/arm-none-eabi/13.2.1/thumb/v6-m/nofp\libg.a(libc_a-findfp.o) (__sread)
C:/Users/natol/.pico-sdk/toolchain/13_2_Rel1/bin/../lib/gcc/arm-none-eabi/13.2.1/thumb/v6-m/nofp\libg.a(libc_a-memcmp.o)
                              CMakeFiles/PicoPro.dir/PicoPro.c.obj (memcmp)
C:/Users/natol/.pico-sdk/toolchain/13_2_Rel1/bin/../lib/gcc/arm-none-eabi/13.2.1/thumb/v6-m/nofp\libg.a(libc_a-memmove.o)
                              C:/Users/natol/.pico-sdk/toolchain/13_2_Rel1/bin/../lib/gcc/arm-none-eabi/13.2.1/thumb/v6-m/nofp\libg.a(libc_a-reallocr.o) (memmove)
C:/Users/natol/.pico-sdk/toolchain/13_2_Rel1/bin/../lib/gcc/arm-none-eabi/13.2.1/thumb/v6-m/nofp\libg.a(libc_a-lcltime_r.o)
                              CMakeFiles/PicoPro.dir/C_/Users/natol/.pico-sdk/sdk/2.0.0/src/common/pico_util/datetime.c.obj (localtime_r)
C:/Users/natol/.pico-sdk/toolchain/13_2_Rel1/bin/../lib/gcc/arm-none-eabi/13.2.1/thumb/v6-m/nofp\libg.a(libc_a-mktime.o)
                              CMakeFiles/PicoPro.dir/C_/Users/natol/.pico-sdk/sdk/2.0.0/src/common/pico_util/datetime.c.obj (mktime)
C:/Users/natol/.pico-sdk/toolchain/13_2_Rel1/bin/../lib/gcc/arm-none-eabi/13.2.1/thumb/v6-m/nofp\libg.a(libc_a-month_lengths.o)
                              C:/Users/natol/.pico-sdk/toolchain/13_2_Rel1/bin/../lib/gcc/arm-none-eabi/13.2.1/thumb/v6-m/nofp\libg.a(libc_a-lcltime_r.o) (__month_lengths)
C:/Users/natol/.pico-sdk/toolchain/13_2_Rel1/bin/../lib/gcc/arm-none-eabi/13.2.1/thumb/v6-m/nofp\libg.a(libc_a-tzcalc_limits.o)
[...]
Memory Configuration

Name             Origin             Length             Attributes
FLASH            0x10000000         0x00200000         xr
RAM              0x20000000         0x00040000         xrw
SCRATCH_X        0x20040000         0x00001000         xrw
SCRATCH_Y        0x20041000         0x00001000         xrw
*default*        0x00000000         0xffffffff

Linker script and memory map

LOAD C:/Users/natol/.pico-sdk/toolchain/13_2_Rel1/bin/../lib/gcc/arm-none-eabi/13.2.1/thumb/v6-m/nofp/crti.o
LOAD C:/Users/natol/.pico-sdk/toolchain/13_2_Rel1/bin/../lib/gcc/arm-none-eabi/13.2.1/thumb/v6-m/nofp/crtbegin.o
LOAD C:/Users/natol/.pico-sdk/toolchain/13_2_Rel1/bin/../lib/gcc/arm-none-eabi/13.2.1/thumb/v6-m/nofp/crt0.o

.flash_begin    0x10000000        0x0
                0x10000000                        __flash_binary_start = .

.boot2          0x10000000      0x100
                0x10000000                        __boot2_start__ = .
 *(.boot2)
 .boot2         0x10000000      0x100 C:\Users\natol\AppData\Local\Temp\cciho2mu.o
                0x10000100                        __boot2_end__ = .
                0x00000001                        ASSERT (((__boot2_end__ - __boot2_start__) == 0x100), ERROR: Pico second stage bootloader must be 256 bytes in size)

.text           0x10000100     0xa700
                0x10000100                        __logical_binary_start = .
 *(.vectors)
 .vectors       0x10000100       0xd4 CMakeFiles/PicoPro.dir/C_/Users/natol/.pico-sdk/sdk/2.0.0/src/rp2_common/pico_crt0/crt0.S.obj
                0x10000100                __VECTOR_TABLE
                0x10000100                __vectors
                0x100001c0                isr_invalid
                0x100001c0                __default_isrs_start
                0x100001c2                isr_nmi
                0x100001c4                isr_hardfault
                0x100001c6                isr_svcall
                0x100001c8                isr_pendsv
                0x100001ca                isr_systick
                0x100001cc                isr_irq23
                0x100001cc                isr_irq18
                0x100001cc                isr_irq11
                0x100001cc                isr_irq28
                0x100001cc                isr_irq19
                0x100001cc                isr_irq0
                0x100001cc                isr_irq6
                0x100001cc                isr_irq5
                0x100001cc                isr_irq12
                0x100001cc                isr_irq22
                0x100001cc                isr_irq31
                0x100001cc                isr_irq17
                0x100001cc                isr_irq27
                0x100001cc                isr_irq30
                0x100001cc                isr_irq2
                0x100001cc                isr_irq10
                0x100001cc                isr_irq8
                0x100001cc                isr_irq24
                0x100001cc                isr_irq1
                0x100001cc                isr_irq7
                0x100001cc                isr_irq21
                0x100001cc                isr_irq20
                0x100001cc                isr_irq15
                0x100001cc                isr_irq25
                0x100001cc                isr_irq13
                0x100001cc                __unhandled_user_irq
                0x100001cc                isr_irq4
                0x100001cc                isr_irq16
                0x100001cc                isr_irq29
                0x100001cc                isr_irq26
                0x100001cc                __default_isrs_end
                0x100001cc                isr_irq3
                0x100001cc                isr_irq14
                0x100001cc                isr_irq9
                0x100001d2                unhandled_user_irq_num_in_r0
 *(.binary_info_header)
 .binary_info_header
                0x100001d4       0x14 CMakeFiles/PicoPro.dir/C_/Users/natol/.pico-sdk/sdk/2.0.0/src/rp2_common/pico_crt0/crt0.S.obj
                0x100001e8                        __binary_info_header_end = .
 *(.embedded_block)
                0x100001e8                        __embedded_block_end = .
 *(.reset)
 .reset         0x100001e8       0x9c CMakeFiles/PicoPro.dir/C_/Users/natol/.pico-sdk/sdk/2.0.0/src/rp2_common/pico_crt0/crt0.S.obj
                0x100001e8                _entry_point
 *(.init)
 .init          0x10000284        0x4 C:/Users/natol/.pico-sdk/toolchain/13_2_Rel1/bin/../lib/gcc/arm-none-eabi/13.2.1/thumb/v6-m/nofp/crti.o
                0x10000284                _init
 *(EXCLUDE_FILE(*libm.a: *libc.a:*lib_a-mem*.o *libgcc.a:) .text*)
 .text.register_tm_clones
                0x10000288       0x28 C:/Users/natol/.pico-sdk/toolchain/13_2_Rel1/bin/../lib/gcc/arm-none-eabi/13.2.1/thumb/v6-m/nofp/crtbegin.o
 .text.frame_dummy
                0x100002b0       0x24 C:/Users/natol/.pico-sdk/toolchain/13_2_Rel1/bin/../lib/gcc/arm-none-eabi/13.2.1/thumb/v6-m/nofp/crtbegin.o
 .text.core1_main
                0x100002d4       0x44 CMakeFiles/PicoPro.dir/PicoPro.c.obj
                0x100002d4                core1_main
 .text.set_sys_clock_khz
                0x10000318       0x3c CMakeFiles/PicoPro.dir/PicoPro.c.obj
 .text.findKeyMap
                0x10000354       0x30 CMakeFiles/PicoPro.dir/PicoPro.c.obj
                0x10000354                findKeyMap
 .text.process_mouse_report
                0x10000384       0xdc CMakeFiles/PicoPro.dir/PicoPro.c.obj
 .text.findModifierMap
                0x10000460       0x30 CMakeFiles/PicoPro.dir/PicoPro.c.obj
                0x10000460                findModifierMap
 .text.response
                0x10000490       0x4c CMakeFiles/PicoPro.dir/PicoPro.c.obj
                0x10000490                response
 .text.uart_response
                0x100004dc       0x5c CMakeFiles/PicoPro.dir/PicoPro.c.obj
                0x100004dc                uart_response
 .text.spi_response
                0x10000538       0x3c CMakeFiles/PicoPro.dir/PicoPro.c.obj
                0x10000538                spi_response
 .text.tud_hid_get_report_cb
                0x10000574        0x4 CMakeFiles/PicoPro.dir/PicoPro.c.obj
                0x10000574                tud_hid_get_report_cb
 .text.tud_hid_set_report_cb
                0x10000578      0x1fc CMakeFiles/PicoPro.dir/PicoPro.c.obj
                0x10000578                tud_hid_set_report_cb
 .text.tuh_hid_mount_cb
                0x10000774       0x98 CMakeFiles/PicoPro.dir/PicoPro.c.obj
                0x10000774                tuh_hid_mount_cb
 .text.tuh_hid_umount_cb
                0x1000080c       0x30 CMakeFiles/PicoPro.dir/PicoPro.c.obj
                0x1000080c                tuh_hid_umount_cb
 .text.to_joystick
                0x1000083c       0x18 CMakeFiles/PicoPro.dir/PicoPro.c.obj
                0x1000083c                to_joystick
 .text.process_kbd_report
                0x10000854      0x284 CMakeFiles/PicoPro.dir/PicoPro.c.obj
 .text.tuh_hid_report_received_cb
                0x10000ad8       0x40 CMakeFiles/PicoPro.dir/PicoPro.c.obj
                0x10000ad8                tuh_hid_report_received_cb
 .text.counter_task
                0x10000b18       0x4c CMakeFiles/PicoPro.dir/PicoPro.c.obj
                0x10000b18                counter_task
 .text.button_task
                0x10000b64      0x1a4 CMakeFiles/PicoPro.dir/PicoPro.c.obj
                0x10000b64                button_task
 .text.main     0x10000d08       0x50 CMakeFiles/PicoPro.dir/PicoPro.c.obj
                0x10000d08                main
 .text.tud_descriptor_device_cb
                0x10000d58        0x8 CMakeFiles/PicoPro.dir/usb_descriptors.c.obj
                0x10000d58                tud_descriptor_device_cb
 .text.tud_hid_descriptor_report_cb
                0x10000d60        0x8 CMakeFiles/PicoPro.dir/usb_descriptors.c.obj
                0x10000d60                tud_hid_descriptor_report_cb
 .text.tud_descriptor_configuration_cb
                0x10000d68        0x8 CMakeFiles/PicoPro.dir/usb_descriptors.c.obj
                0x10000d68                tud_descriptor_configuration_cb
 .text.tud_descriptor_string_cb
                0x10000d70       0x60 CMakeFiles/PicoPro.dir/usb_descriptors.c.obj
                0x10000d70                tud_descriptor_string_cb
 .text.gpio_set_function
                0x10000dd0       0x34 CMakeFiles/PicoPro.dir/C_/Users/natol/.pico-sdk/sdk/2.0.0/src/rp2_common/hardware_gpio/gpio.c.obj
                0x10000dd0                gpio_set_function
 .text.gpio_set_pulls
                0x10000e04       0x38 CMakeFiles/PicoPro.dir/C_/Users/natol/.pico-sdk/sdk/2.0.0/src/rp2_common/hardware_gpio/gpio.c.obj
                0x10000e04                gpio_set_pulls
 .text.gpio_set_inover
                0x10000e3c       0x24 CMakeFiles/PicoPro.dir/C_/Users/natol/.pico-sdk/sdk/2.0.0/src/rp2_common/hardware_gpio/gpio.c.obj
                0x10000e3c                gpio_set_inover
 .text.gpio_set_outover
                0x10000e60       0x24 CMakeFiles/PicoPro.dir/C_/Users/natol/.pico-sdk/sdk/2.0.0/src/rp2_common/hardware_gpio/gpio.c.obj
                0x10000e60                gpio_set_outover
 .text.gpio_set_oeover
                0x10000e84       0x24 CMakeFiles/PicoPro.dir/C_/Users/natol/.pico-sdk/sdk/2.0.0/src/rp2_common/hardware_gpio/gpio.c.obj
                0x10000e84                gpio_set_oeover
 .text.gpio_set_slew_rate
                0x10000ea8       0x20 CMakeFiles/PicoPro.dir/C_/Users/natol/.pico-sdk/sdk/2.0.0/src/rp2_common/hardware_gpio/gpio.c.obj
                0x10000ea8                gpio_set_slew_rate
 .text.gpio_set_drive_strength
                0x10000ec8       0x24 CMakeFiles/PicoPro.dir/C_/Users/natol/.pico-sdk/sdk/2.0.0/src/rp2_common/hardware_gpio/gpio.c.obj
                0x10000ec8                gpio_set_drive_strength
 .text.rp2040_chip_version
                0x10000eec       0x54 CMakeFiles/PicoPro.dir/C_/Users/natol/.pico-sdk/sdk/2.0.0/src/rp2040/pico_platform/platform.c.obj
                0x10000eec                rp2040_chip_version
 .text.panic    0x10000f40       0x30 CMakeFiles/PicoPro.dir/C_/Users/natol/.pico-sdk/sdk/2.0.0/src/rp2_common/pico_platform_panic/panic.c.obj
                0x10000f40                panic
 .text.hw_claim_lock
                0x10000f70       0x18 CMakeFiles/PicoPro.dir/C_/Users/natol/.pico-sdk/sdk/2.0.0/src/common/hardware_claim/claim.c.obj
                0x10000f70                hw_claim_lock
 .text.hw_claim_unlock
                0x10000f88       0x14 CMakeFiles/PicoPro.dir/C_/Users/natol/.pico-sdk/sdk/2.0.0/src/common/hardware_claim/claim.c.obj
                0x10000f88                hw_claim_unlock
 .text.hw_claim_or_assert
                0x10000f9c       0x32 CMakeFiles/PicoPro.dir/C_/Users/natol/.pico-sdk/sdk/2.0.0/src/common/hardware_claim/claim.c.obj
                0x10000f9c                hw_claim_or_assert
 .text.hw_claim_unused_from_range
                0x10000fce       0x50 CMakeFiles/PicoPro.dir/C_/Users/natol/.pico-sdk/sdk/2.0.0/src/common/hardware_claim/claim.c.obj
                0x10000fce                hw_claim_unused_from_range
 *fill*         0x1000101e        0x2 
 .text.next_striped_spin_lock_num
                0x10001020       0x1c CMakeFiles/PicoPro.dir/C_/Users/natol/.pico-sdk/sdk/2.0.0/src/rp2_common/hardware_sync/sync.c.obj
                0x10001020                next_striped_spin_lock_num
 .text.spin_lock_claim_unused
                0x1000103c       0x24 CMakeFiles/PicoPro.dir/C_/Users/natol/.pico-sdk/sdk/2.0.0/src/rp2_common/hardware_sync/sync.c.obj
                0x1000103c                spin_lock_claim_unused
 .text.spin_locks_reset
                0x10001060       0x20 CMakeFiles/PicoPro.dir/C_/Users/natol/.pico-sdk/sdk/2.0.0/src/rp2_common/hardware_sync_spin_lock/sync_spin_lock.c.obj
                0x10001060                spin_locks_reset
 .text.set_raw_irq_handler_and_unlock
                0x10001080       0x28 CMakeFiles/PicoPro.dir/C_/Users/natol/.pico-sdk/sdk/2.0.0/src/rp2_common/hardware_irq/irq.c.obj
 .text.nvic_ipr0
                0x100010a8        0x8 CMakeFiles/PicoPro.dir/C_/Users/natol/.pico-sdk/sdk/2.0.0/src/rp2_common/hardware_irq/irq.c.obj
 .text.runtime_init_per_core_irq_priorities
                0x100010b0       0x1c CMakeFiles/PicoPro.dir/C_/Users/natol/.pico-sdk/sdk/2.0.0/src/rp2_common/hardware_irq/irq.c.obj
                0x100010b0                runtime_init_per_core_irq_priorities
 .text.resolve_j_16
                0x100010cc       0x30 CMakeFiles/PicoPro.dir/C_/Users/natol/.pico-sdk/sdk/2.0.0/src/rp2_common/hardware_irq/irq.c.obj
 .text.make_j_16
                0x100010fc       0x48 CMakeFiles/PicoPro.dir/C_/Users/natol/.pico-sdk/sdk/2.0.0/src/rp2_common/hardware_irq/irq.c.obj
 .text.insert_bl_32
                0x10001144       0x40 CMakeFiles/PicoPro.dir/C_/Users/natol/.pico-sdk/sdk/2.0.0/src/rp2_common/hardware_irq/irq.c.obj
 .text.irq_is_enabled
                0x10001184       0x18 CMakeFiles/PicoPro.dir/C_/Users/natol/.pico-sdk/sdk/2.0.0/src/rp2_common/hardware_irq/irq.c.obj
                0x10001184                irq_is_enabled
 .text.irq_set_mask_n_enabled
                0x1000119c       0x1c CMakeFiles/PicoPro.dir/C_/Users/natol/.pico-sdk/sdk/2.0.0/src/rp2_common/hardware_irq/irq.c.obj
                0x1000119c                irq_set_mask_n_enabled
 .text.irq_set_enabled
                0x100011b8       0x14 CMakeFiles/PicoPro.dir/C_/Users/natol/.pico-sdk/sdk/2.0.0/src/rp2_common/hardware_irq/irq.c.obj
                0x100011b8                irq_set_enabled
 .text.irq_get_vtable_handler
                0x100011cc       0x10 CMakeFiles/PicoPro.dir/C_/Users/natol/.pico-sdk/sdk/2.0.0/src/rp2_common/hardware_irq/irq.c.obj
                0x100011cc                irq_get_vtable_handler
 .text.irq_set_exclusive_handler
                0x100011dc       0x54 CMakeFiles/PicoPro.dir/C_/Users/natol/.pico-sdk/sdk/2.0.0/src/rp2_common/hardware_irq/irq.c.obj
                0x100011dc                irq_set_exclusive_handler
 .text.irq_add_shared_handler
                0x10001230      0x218 CMakeFiles/PicoPro.dir/C_/Users/natol/.pico-sdk/sdk/2.0.0/src/rp2_common/hardware_irq/irq.c.obj
                0x10001230                irq_add_shared_handler
 .text.irq_remove_handler
                0x10001448      0x18c CMakeFiles/PicoPro.dir/C_/Users/natol/.pico-sdk/sdk/2.0.0/src/rp2_common/hardware_irq/irq.c.obj
                0x10001448                irq_remove_handler
 .text.irq_add_tail_to_free_list
                0x100015d4       0xf4 CMakeFiles/PicoPro.dir/C_/Users/natol/.pico-sdk/sdk/2.0.0/src/rp2_common/hardware_irq/irq.c.obj
                0x100015d4                irq_add_tail_to_free_list
 .text.lock_init
                0x100016c8       0x10 CMakeFiles/PicoPro.dir/C_/Users/natol/.pico-sdk/sdk/2.0.0/src/common/pico_sync/lock_core.c.obj
                0x100016c8                lock_init
 .text.mutex_init
                0x100016d8       0x1a CMakeFiles/PicoPro.dir/C_/Users/natol/.pico-sdk/sdk/2.0.0/src/common/pico_sync/mutex.c.obj
                0x100016d8                mutex_init
 .text.recursive_mutex_init
                0x100016f2       0x1e CMakeFiles/PicoPro.dir/C_/Users/natol/.pico-sdk/sdk/2.0.0/src/common/pico_sync/mutex.c.obj
                0x100016f2                recursive_mutex_init
 .text.runtime_init_mutex
                0x10001710       0x4c CMakeFiles/PicoPro.dir/C_/Users/natol/.pico-sdk/sdk/2.0.0/src/common/pico_sync/mutex.c.obj
                0x10001710                runtime_init_mutex
 .text.critical_section_init_with_lock_num
                0x1000175c       0x14 CMakeFiles/PicoPro.dir/C_/Users/natol/.pico-sdk/sdk/2.0.0/src/common/pico_sync/critical_section.c.obj
                0x1000175c                critical_section_init_with_lock_num
 .text.critical_section_init
                0x10001770       0x14 CMakeFiles/PicoPro.dir/C_/Users/natol/.pico-sdk/sdk/2.0.0/src/common/pico_sync/critical_section.c.obj
                0x10001770                critical_section_init
 .text.make_alarm_id
                0x10001784        0x6 CMakeFiles/PicoPro.dir/C_/Users/natol/.pico-sdk/sdk/2.0.0/src/common/pico_time/time.c.obj
 *fill*         0x1000178a        0x2 
 .text.sleep_until_callback
                0x1000178c       0x30 CMakeFiles/PicoPro.dir/C_/Users/natol/.pico-sdk/sdk/2.0.0/src/common/pico_time/time.c.obj
 .text.alarm_pool_irq_handler
                0x100017bc      0x2e0 CMakeFiles/PicoPro.dir/C_/Users/natol/.pico-sdk/sdk/2.0.0/src/common/pico_time/time.c.obj
 .text.ta_enable_irq_handler
                0x10001a9c       0x2c CMakeFiles/PicoPro.dir/C_/Users/natol/.pico-sdk/sdk/2.0.0/src/common/pico_time/time.c.obj
 .text.alarm_pool_post_alloc_init
                0x10001ac8       0x78 CMakeFiles/PicoPro.dir/C_/Users/natol/.pico-sdk/sdk/2.0.0/src/common/pico_time/time.c.obj
 .text.alarm_pool_get_default
                0x10001b40       0x2c CMakeFiles/PicoPro.dir/C_/Users/natol/.pico-sdk/sdk/2.0.0/src/common/pico_time/time.c.obj
                0x10001b40                alarm_pool_get_default
 .text.alarm_pool_create_on_timer
                0x10001b6c       0x34 CMakeFiles/PicoPro.dir/C_/Users/natol/.pico-sdk/sdk/2.0.0/src/common/pico_time/time.c.obj
                0x10001b6c                alarm_pool_create_on_timer
 .text.alarm_pool_add_alarm_at_force_in_context
                0x10001ba0       0xa4 CMakeFiles/PicoPro.dir/C_/Users/natol/.pico-sdk/sdk/2.0.0/src/common/pico_time/time.c.obj
                0x10001ba0                alarm_pool_add_alarm_at_force_in_context
 .text.alarm_pool_add_alarm_at
                0x10001c44       0x3c CMakeFiles/PicoPro.dir/C_/Users/natol/.pico-sdk/sdk/2.0.0/src/common/pico_time/time.c.obj
                0x10001c44                alarm_pool_add_alarm_at
 .text.add_alarm_at
                0x10001c80       0x2e CMakeFiles/PicoPro.dir/C_/Users/natol/.pico-sdk/sdk/2.0.0/src/common/pico_time/time.c.obj
 *fill*         0x10001cae        0x2 
 .text.alarm_pool_cancel_alarm
                0x10001cb0       0x78 CMakeFiles/PicoPro.dir/C_/Users/natol/.pico-sdk/sdk/2.0.0/src/common/pico_time/time.c.obj
                0x10001cb0                alarm_pool_cancel_alarm
 .text.cancel_alarm
                0x10001d28       0x10 CMakeFiles/PicoPro.dir/C_/Users/natol/.pico-sdk/sdk/2.0.0/src/common/pico_time/time.c.obj
 .text.sleep_until
                0x10001d38       0xc0 CMakeFiles/PicoPro.dir/C_/Users/natol/.pico-sdk/sdk/2.0.0/src/common/pico_time/time.c.obj
                0x10001d38                sleep_until
 .text.sleep_us
                0x10001df8       0x24 CMakeFiles/PicoPro.dir/C_/Users/natol/.pico-sdk/sdk/2.0.0/src/common/pico_time/time.c.obj
                0x10001df8                sleep_us
 .text.sleep_ms
                0x10001e1c       0x14 CMakeFiles/PicoPro.dir/C_/Users/natol/.pico-sdk/sdk/2.0.0/src/common/pico_time/time.c.obj
                0x10001e1c                sleep_ms
 .text.best_effort_wfe_or_timeout
                0x10001e30       0xc4 CMakeFiles/PicoPro.dir/C_/Users/natol/.pico-sdk/sdk/2.0.0/src/common/pico_time/time.c.obj
                0x10001e30                best_effort_wfe_or_timeout
 .text.alarm_pool_add_repeating_timer_us
                0x10001ef4       0x6c CMakeFiles/PicoPro.dir/C_/Users/natol/.pico-sdk/sdk/2.0.0/src/common/pico_time/time.c.obj
                0x10001ef4                alarm_pool_add_repeating_timer_us
 .text.alarm_pool_get_default_timer
                0x10001f60        0x8 CMakeFiles/PicoPro.dir/C_/Users/natol/.pico-sdk/sdk/2.0.0/src/common/pico_time/time.c.obj
                0x10001f60                alarm_pool_get_default_timer
 .text.runtime_init_default_alarm_pool
                0x10001f68       0x38 CMakeFiles/PicoPro.dir/C_/Users/natol/.pico-sdk/sdk/2.0.0/src/common/pico_time/time.c.obj
                0x10001f68                runtime_init_default_alarm_pool
 .text.timer_hardware_alarm_claim
                0x10001fa0       0x14 CMakeFiles/PicoPro.dir/C_/Users/natol/.pico-sdk/sdk/2.0.0/src/rp2_common/hardware_timer/timer.c.obj
                0x10001fa0                timer_hardware_alarm_claim
 .text.timer_time_us_64
                0x10001fb4       0x10 CMakeFiles/PicoPro.dir/C_/Users/natol/.pico-sdk/sdk/2.0.0/src/rp2_common/hardware_timer/timer.c.obj
                0x10001fb4                timer_time_us_64
 .text.timer_busy_wait_until
                0x10001fc4       0x1a CMakeFiles/PicoPro.dir/C_/Users/natol/.pico-sdk/sdk/2.0.0/src/rp2_common/hardware_timer/timer.c.obj
                0x10001fc4                timer_busy_wait_until
 .text.timer_busy_wait_us
                0x10001fde       0x38 CMakeFiles/PicoPro.dir/C_/Users/natol/.pico-sdk/sdk/2.0.0/src/rp2_common/hardware_timer/timer.c.obj
                0x10001fde                timer_busy_wait_us
 *fill*         0x10002016        0x2 
 .text.time_us_64
                0x10002018       0x10 CMakeFiles/PicoPro.dir/C_/Users/natol/.pico-sdk/sdk/2.0.0/src/rp2_common/hardware_timer/timer.c.obj
                0x10002018                time_us_64
 .text.busy_wait_us
                0x10002028       0x14 CMakeFiles/PicoPro.dir/C_/Users/natol/.pico-sdk/sdk/2.0.0/src/rp2_common/hardware_timer/timer.c.obj
                0x10002028                busy_wait_us
 .text.timer_busy_wait_us_32
                0x1000203c       0x1c CMakeFiles/PicoPro.dir/C_/Users/natol/.pico-sdk/sdk/2.0.0/src/rp2_common/hardware_timer/timer.c.obj
                0x1000203c                timer_busy_wait_us_32
 .text.timer_busy_wait_ms
                0x10002058       0x3c CMakeFiles/PicoPro.dir/C_/Users/natol/.pico-sdk/sdk/2.0.0/src/rp2_common/hardware_timer/timer.c.obj
                0x10002058                timer_busy_wait_ms
 .text.busy_wait_ms
                0x10002094       0x10 CMakeFiles/PicoPro.dir/C_/Users/natol/.pico-sdk/sdk/2.0.0/src/rp2_common/hardware_timer/timer.c.obj
                0x10002094                busy_wait_ms
 .text.busy_wait_until
                0x100020a4       0x14 CMakeFiles/PicoPro.dir/C_/Users/natol/.pico-sdk/sdk/2.0.0/src/rp2_common/hardware_timer/timer.c.obj
                0x100020a4                busy_wait_until
 .text.uart_unreset
                0x100020b8       0x2c CMakeFiles/PicoPro.dir/C_/Users/natol/.pico-sdk/sdk/2.0.0/src/rp2_common/hardware_uart/uart.c.obj
 .text.uart_disable_before_lcr_write
                0x100020e4       0x48 CMakeFiles/PicoPro.dir/C_/Users/natol/.pico-sdk/sdk/2.0.0/src/rp2_common/hardware_uart/uart.c.obj
 .text.uart_write_lcr_bits_masked
                0x1000212c       0x20 CMakeFiles/PicoPro.dir/C_/Users/natol/.pico-sdk/sdk/2.0.0/src/rp2_common/hardware_uart/uart.c.obj
 .text.uart_set_baudrate
                0x1000214c       0x5c CMakeFiles/PicoPro.dir/C_/Users/natol/.pico-sdk/sdk/2.0.0/src/rp2_common/hardware_uart/uart.c.obj
                0x1000214c                uart_set_baudrate
 .text.uart_set_translate_crlf
                0x100021a8       0x28 CMakeFiles/PicoPro.dir/C_/Users/natol/.pico-sdk/sdk/2.0.0/src/rp2_common/hardware_uart/uart.c.obj
                0x100021a8                uart_set_translate_crlf
 .text.uart_init
                0x100021d0       0x64 CMakeFiles/PicoPro.dir/C_/Users/natol/.pico-sdk/sdk/2.0.0/src/rp2_common/hardware_uart/uart.c.obj
                0x100021d0                uart_init
 .text.clock_configure_internal
                0x10002234       0xc4 CMakeFiles/PicoPro.dir/C_/Users/natol/.pico-sdk/sdk/2.0.0/src/rp2_common/hardware_clocks/clocks.c.obj
 .text.clock_configure_int_divider
                0x100022f8       0x28 CMakeFiles/PicoPro.dir/C_/Users/natol/.pico-sdk/sdk/2.0.0/src/rp2_common/hardware_clocks/clocks.c.obj
                0x100022f8                clock_configure_int_divider
 .text.clock_configure_undivided
                0x10002320       0x12 CMakeFiles/PicoPro.dir/C_/Users/natol/.pico-sdk/sdk/2.0.0/src/rp2_common/hardware_clocks/clocks.c.obj
                0x10002320                clock_configure_undivided
 *fill*         0x10002332        0x2 
 .text.clock_get_hz
                0x10002334        0xc CMakeFiles/PicoPro.dir/C_/Users/natol/.pico-sdk/sdk/2.0.0/src/rp2_common/hardware_clocks/clocks.c.obj
                0x10002334                clock_get_hz
 .text.set_sys_clock_pll
                0x10002340       0x68 CMakeFiles/PicoPro.dir/C_/Users/natol/.pico-sdk/sdk/2.0.0/src/rp2_common/hardware_clocks/clocks.c.obj
                0x10002340                set_sys_clock_pll
 .text.check_sys_clock_khz
                0x100023a8       0xa4 CMakeFiles/PicoPro.dir/C_/Users/natol/.pico-sdk/sdk/2.0.0/src/rp2_common/hardware_clocks/clocks.c.obj
                0x100023a8                check_sys_clock_khz
 .text.pll_init
                0x1000244c      0x124 CMakeFiles/PicoPro.dir/C_/Users/natol/.pico-sdk/sdk/2.0.0/src/rp2_common/hardware_pll/pll.c.obj
                0x1000244c                pll_init
 .text.tick_start
                0x10002570       0x10 CMakeFiles/PicoPro.dir/C_/Users/natol/.pico-sdk/sdk/2.0.0/src/rp2_common/hardware_ticks/ticks.c.obj
                0x10002570                tick_start
 .text.xosc_init
                0x10002580       0x28 CMakeFiles/PicoPro.dir/C_/Users/natol/.pico-sdk/sdk/2.0.0/src/rp2_common/hardware_xosc/xosc.c.obj
                0x10002580                xosc_init
 .text.runtime_run_initializers_from
                0x100025a8       0x18 CMakeFiles/PicoPro.dir/C_/Users/natol/.pico-sdk/sdk/2.0.0/src/rp2_common/pico_runtime/runtime.c.obj
 .text.first_per_core_initializer
                0x100025c0        0x2 CMakeFiles/PicoPro.dir/C_/Users/natol/.pico-sdk/sdk/2.0.0/src/rp2_common/pico_runtime/runtime.c.obj
 *fill*         0x100025c2        0x2 
 .text.runtime_run_initializers
                0x100025c4       0x10 CMakeFiles/PicoPro.dir/C_/Users/natol/.pico-sdk/sdk/2.0.0/src/rp2_common/pico_runtime/runtime.c.obj
                0x100025c4                runtime_run_initializers
 .text.runtime_run_per_core_initializers
                0x100025d4       0x10 CMakeFiles/PicoPro.dir/C_/Users/natol/.pico-sdk/sdk/2.0.0/src/rp2_common/pico_runtime/runtime.c.obj
                0x100025d4                runtime_run_per_core_initializers
 .text.runtime_init_early_resets
                0x100025e4       0x2c CMakeFiles/PicoPro.dir/C_/Users/natol/.pico-sdk/sdk/2.0.0/src/rp2_common/pico_runtime_init/runtime_init.c.obj
                0x100025e4                runtime_init_early_resets
 .text.runtime_init_usb_power_down
                0x10002610       0x1c CMakeFiles/PicoPro.dir/C_/Users/natol/.pico-sdk/sdk/2.0.0/src/rp2_common/pico_runtime_init/runtime_init.c.obj
                0x10002610                runtime_init_usb_power_down
 .text.runtime_init_post_clock_resets
                0x1000262c       0x20 CMakeFiles/PicoPro.dir/C_/Users/natol/.pico-sdk/sdk/2.0.0/src/rp2_common/pico_runtime_init/runtime_init.c.obj
                0x1000262c                runtime_init_post_clock_resets
 .text.runtime_init_rp2040_gpio_ie_disable
                0x1000264c       0x14 CMakeFiles/PicoPro.dir/C_/Users/natol/.pico-sdk/sdk/2.0.0/src/rp2_common/pico_runtime_init/runtime_init.c.obj
                0x1000264c                runtime_init_rp2040_gpio_ie_disable
 .text.runtime_init_spin_locks_reset
                0x10002660        0x8 CMakeFiles/PicoPro.dir/C_/Users/natol/.pico-sdk/sdk/2.0.0/src/rp2_common/pico_runtime_init/runtime_init.c.obj
                0x10002660                runtime_init_spin_locks_reset
 .text.runtime_init_install_ram_vector_table
                0x10002668       0x1c CMakeFiles/PicoPro.dir/C_/Users/natol/.pico-sdk/sdk/2.0.0/src/rp2_common/pico_runtime_init/runtime_init.c.obj
                0x10002668                runtime_init_install_ram_vector_table
 .text.start_all_ticks
                0x10002684       0x28 CMakeFiles/PicoPro.dir/C_/Users/natol/.pico-sdk/sdk/2.0.0/src/rp2_common/pico_runtime_init/runtime_init_clocks.c.obj
 .text.runtime_init_clocks
                0x100026ac       0xcc CMakeFiles/PicoPro.dir/C_/Users/natol/.pico-sdk/sdk/2.0.0/src/rp2_common/pico_runtime_init/runtime_init_clocks.c.obj
                0x100026ac                runtime_init_clocks
 .text          0x10002778       0x10 CMakeFiles/PicoPro.dir/C_/Users/natol/.pico-sdk/sdk/2.0.0/src/rp2_common/pico_bit_ops/bit_ops_aeabi.S.obj
 .text.ctzsi    0x10002788        0xc CMakeFiles/PicoPro.dir/C_/Users/natol/.pico-sdk/sdk/2.0.0/src/rp2_common/pico_bit_ops/bit_ops_aeabi.S.obj
                0x10002788                __wrap___ctzsi2
 .text.rom_func_lookup
                0x10002794       0x10 CMakeFiles/PicoPro.dir/C_/Users/natol/.pico-sdk/sdk/2.0.0/src/rp2_common/pico_bootrom/bootrom.c.obj
                0x10002794                rom_func_lookup
 .text.rom_data_lookup
                0x100027a4       0x10 CMakeFiles/PicoPro.dir/C_/Users/natol/.pico-sdk/sdk/2.0.0/src/rp2_common/pico_bootrom/bootrom.c.obj
                0x100027a4                rom_data_lookup
 .text.rom_funcs_lookup
                0x100027b4       0x36 CMakeFiles/PicoPro.dir/C_/Users/natol/.pico-sdk/sdk/2.0.0/src/rp2_common/pico_bootrom/bootrom.c.obj
                0x100027b4                rom_funcs_lookup
 *fill*         0x100027ea        0x2 
 .text.__wrap___aeabi_idiv
                0x100027ec       0x50 CMakeFiles/PicoPro.dir/C_/Users/natol/.pico-sdk/sdk/2.0.0/src/rp2_common/pico_divider/divider_hardware.S.obj
                0x100027ec                __wrap___aeabi_idivmod
                0x100027ec                divmod_s32s32
                0x100027ec                div_s32s32
                0x100027ec                __wrap___aeabi_idiv
                0x100027f4                divmod_s32s32_unsafe
                0x10002820                divmod_s32s32_savestate
 .text.__wrap___aeabi_uidiv
                0x1000283c       0x4c CMakeFiles/PicoPro.dir/C_/Users/natol/.pico-sdk/sdk/2.0.0/src/rp2_common/pico_divider/divider_hardware.S.obj
                0x1000283c                __wrap___aeabi_uidiv
                0x1000283c                __wrap___aeabi_uidivmod
                0x1000283c                div_u32u32
                0x1000283c                divmod_u32u32
                0x10002844                divmod_u32u32_unsafe
                0x1000286c                divmod_u32u32_savestate
 .text.__wrap___aeabi_ldiv
                0x10002888      0x424 CMakeFiles/PicoPro.dir/C_/Users/natol/.pico-sdk/sdk/2.0.0/src/rp2_common/pico_divider/divider_hardware.S.obj
                0x10002888                div_s64s64
                0x10002888                divmod_s64s64
                0x10002888                __wrap___aeabi_ldivmod
                0x100028b8                divmod_u64u64
                0x100028b8                div_u64u64
                0x100028b8                __wrap___aeabi_uldivmod
                0x100028c8                divmod_u64u64_savestate
                0x100028e8                divmod_s64s64_unsafe
                0x10002970                divmod_u64u64_unsafe
 .text.__wrap___aeabi_darithmetic
                0x10002cac       0x80 CMakeFiles/PicoPro.dir/C_/Users/natol/.pico-sdk/sdk/2.0.0/src/rp2_common/pico_double/double_aeabi_rp2040.S.obj
                0x10002cac                __wrap___aeabi_drsub
                0x10002cb2                __wrap___aeabi_dsub
                0x10002cc4                __wrap___aeabi_dadd
                0x10002cd6                __wrap___aeabi_ddiv
                0x10002d12                __wrap___aeabi_dmul
 .text.__wrap___aeabi_cdcmple
                0x10002d2c       0x6c CMakeFiles/PicoPro.dir/C_/Users/natol/.pico-sdk/sdk/2.0.0/src/rp2_common/pico_double/double_aeabi_rp2040.S.obj
                0x10002d2c                __wrap___aeabi_cdrcmple
                0x10002d3c                __wrap___aeabi_cdcmpeq
                0x10002d3c                __wrap___aeabi_cdcmple
 .text.__wrap___aeabi_dcmplt
                0x10002d98        0xc CMakeFiles/PicoPro.dir/C_/Users/natol/.pico-sdk/sdk/2.0.0/src/rp2_common/pico_double/double_aeabi_rp2040.S.obj
                0x10002d98                __wrap___aeabi_dcmplt
 .text.__wrap___aeabi_dcmple
                0x10002da4       0x10 CMakeFiles/PicoPro.dir/C_/Users/natol/.pico-sdk/sdk/2.0.0/src/rp2_common/pico_double/double_aeabi_rp2040.S.obj
                0x10002da4                __wrap___aeabi_dcmple
 .text.__wrap___aeabi_dcmpge
                0x10002db4       0x10 CMakeFiles/PicoPro.dir/C_/Users/natol/.pico-sdk/sdk/2.0.0/src/rp2_common/pico_double/double_aeabi_rp2040.S.obj
                0x10002db4                __wrap___aeabi_dcmpge
 .text.__wrap___aeabi_dcmpgt
                0x10002dc4        0xa CMakeFiles/PicoPro.dir/C_/Users/natol/.pico-sdk/sdk/2.0.0/src/rp2_common/pico_double/double_aeabi_rp2040.S.obj
                0x10002dc4                __wrap___aeabi_dcmpgt
 .text.__wrap___aeabi_dcmpun
                0x10002dce       0x18 CMakeFiles/PicoPro.dir/C_/Users/natol/.pico-sdk/sdk/2.0.0/src/rp2_common/pico_double/double_aeabi_rp2040.S.obj
                0x10002dce                __wrap___aeabi_dcmpun
 *fill*         0x10002de6        0x2 
 .text.__wrap___aeabi_i2d
                0x10002de8       0x38 CMakeFiles/PicoPro.dir/C_/Users/natol/.pico-sdk/sdk/2.0.0/src/rp2_common/pico_double/double_aeabi_rp2040.S.obj
                0x10002de8                __wrap___aeabi_ui2d
                0x10002df0                __wrap___aeabi_i2d
 .text.__wrap___aeabi_d2iz
                0x10002e20       0x48 CMakeFiles/PicoPro.dir/C_/Users/natol/.pico-sdk/sdk/2.0.0/src/rp2_common/pico_double/double_aeabi_rp2040.S.obj
                0x10002e20                double2int_z
                0x10002e20                __wrap___aeabi_d2iz
 .text.__wrap___aeabi_d2uiz
                0x10002e68       0x18 CMakeFiles/PicoPro.dir/C_/Users/natol/.pico-sdk/sdk/2.0.0/src/rp2_common/pico_double/double_aeabi_rp2040.S.obj
                0x10002e68                __wrap___aeabi_d2uiz
                0x10002e68                double2uint
 .text.__aeabi_double_init
                0x10002e80       0xcc CMakeFiles/PicoPro.dir/C_/Users/natol/.pico-sdk/sdk/2.0.0/src/rp2_common/pico_double/double_init_rom_rp2040.c.obj
                0x10002e80                __aeabi_double_init
 .text.double_table_shim_on_use_helper
                0x10002f4c       0x34 CMakeFiles/PicoPro.dir/C_/Users/natol/.pico-sdk/sdk/2.0.0/src/rp2_common/pico_double/double_v1_rom_shim_rp2040.S.obj
                0x10002f4c                double_table_shim_on_use_helper
 .text.__wrap___aeabi_dsub
                0x10002f80       0x10 CMakeFiles/PicoPro.dir/C_/Users/natol/.pico-sdk/sdk/2.0.0/src/rp2_common/pico_double/double_v1_rom_shim_rp2040.S.obj
                0x10002f80                drsub_shim
                0x10002f86                dsub_shim
 .text.dadd_shim
                0x10002f90      0x15c CMakeFiles/PicoPro.dir/C_/Users/natol/.pico-sdk/sdk/2.0.0/src/rp2_common/pico_double/double_v1_rom_shim_rp2040.S.obj
                0x10002f90                dadd_shim
 .text.dmul_shim
                0x100030ec      0x15c CMakeFiles/PicoPro.dir/C_/Users/natol/.pico-sdk/sdk/2.0.0/src/rp2_common/pico_double/double_v1_rom_shim_rp2040.S.obj
                0x100030ec                dmul_shim
 .text.ddiv_shim
                0x10003248      0x1b0 CMakeFiles/PicoPro.dir/C_/Users/natol/.pico-sdk/sdk/2.0.0/src/rp2_common/pico_double/double_v1_rom_shim_rp2040.S.obj
                0x10003248                ddiv_shim
 .text.double2uint_shim
                0x100033f8        0xe CMakeFiles/PicoPro.dir/C_/Users/natol/.pico-sdk/sdk/2.0.0/src/rp2_common/pico_double/double_v1_rom_shim_rp2040.S.obj
                0x100033f8                double2uint_shim
                0x100033fa                double2ufix_shim
 *fill*         0x10003406        0x2 
 .text.double2uint64_shim
                0x10003408       0x70 CMakeFiles/PicoPro.dir/C_/Users/natol/.pico-sdk/sdk/2.0.0/src/rp2_common/pico_double/double_v1_rom_shim_rp2040.S.obj
                0x10003408                double2uint64_shim
                0x1000340a                double2ufix64_shim
                0x1000342a                d2fix_a
 .text.dunpacks
                0x10003478       0x3c CMakeFiles/PicoPro.dir/C_/Users/natol/.pico-sdk/sdk/2.0.0/src/rp2_common/pico_double/double_v1_rom_shim_rp2040.S.obj
                0x10003478                dunpacks
 .text.__aeabi_lmul
                0x100034b4       0x32 CMakeFiles/PicoPro.dir/C_/Users/natol/.pico-sdk/sdk/2.0.0/src/rp2_common/pico_int64_ops/pico_int64_ops_aeabi.S.obj
                0x100034b4                __wrap___aeabi_lmul
 *fill*         0x100034e6        0x2 
 .text.__wrap___aeabi_farithmetic
                0x100034e8       0x58 CMakeFiles/PicoPro.dir/C_/Users/natol/.pico-sdk/sdk/2.0.0/src/rp2_common/pico_float/float_aeabi_rp2040.S.obj
                0x100034e8                __wrap___aeabi_frsub
                0x100034ee                __wrap___aeabi_fsub
                0x100034f8                __wrap___aeabi_fadd
                0x10003502                __wrap___aeabi_fdiv
                0x1000352e                __wrap___aeabi_fmul
 .text.__wrap___aeabi_ui2f
                0x10003540        0xa CMakeFiles/PicoPro.dir/C_/Users/natol/.pico-sdk/sdk/2.0.0/src/rp2_common/pico_float/float_aeabi_rp2040.S.obj
                0x10003540                __wrap___aeabi_ui2f
                0x10003540                uint2float
 *fill*         0x1000354a        0x2 
 .text.__wrap___aeabi_i2f
                0x1000354c       0x44 CMakeFiles/PicoPro.dir/C_/Users/natol/.pico-sdk/sdk/2.0.0/src/rp2_common/pico_float/float_aeabi_rp2040.S.obj
                0x1000354c                __wrap___aeabi_i2f
                0x1000354c                int2float
 .text.__wrap___aeabi_f2uiz
                0x10003590       0x10 CMakeFiles/PicoPro.dir/C_/Users/natol/.pico-sdk/sdk/2.0.0/src/rp2_common/pico_float/float_aeabi_rp2040.S.obj
                0x10003590                __wrap___aeabi_f2uiz
                0x10003590                float2uint_z
 .text.__aeabi_float_init
                0x100035a0       0xfc CMakeFiles/PicoPro.dir/C_/Users/natol/.pico-sdk/sdk/2.0.0/src/rp2_common/pico_float/float_init_rom_rp2040.c.obj
                0x100035a0                __aeabi_float_init
 .text.float_table_shim_on_use_helper
                0x1000369c       0x34 CMakeFiles/PicoPro.dir/C_/Users/natol/.pico-sdk/sdk/2.0.0/src/rp2_common/pico_float/float_v1_rom_shim_rp2040.S.obj
                0x1000369c                float_table_shim_on_use_helper
 .text.check_alloc
                0x100036d0       0x20 CMakeFiles/PicoPro.dir/C_/Users/natol/.pico-sdk/sdk/2.0.0/src/rp2_common/pico_malloc/malloc.c.obj
 .text.__wrap_malloc
                0x100036f0       0x2c CMakeFiles/PicoPro.dir/C_/Users/natol/.pico-sdk/sdk/2.0.0/src/rp2_common/pico_malloc/malloc.c.obj
                0x100036f0                __wrap_malloc
 .text.__wrap_calloc
                0x1000371c       0x30 CMakeFiles/PicoPro.dir/C_/Users/natol/.pico-sdk/sdk/2.0.0/src/rp2_common/pico_malloc/malloc.c.obj
                0x1000371c                __wrap_calloc
 .text          0x1000374c       0x10 CMakeFiles/PicoPro.dir/C_/Users/natol/.pico-sdk/sdk/2.0.0/src/rp2_common/pico_mem_ops/mem_ops_aeabi.S.obj
                0x1000374c                __aeabi_mem_init
 .text.memset   0x1000375c        0xc CMakeFiles/PicoPro.dir/C_/Users/natol/.pico-sdk/sdk/2.0.0/src/rp2_common/pico_mem_ops/mem_ops_aeabi.S.obj
                0x1000375c                __wrap_memset
 .text.memcpy   0x10003768        0xc CMakeFiles/PicoPro.dir/C_/Users/natol/.pico-sdk/sdk/2.0.0/src/rp2_common/pico_mem_ops/mem_ops_aeabi.S.obj
                0x10003768                __wrap_memcpy
                0x10003768                __wrap___aeabi_memcpy
 .text._out_buffer
                0x10003774        0x8 CMakeFiles/PicoPro.dir/C_/Users/natol/.pico-sdk/sdk/2.0.0/src/rp2_common/pico_printf/printf.c.obj
 .text._out_null
                0x1000377c        0x2 CMakeFiles/PicoPro.dir/C_/Users/natol/.pico-sdk/sdk/2.0.0/src/rp2_common/pico_printf/printf.c.obj
 .text._out_fct
                0x1000377e        0xe CMakeFiles/PicoPro.dir/C_/Users/natol/.pico-sdk/sdk/2.0.0/src/rp2_common/pico_printf/printf.c.obj
 .text._atoi    0x1000378c       0x24 CMakeFiles/PicoPro.dir/C_/Users/natol/.pico-sdk/sdk/2.0.0/src/rp2_common/pico_printf/printf.c.obj
 .text._out_rev
                0x100037b0       0xae CMakeFiles/PicoPro.dir/C_/Users/natol/.pico-sdk/sdk/2.0.0/src/rp2_common/pico_printf/printf.c.obj
 .text._ntoa_format
                0x1000385e      0x110 CMakeFiles/PicoPro.dir/C_/Users/natol/.pico-sdk/sdk/2.0.0/src/rp2_common/pico_printf/printf.c.obj
 .text._ntoa_long
                0x1000396e       0xbc CMakeFiles/PicoPro.dir/C_/Users/natol/.pico-sdk/sdk/2.0.0/src/rp2_common/pico_printf/printf.c.obj
 .text._ntoa_long_long
                0x10003a2a      0x10e CMakeFiles/PicoPro.dir/C_/Users/natol/.pico-sdk/sdk/2.0.0/src/rp2_common/pico_printf/printf.c.obj
 .text._etoa    0x10003b38      0x420 CMakeFiles/PicoPro.dir/C_/Users/natol/.pico-sdk/sdk/2.0.0/src/rp2_common/pico_printf/printf.c.obj
 .text._ftoa    0x10003f58      0x354 CMakeFiles/PicoPro.dir/C_/Users/natol/.pico-sdk/sdk/2.0.0/src/rp2_common/pico_printf/printf.c.obj
 .text._vsnprintf
                0x100042ac      0x668 CMakeFiles/PicoPro.dir/C_/Users/natol/.pico-sdk/sdk/2.0.0/src/rp2_common/pico_printf/printf.c.obj
 .text.__wrap_sprintf
                0x10004914       0x2c CMakeFiles/PicoPro.dir/C_/Users/natol/.pico-sdk/sdk/2.0.0/src/rp2_common/pico_printf/printf.c.obj
                0x10004914                __wrap_sprintf
 .text.vfctprintf
                0x10004940       0x20 CMakeFiles/PicoPro.dir/C_/Users/natol/.pico-sdk/sdk/2.0.0/src/rp2_common/pico_printf/printf.c.obj
                0x10004940                vfctprintf
 .text._exit    0x10004960        0x4 CMakeFiles/PicoPro.dir/C_/Users/natol/.pico-sdk/sdk/2.0.0/src/rp2_common/pico_clib_interface/newlib_interface.c.obj
                0x10004960                _exit
 .text._sbrk    0x10004964       0x38 CMakeFiles/PicoPro.dir/C_/Users/natol/.pico-sdk/sdk/2.0.0/src/rp2_common/pico_clib_interface/newlib_interface.c.obj
                0x10004964                _sbrk
 .text._read    0x1000499c       0x24 CMakeFiles/PicoPro.dir/C_/Users/natol/.pico-sdk/sdk/2.0.0/src/rp2_common/pico_clib_interface/newlib_interface.c.obj
                0x1000499c                _read
 .text._write   0x100049c0       0x22 CMakeFiles/PicoPro.dir/C_/Users/natol/.pico-sdk/sdk/2.0.0/src/rp2_common/pico_clib_interface/newlib_interface.c.obj
                0x100049c0                _write
 .text._close   0x100049e2        0x6 CMakeFiles/PicoPro.dir/C_/Users/natol/.pico-sdk/sdk/2.0.0/src/rp2_common/pico_clib_interface/newlib_interface.c.obj
                0x100049e2                _close
 .text._lseek   0x100049e8        0x6 CMakeFiles/PicoPro.dir/C_/Users/natol/.pico-sdk/sdk/2.0.0/src/rp2_common/pico_clib_interface/newlib_interface.c.obj
                0x100049e8                _lseek
 .text.exit     0x100049ee        0x6 CMakeFiles/PicoPro.dir/C_/Users/natol/.pico-sdk/sdk/2.0.0/src/rp2_common/pico_clib_interface/newlib_interface.c.obj
                0x100049ee                exit
 .text.__assert_func
                0x100049f4       0x38 CMakeFiles/PicoPro.dir/C_/Users/natol/.pico-sdk/sdk/2.0.0/src/rp2_common/pico_clib_interface/newlib_interface.c.obj
                0x100049f4                __assert_func
 .text.runtime_init
                0x10004a2c       0x28 CMakeFiles/PicoPro.dir/C_/Users/natol/.pico-sdk/sdk/2.0.0/src/rp2_common/pico_clib_interface/newlib_interface.c.obj
                0x10004a2c                runtime_init
 .text.stdio_out_chars_no_crlf
                0x10004a54        0xe CMakeFiles/PicoPro.dir/C_/Users/natol/.pico-sdk/sdk/2.0.0/src/rp2_common/pico_stdio/stdio.c.obj
 *fill*         0x10004a62        0x2 
 .text.stdio_out_chars_crlf
                0x10004a64       0x80 CMakeFiles/PicoPro.dir/C_/Users/natol/.pico-sdk/sdk/2.0.0/src/rp2_common/pico_stdio/stdio.c.obj
 .text.stdio_stack_buffer_flush
                0x10004ae4       0x44 CMakeFiles/PicoPro.dir/C_/Users/natol/.pico-sdk/sdk/2.0.0/src/rp2_common/pico_stdio/stdio.c.obj
 .text.stdio_buffered_printer
                0x10004b28       0x20 CMakeFiles/PicoPro.dir/C_/Users/natol/.pico-sdk/sdk/2.0.0/src/rp2_common/pico_stdio/stdio.c.obj
 .text.stdout_serialize_begin
                0x10004b48       0x30 CMakeFiles/PicoPro.dir/C_/Users/natol/.pico-sdk/sdk/2.0.0/src/rp2_common/pico_stdio/stdio.c.obj
                0x10004b48                stdout_serialize_begin
 .text.stdout_serialize_end
                0x10004b78       0x10 CMakeFiles/PicoPro.dir/C_/Users/natol/.pico-sdk/sdk/2.0.0/src/rp2_common/pico_stdio/stdio.c.obj
                0x10004b78                stdout_serialize_end
 .text.stdio_put_string
                0x10004b88       0x94 CMakeFiles/PicoPro.dir/C_/Users/natol/.pico-sdk/sdk/2.0.0/src/rp2_common/pico_stdio/stdio.c.obj
                0x10004b88                stdio_put_string
 .text.stdio_get_until
                0x10004c1c       0x74 CMakeFiles/PicoPro.dir/C_/Users/natol/.pico-sdk/sdk/2.0.0/src/rp2_common/pico_stdio/stdio.c.obj
                0x10004c1c                stdio_get_until
 .text.stdio_set_driver_enabled
                0x10004c90       0x2c CMakeFiles/PicoPro.dir/C_/Users/natol/.pico-sdk/sdk/2.0.0/src/rp2_common/pico_stdio/stdio.c.obj
                0x10004c90                stdio_set_driver_enabled
 .text.stdio_flush
                0x10004cbc       0x20 CMakeFiles/PicoPro.dir/C_/Users/natol/.pico-sdk/sdk/2.0.0/src/rp2_common/pico_stdio/stdio.c.obj
                0x10004cbc                stdio_flush
 .text.stdio_init_all
                0x10004cdc        0xa CMakeFiles/PicoPro.dir/C_/Users/natol/.pico-sdk/sdk/2.0.0/src/rp2_common/pico_stdio/stdio.c.obj
                0x10004cdc                stdio_init_all
 .text.__wrap_puts
                0x10004ce6       0x1e CMakeFiles/PicoPro.dir/C_/Users/natol/.pico-sdk/sdk/2.0.0/src/rp2_common/pico_stdio/stdio.c.obj
                0x10004ce6                stdio_puts
                0x10004ce6                __wrap_puts
 .text.__wrap_vprintf
                0x10004d04       0x40 CMakeFiles/PicoPro.dir/C_/Users/natol/.pico-sdk/sdk/2.0.0/src/rp2_common/pico_stdio/stdio.c.obj
                0x10004d04                stdio_vprintf
                0x10004d04                __wrap_vprintf
 .text.__wrap_printf
                0x10004d44       0x18 CMakeFiles/PicoPro.dir/C_/Users/natol/.pico-sdk/sdk/2.0.0/src/rp2_common/pico_stdio/stdio.c.obj
                0x10004d44                __wrap_printf
                0x10004d44                stdio_printf
 .text.uart_putc
                0x10004d5c       0x60 CMakeFiles/PicoPro.dir/C_/Users/natol/.pico-sdk/sdk/2.0.0/src/rp2_common/pico_stdio_uart/stdio_uart.c.obj
 .text.uart_getc
                0x10004dbc       0x24 CMakeFiles/PicoPro.dir/C_/Users/natol/.pico-sdk/sdk/2.0.0/src/rp2_common/pico_stdio_uart/stdio_uart.c.obj
 .text.stdio_uart_out_chars
                0x10004de0       0x20 CMakeFiles/PicoPro.dir/C_/Users/natol/.pico-sdk/sdk/2.0.0/src/rp2_common/pico_stdio_uart/stdio_uart.c.obj
 .text.stdio_uart_in_chars
                0x10004e00       0x5c CMakeFiles/PicoPro.dir/C_/Users/natol/.pico-sdk/sdk/2.0.0/src/rp2_common/pico_stdio_uart/stdio_uart.c.obj
                0x10004e00                stdio_uart_in_chars
 .text.on_uart_rx
                0x10004e5c       0x28 CMakeFiles/PicoPro.dir/C_/Users/natol/.pico-sdk/sdk/2.0.0/src/rp2_common/pico_stdio_uart/stdio_uart.c.obj
 .text.stdio_uart_out_flush
                0x10004e84       0x10 CMakeFiles/PicoPro.dir/C_/Users/natol/.pico-sdk/sdk/2.0.0/src/rp2_common/pico_stdio_uart/stdio_uart.c.obj
 .text.stdio_uart_set_chars_available_callback
                0x10004e94       0x8c CMakeFiles/PicoPro.dir/C_/Users/natol/.pico-sdk/sdk/2.0.0/src/rp2_common/pico_stdio_uart/stdio_uart.c.obj
 .text.stdio_uart_init_full
                0x10004f20       0x44 CMakeFiles/PicoPro.dir/C_/Users/natol/.pico-sdk/sdk/2.0.0/src/rp2_common/pico_stdio_uart/stdio_uart.c.obj
                0x10004f20                stdio_uart_init_full
 .text.stdio_uart_init
                0x10004f64       0x30 CMakeFiles/PicoPro.dir/C_/Users/natol/.pico-sdk/sdk/2.0.0/src/rp2_common/pico_stdio_uart/stdio_uart.c.obj
                0x10004f64                stdio_uart_init
 .text._hw_endpoint_alloc
                0x10004f94       0x70 CMakeFiles/PicoPro.dir/C_/Users/natol/.pico-sdk/sdk/2.0.0/lib/tinyusb/src/portable/raspberrypi/rp2040/dcd_rp2040.c.obj
 .text.hw_endpoint_init
                0x10005004       0xbc CMakeFiles/PicoPro.dir/C_/Users/natol/.pico-sdk/sdk/2.0.0/lib/tinyusb/src/portable/raspberrypi/rp2040/dcd_rp2040.c.obj
 .text.hw_endpoint_xfer
                0x100050c0       0x20 CMakeFiles/PicoPro.dir/C_/Users/natol/.pico-sdk/sdk/2.0.0/lib/tinyusb/src/portable/raspberrypi/rp2040/dcd_rp2040.c.obj
 .text.dcd_int_enable
                0x100050e0       0x2c CMakeFiles/PicoPro.dir/C_/Users/natol/.pico-sdk/sdk/2.0.0/lib/tinyusb/src/portable/raspberrypi/rp2040/dcd_rp2040.c.obj
                0x100050e0                dcd_int_enable
 .text.dcd_set_address
                0x1000510c       0x2c CMakeFiles/PicoPro.dir/C_/Users/natol/.pico-sdk/sdk/2.0.0/lib/tinyusb/src/portable/raspberrypi/rp2040/dcd_rp2040.c.obj
                0x1000510c                dcd_set_address
 .text.dcd_connect
                0x10005138       0x10 CMakeFiles/PicoPro.dir/C_/Users/natol/.pico-sdk/sdk/2.0.0/lib/tinyusb/src/portable/raspberrypi/rp2040/dcd_rp2040.c.obj
                0x10005138                dcd_connect
 .text.dcd_init
                0x10005148       0x80 CMakeFiles/PicoPro.dir/C_/Users/natol/.pico-sdk/sdk/2.0.0/lib/tinyusb/src/portable/raspberrypi/rp2040/dcd_rp2040.c.obj
                0x10005148                dcd_init
 .text.dcd_sof_enable
                0x100051c8       0x1c CMakeFiles/PicoPro.dir/C_/Users/natol/.pico-sdk/sdk/2.0.0/lib/tinyusb/src/portable/raspberrypi/rp2040/dcd_rp2040.c.obj
                0x100051c8                dcd_sof_enable
 .text.dcd_edpt0_status_complete
                0x100051e4       0x1c CMakeFiles/PicoPro.dir/C_/Users/natol/.pico-sdk/sdk/2.0.0/lib/tinyusb/src/portable/raspberrypi/rp2040/dcd_rp2040.c.obj
                0x100051e4                dcd_edpt0_status_complete
 .text.dcd_edpt_open
                0x10005200       0x40 CMakeFiles/PicoPro.dir/C_/Users/natol/.pico-sdk/sdk/2.0.0/lib/tinyusb/src/portable/raspberrypi/rp2040/dcd_rp2040.c.obj
                0x10005200                dcd_edpt_open
 .text.dcd_edpt_close_all
                0x10005240        0x8 CMakeFiles/PicoPro.dir/C_/Users/natol/.pico-sdk/sdk/2.0.0/lib/tinyusb/src/portable/raspberrypi/rp2040/dcd_rp2040.c.obj
                0x10005240                dcd_edpt_close_all
 .text.dcd_edpt_xfer
                0x10005248       0x30 CMakeFiles/PicoPro.dir/C_/Users/natol/.pico-sdk/sdk/2.0.0/lib/tinyusb/src/portable/raspberrypi/rp2040/dcd_rp2040.c.obj
                0x10005248                dcd_edpt_xfer
 .text.dcd_edpt_stall
                0x10005278       0x3c CMakeFiles/PicoPro.dir/C_/Users/natol/.pico-sdk/sdk/2.0.0/lib/tinyusb/src/portable/raspberrypi/rp2040/dcd_rp2040.c.obj
                0x10005278                dcd_edpt_stall
 .text.dcd_edpt_clear_stall
                0x100052b4       0x30 CMakeFiles/PicoPro.dir/C_/Users/natol/.pico-sdk/sdk/2.0.0/lib/tinyusb/src/portable/raspberrypi/rp2040/dcd_rp2040.c.obj
                0x100052b4                dcd_edpt_clear_stall
 .text.unaligned_memcpy
                0x100052e4       0x14 CMakeFiles/PicoPro.dir/C_/Users/natol/.pico-sdk/sdk/2.0.0/lib/tinyusb/src/portable/raspberrypi/rp2040/rp2040_usb.c.obj
 .text.rp2040_usb_init
                0x100052f8       0x44 CMakeFiles/PicoPro.dir/C_/Users/natol/.pico-sdk/sdk/2.0.0/lib/tinyusb/src/portable/raspberrypi/rp2040/rp2040_usb.c.obj
                0x100052f8                rp2040_usb_init
 .text.hw_endpoint_xfer_start
                0x1000533c       0x60 CMakeFiles/PicoPro.dir/C_/Users/natol/.pico-sdk/sdk/2.0.0/lib/tinyusb/src/portable/raspberrypi/rp2040/rp2040_usb.c.obj
                0x1000533c                hw_endpoint_xfer_start
 .text.tud_vendor_control_xfer_cb
                0x1000539c        0x4 CMakeFiles/PicoPro.dir/C_/Users/natol/.pico-sdk/sdk/2.0.0/lib/tinyusb/src/device/usbd.c.obj
                0x1000539c                tud_vendor_control_xfer_cb
 .text.configuration_reset
                0x100053a0       0x7c CMakeFiles/PicoPro.dir/C_/Users/natol/.pico-sdk/sdk/2.0.0/lib/tinyusb/src/device/usbd.c.obj
 .text.critical_section_enter_blocking
                0x1000541c       0x16 CMakeFiles/PicoPro.dir/C_/Users/natol/.pico-sdk/sdk/2.0.0/lib/tinyusb/src/device/usbd.c.obj
 .text.usbd_reset
                0x10005432        0xc CMakeFiles/PicoPro.dir/C_/Users/natol/.pico-sdk/sdk/2.0.0/lib/tinyusb/src/device/usbd.c.obj
 .text.invoke_class_control
                0x1000543e       0x1a CMakeFiles/PicoPro.dir/C_/Users/natol/.pico-sdk/sdk/2.0.0/lib/tinyusb/src/device/usbd.c.obj
 .text.process_set_config
                0x10005458      0x170 CMakeFiles/PicoPro.dir/C_/Users/natol/.pico-sdk/sdk/2.0.0/lib/tinyusb/src/device/usbd.c.obj
 .text.tud_event_hook_cb
                0x100055c8        0x2 CMakeFiles/PicoPro.dir/C_/Users/natol/.pico-sdk/sdk/2.0.0/lib/tinyusb/src/device/usbd.c.obj
                0x100055c8                tud_event_hook_cb
 .text.tud_sof_cb
                0x100055ca        0x2 CMakeFiles/PicoPro.dir/C_/Users/natol/.pico-sdk/sdk/2.0.0/lib/tinyusb/src/device/usbd.c.obj
                0x100055ca                tud_sof_cb
 .text.tud_descriptor_bos_cb
                0x100055cc        0x4 CMakeFiles/PicoPro.dir/C_/Users/natol/.pico-sdk/sdk/2.0.0/lib/tinyusb/src/device/usbd.c.obj
                0x100055cc                tud_descriptor_bos_cb
 .text.tud_descriptor_device_qualifier_cb
                0x100055d0        0x4 CMakeFiles/PicoPro.dir/C_/Users/natol/.pico-sdk/sdk/2.0.0/lib/tinyusb/src/device/usbd.c.obj
                0x100055d0                tud_descriptor_device_qualifier_cb
 .text.tud_descriptor_other_speed_configuration_cb
                0x100055d4        0x4 CMakeFiles/PicoPro.dir/C_/Users/natol/.pico-sdk/sdk/2.0.0/lib/tinyusb/src/device/usbd.c.obj
                0x100055d4                tud_descriptor_other_speed_configuration_cb
 .text.process_get_descriptor
                0x100055d8       0xe0 CMakeFiles/PicoPro.dir/C_/Users/natol/.pico-sdk/sdk/2.0.0/lib/tinyusb/src/device/usbd.c.obj
 .text.tud_mount_cb
                0x100056b8        0x2 CMakeFiles/PicoPro.dir/C_/Users/natol/.pico-sdk/sdk/2.0.0/lib/tinyusb/src/device/usbd.c.obj
                0x100056b8                tud_mount_cb
 .text.tud_umount_cb
                0x100056ba        0x2 CMakeFiles/PicoPro.dir/C_/Users/natol/.pico-sdk/sdk/2.0.0/lib/tinyusb/src/device/usbd.c.obj
                0x100056ba                tud_umount_cb
 .text.tud_suspend_cb
                0x100056bc        0x2 CMakeFiles/PicoPro.dir/C_/Users/natol/.pico-sdk/sdk/2.0.0/lib/tinyusb/src/device/usbd.c.obj
                0x100056bc                tud_suspend_cb
 .text.tud_resume_cb
                0x100056be        0x2 CMakeFiles/PicoPro.dir/C_/Users/natol/.pico-sdk/sdk/2.0.0/lib/tinyusb/src/device/usbd.c.obj
                0x100056be                tud_resume_cb
 .text.tud_inited
                0x100056c0       0x14 CMakeFiles/PicoPro.dir/C_/Users/natol/.pico-sdk/sdk/2.0.0/lib/tinyusb/src/device/usbd.c.obj
                0x100056c0                tud_inited
 .text.tud_init
                0x100056d4       0xd4 CMakeFiles/PicoPro.dir/C_/Users/natol/.pico-sdk/sdk/2.0.0/lib/tinyusb/src/device/usbd.c.obj
                0x100056d4                tud_init
 .text.usbd_edpt_open
                0x100057a8       0x60 CMakeFiles/PicoPro.dir/C_/Users/natol/.pico-sdk/sdk/2.0.0/lib/tinyusb/src/device/usbd.c.obj
                0x100057a8                usbd_edpt_open
 .text.usbd_open_edpt_pair
                0x10005808       0x8c CMakeFiles/PicoPro.dir/C_/Users/natol/.pico-sdk/sdk/2.0.0/lib/tinyusb/src/device/usbd.c.obj
                0x10005808                usbd_open_edpt_pair
 .text.usbd_edpt_claim
                0x10005894       0x28 CMakeFiles/PicoPro.dir/C_/Users/natol/.pico-sdk/sdk/2.0.0/lib/tinyusb/src/device/usbd.c.obj
                0x10005894                usbd_edpt_claim
 .text.usbd_edpt_xfer
                0x100058bc       0x88 CMakeFiles/PicoPro.dir/C_/Users/natol/.pico-sdk/sdk/2.0.0/lib/tinyusb/src/device/usbd.c.obj
                0x100058bc                usbd_edpt_xfer
 .text.usbd_edpt_stall
                0x10005944       0x34 CMakeFiles/PicoPro.dir/C_/Users/natol/.pico-sdk/sdk/2.0.0/lib/tinyusb/src/device/usbd.c.obj
                0x10005944                usbd_edpt_stall
 .text.usbd_edpt_clear_stall
                0x10005978       0x34 CMakeFiles/PicoPro.dir/C_/Users/natol/.pico-sdk/sdk/2.0.0/lib/tinyusb/src/device/usbd.c.obj
                0x10005978                usbd_edpt_clear_stall
 .text.usbd_edpt_stalled
                0x100059ac       0x1c CMakeFiles/PicoPro.dir/C_/Users/natol/.pico-sdk/sdk/2.0.0/lib/tinyusb/src/device/usbd.c.obj
                0x100059ac                usbd_edpt_stalled
 .text.process_control_request
                0x100059c8      0x38c CMakeFiles/PicoPro.dir/C_/Users/natol/.pico-sdk/sdk/2.0.0/lib/tinyusb/src/device/usbd.c.obj
 .text.tud_task_ext
                0x10005d54      0x1c4 CMakeFiles/PicoPro.dir/C_/Users/natol/.pico-sdk/sdk/2.0.0/lib/tinyusb/src/device/usbd.c.obj
                0x10005d54                tud_task_ext
 .text._status_stage_xact
                0x10005f18       0x1a CMakeFiles/PicoPro.dir/C_/Users/natol/.pico-sdk/sdk/2.0.0/lib/tinyusb/src/device/usbd_control.c.obj
 *fill*         0x10005f32        0x2 
 .text._data_stage_xact
                0x10005f34       0x60 CMakeFiles/PicoPro.dir/C_/Users/natol/.pico-sdk/sdk/2.0.0/lib/tinyusb/src/device/usbd_control.c.obj
 .text.tud_control_status
                0x10005f94       0x28 CMakeFiles/PicoPro.dir/C_/Users/natol/.pico-sdk/sdk/2.0.0/lib/tinyusb/src/device/usbd_control.c.obj
                0x10005f94                tud_control_status
 .text.tud_control_xfer
                0x10005fbc       0x98 CMakeFiles/PicoPro.dir/C_/Users/natol/.pico-sdk/sdk/2.0.0/lib/tinyusb/src/device/usbd_control.c.obj
                0x10005fbc                tud_control_xfer
 .text.usbd_control_reset
                0x10006054       0x14 CMakeFiles/PicoPro.dir/C_/Users/natol/.pico-sdk/sdk/2.0.0/lib/tinyusb/src/device/usbd_control.c.obj
                0x10006054                usbd_control_reset
 .text.usbd_control_set_complete_callback
                0x10006068        0xc CMakeFiles/PicoPro.dir/C_/Users/natol/.pico-sdk/sdk/2.0.0/lib/tinyusb/src/device/usbd_control.c.obj
                0x10006068                usbd_control_set_complete_callback
 .text.usbd_control_set_request
                0x10006074       0x1c CMakeFiles/PicoPro.dir/C_/Users/natol/.pico-sdk/sdk/2.0.0/lib/tinyusb/src/device/usbd_control.c.obj
                0x10006074                usbd_control_set_request
 .text.usbd_control_xfer_cb
                0x10006090       0xe0 CMakeFiles/PicoPro.dir/C_/Users/natol/.pico-sdk/sdk/2.0.0/lib/tinyusb/src/device/usbd_control.c.obj
                0x10006090                usbd_control_xfer_cb
 .text.tud_hid_set_protocol_cb
                0x10006170        0x2 CMakeFiles/PicoPro.dir/C_/Users/natol/.pico-sdk/sdk/2.0.0/lib/tinyusb/src/class/hid/hid_device.c.obj
                0x10006170                tud_hid_set_protocol_cb
 .text.tud_hid_set_idle_cb
                0x10006172        0x4 CMakeFiles/PicoPro.dir/C_/Users/natol/.pico-sdk/sdk/2.0.0/lib/tinyusb/src/class/hid/hid_device.c.obj
                0x10006172                tud_hid_set_idle_cb
 .text.tud_hid_report_complete_cb
                0x10006176        0x2 CMakeFiles/PicoPro.dir/C_/Users/natol/.pico-sdk/sdk/2.0.0/lib/tinyusb/src/class/hid/hid_device.c.obj
                0x10006176                tud_hid_report_complete_cb
 .text.tud_hid_report_failed_cb
                0x10006178        0x2 CMakeFiles/PicoPro.dir/C_/Users/natol/.pico-sdk/sdk/2.0.0/lib/tinyusb/src/class/hid/hid_device.c.obj
                0x10006178                tud_hid_report_failed_cb
 *fill*         0x1000617a        0x2 
 .text.tud_hid_n_report
                0x1000617c       0x88 CMakeFiles/PicoPro.dir/C_/Users/natol/.pico-sdk/sdk/2.0.0/lib/tinyusb/src/class/hid/hid_device.c.obj
                0x1000617c                tud_hid_n_report
 .text.hidd_deinit
                0x10006204        0x4 CMakeFiles/PicoPro.dir/C_/Users/natol/.pico-sdk/sdk/2.0.0/lib/tinyusb/src/class/hid/hid_device.c.obj
                0x10006204                hidd_deinit
 .text.hidd_reset
                0x10006208       0x14 CMakeFiles/PicoPro.dir/C_/Users/natol/.pico-sdk/sdk/2.0.0/lib/tinyusb/src/class/hid/hid_device.c.obj
                0x10006208                hidd_reset
 .text.hidd_init
                0x1000621c        0xa CMakeFiles/PicoPro.dir/C_/Users/natol/.pico-sdk/sdk/2.0.0/lib/tinyusb/src/class/hid/hid_device.c.obj
                0x1000621c                hidd_init
 *fill*         0x10006226        0x2 
 .text.hidd_open
                0x10006228       0xf8 CMakeFiles/PicoPro.dir/C_/Users/natol/.pico-sdk/sdk/2.0.0/lib/tinyusb/src/class/hid/hid_device.c.obj
                0x10006228                hidd_open
 .text.hidd_control_xfer_cb
                0x10006320      0x28c CMakeFiles/PicoPro.dir/C_/Users/natol/.pico-sdk/sdk/2.0.0/lib/tinyusb/src/class/hid/hid_device.c.obj
                0x10006320                hidd_control_xfer_cb
 .text.hidd_xfer_cb
                0x100065ac       0xbc CMakeFiles/PicoPro.dir/C_/Users/natol/.pico-sdk/sdk/2.0.0/lib/tinyusb/src/class/hid/hid_device.c.obj
                0x100065ac                hidd_xfer_cb
 .text.tu_edpt_claim
                0x10006668       0x50 CMakeFiles/PicoPro.dir/C_/Users/natol/.pico-sdk/sdk/2.0.0/lib/tinyusb/src/tusb.c.obj
                0x10006668                tu_edpt_claim
 .text.tu_edpt_release
                0x100066b8       0x38 CMakeFiles/PicoPro.dir/C_/Users/natol/.pico-sdk/sdk/2.0.0/lib/tinyusb/src/tusb.c.obj
                0x100066b8                tu_edpt_release
 .text.tu_edpt_validate
                0x100066f0       0xac CMakeFiles/PicoPro.dir/C_/Users/natol/.pico-sdk/sdk/2.0.0/lib/tinyusb/src/tusb.c.obj
                0x100066f0                tu_edpt_validate
 .text.tu_edpt_bind_driver
                0x1000679c       0x26 CMakeFiles/PicoPro.dir/C_/Users/natol/.pico-sdk/sdk/2.0.0/lib/tinyusb/src/tusb.c.obj
                0x1000679c                tu_edpt_bind_driver
 .text.tu_desc_get_interface_total_len
                0x100067c2       0x3e CMakeFiles/PicoPro.dir/C_/Users/natol/.pico-sdk/sdk/2.0.0/lib/tinyusb/src/tusb.c.obj
                0x100067c2                tu_desc_get_interface_total_len
 .text.advance_index
                0x10006800       0x1a CMakeFiles/PicoPro.dir/C_/Users/natol/.pico-sdk/sdk/2.0.0/lib/tinyusb/src/common/tusb_fifo.c.obj
 .text._tu_fifo_peek
                0x1000681a       0x56 CMakeFiles/PicoPro.dir/C_/Users/natol/.pico-sdk/sdk/2.0.0/lib/tinyusb/src/common/tusb_fifo.c.obj
 .text.tu_fifo_empty
                0x10006870        0xe CMakeFiles/PicoPro.dir/C_/Users/natol/.pico-sdk/sdk/2.0.0/lib/tinyusb/src/common/tusb_fifo.c.obj
                0x10006870                tu_fifo_empty
 .text.tu_fifo_full
                0x1000687e       0x28 CMakeFiles/PicoPro.dir/C_/Users/natol/.pico-sdk/sdk/2.0.0/lib/tinyusb/src/common/tusb_fifo.c.obj
                0x1000687e                tu_fifo_full
 .text.tu_fifo_read
                0x100068a6       0x42 CMakeFiles/PicoPro.dir/C_/Users/natol/.pico-sdk/sdk/2.0.0/lib/tinyusb/src/common/tusb_fifo.c.obj
                0x100068a6                tu_fifo_read
 .text.tu_fifo_write
                0x100068e8       0x64 CMakeFiles/PicoPro.dir/C_/Users/natol/.pico-sdk/sdk/2.0.0/lib/tinyusb/src/common/tusb_fifo.c.obj
                0x100068e8                tu_fifo_write
 .text.tu_fifo_clear
                0x1000694c       0x3e CMakeFiles/PicoPro.dir/C_/Users/natol/.pico-sdk/sdk/2.0.0/lib/tinyusb/src/common/tusb_fifo.c.obj
                0x1000694c                tu_fifo_clear
 *fill*         0x1000698a        0x2 
 .text.get_driver
                0x1000698c       0x3c CMakeFiles/PicoPro.dir/C_/Users/natol/.pico-sdk/sdk/2.0.0/lib/tinyusb/src/host/usbh.c.obj
 .text._control_blocking_complete_cb
                0x100069c8        0x8 CMakeFiles/PicoPro.dir/C_/Users/natol/.pico-sdk/sdk/2.0.0/lib/tinyusb/src/host/usbh.c.obj
 .text.get_new_address
                0x100069d0       0x34 CMakeFiles/PicoPro.dir/C_/Users/natol/.pico-sdk/sdk/2.0.0/lib/tinyusb/src/host/usbh.c.obj
 .text.clear_device
                0x10006a04       0x26 CMakeFiles/PicoPro.dir/C_/Users/natol/.pico-sdk/sdk/2.0.0/lib/tinyusb/src/host/usbh.c.obj
 *fill*         0x10006a2a        0x2 
 .text._control_xfer_complete
                0x10006a2c       0x64 CMakeFiles/PicoPro.dir/C_/Users/natol/.pico-sdk/sdk/2.0.0/lib/tinyusb/src/host/usbh.c.obj
 .text.process_removing_device
                0x10006a90      0x118 CMakeFiles/PicoPro.dir/C_/Users/natol/.pico-sdk/sdk/2.0.0/lib/tinyusb/src/host/usbh.c.obj
 .text.enum_full_complete
                0x10006ba8       0x20 CMakeFiles/PicoPro.dir/C_/Users/natol/.pico-sdk/sdk/2.0.0/lib/tinyusb/src/host/usbh.c.obj
 .text.critical_section_enter_blocking
                0x10006bc8       0x16 CMakeFiles/PicoPro.dir/C_/Users/natol/.pico-sdk/sdk/2.0.0/lib/tinyusb/src/host/usbh.c.obj
 *fill*         0x10006bde        0x2 
 .text._parse_configuration_descriptor
                0x10006be0      0x11c CMakeFiles/PicoPro.dir/C_/Users/natol/.pico-sdk/sdk/2.0.0/lib/tinyusb/src/host/usbh.c.obj
 .text.tuh_event_hook_cb
                0x10006cfc        0x2 CMakeFiles/PicoPro.dir/C_/Users/natol/.pico-sdk/sdk/2.0.0/lib/tinyusb/src/host/usbh.c.obj
                0x10006cfc                tuh_event_hook_cb
 *fill*         0x10006cfe        0x2 
 .text.tuh_vid_pid_get
                0x10006d00       0x40 CMakeFiles/PicoPro.dir/C_/Users/natol/.pico-sdk/sdk/2.0.0/lib/tinyusb/src/host/usbh.c.obj
                0x10006d00                tuh_vid_pid_get
 .text.tuh_speed_get
                0x10006d40       0x28 CMakeFiles/PicoPro.dir/C_/Users/natol/.pico-sdk/sdk/2.0.0/lib/tinyusb/src/host/usbh.c.obj
                0x10006d40                tuh_speed_get
 .text.tuh_rhport_is_active
                0x10006d68       0x14 CMakeFiles/PicoPro.dir/C_/Users/natol/.pico-sdk/sdk/2.0.0/lib/tinyusb/src/host/usbh.c.obj
                0x10006d68                tuh_rhport_is_active
 .text.tuh_configure
                0x10006d7c        0x8 CMakeFiles/PicoPro.dir/C_/Users/natol/.pico-sdk/sdk/2.0.0/lib/tinyusb/src/host/usbh.c.obj
                0x10006d7c                tuh_configure
 .text.tuh_inited
                0x10006d84       0x14 CMakeFiles/PicoPro.dir/C_/Users/natol/.pico-sdk/sdk/2.0.0/lib/tinyusb/src/host/usbh.c.obj
                0x10006d84                tuh_inited
 .text.tuh_init
                0x10006d98       0xf4 CMakeFiles/PicoPro.dir/C_/Users/natol/.pico-sdk/sdk/2.0.0/lib/tinyusb/src/host/usbh.c.obj
                0x10006d98                tuh_init
 .text.tuh_task_event_ready
                0x10006e8c       0x20 CMakeFiles/PicoPro.dir/C_/Users/natol/.pico-sdk/sdk/2.0.0/lib/tinyusb/src/host/usbh.c.obj
                0x10006e8c                tuh_task_event_ready
 .text.tuh_edpt_abort_xfer
                0x10006eac       0xb8 CMakeFiles/PicoPro.dir/C_/Users/natol/.pico-sdk/sdk/2.0.0/lib/tinyusb/src/host/usbh.c.obj
                0x10006eac                tuh_edpt_abort_xfer
 .text.usbh_get_rhport
                0x10006f64       0x24 CMakeFiles/PicoPro.dir/C_/Users/natol/.pico-sdk/sdk/2.0.0/lib/tinyusb/src/host/usbh.c.obj
                0x10006f64                usbh_get_rhport
 .text.usbh_edpt_control_open
                0x10006f88       0x30 CMakeFiles/PicoPro.dir/C_/Users/natol/.pico-sdk/sdk/2.0.0/lib/tinyusb/src/host/usbh.c.obj
 .text.usbh_control_xfer_cb
                0x10006fb8      0x138 CMakeFiles/PicoPro.dir/C_/Users/natol/.pico-sdk/sdk/2.0.0/lib/tinyusb/src/host/usbh.c.obj
 .text.usbh_get_enum_buf
                0x100070f0        0x8 CMakeFiles/PicoPro.dir/C_/Users/natol/.pico-sdk/sdk/2.0.0/lib/tinyusb/src/host/usbh.c.obj
                0x100070f0                usbh_get_enum_buf
 .text.usbh_edpt_claim
                0x100070f8       0x54 CMakeFiles/PicoPro.dir/C_/Users/natol/.pico-sdk/sdk/2.0.0/lib/tinyusb/src/host/usbh.c.obj
                0x100070f8                usbh_edpt_claim
 .text.usbh_edpt_release
                0x1000714c       0x48 CMakeFiles/PicoPro.dir/C_/Users/natol/.pico-sdk/sdk/2.0.0/lib/tinyusb/src/host/usbh.c.obj
                0x1000714c                usbh_edpt_release
 .text.usbh_edpt_xfer_with_callback
                0x10007194       0xb0 CMakeFiles/PicoPro.dir/C_/Users/natol/.pico-sdk/sdk/2.0.0/lib/tinyusb/src/host/usbh.c.obj
                0x10007194                usbh_edpt_xfer_with_callback
 .text.tuh_edpt_open
                0x10007244       0x44 CMakeFiles/PicoPro.dir/C_/Users/natol/.pico-sdk/sdk/2.0.0/lib/tinyusb/src/host/usbh.c.obj
                0x10007244                tuh_edpt_open
 .text.hcd_devtree_get_info
                0x10007288       0x44 CMakeFiles/PicoPro.dir/C_/Users/natol/.pico-sdk/sdk/2.0.0/lib/tinyusb/src/host/usbh.c.obj
                0x10007288                hcd_devtree_get_info
 .text.usbh_driver_set_config_complete
                0x100072cc       0x64 CMakeFiles/PicoPro.dir/C_/Users/natol/.pico-sdk/sdk/2.0.0/lib/tinyusb/src/host/usbh.c.obj
                0x100072cc                usbh_driver_set_config_complete
 .text.process_enumeration
                0x10007330      0x30c CMakeFiles/PicoPro.dir/C_/Users/natol/.pico-sdk/sdk/2.0.0/lib/tinyusb/src/host/usbh.c.obj
 .text.enum_new_device
                0x1000763c       0xb8 CMakeFiles/PicoPro.dir/C_/Users/natol/.pico-sdk/sdk/2.0.0/lib/tinyusb/src/host/usbh.c.obj
 .text.tuh_task_ext
                0x100076f4      0x1b0 CMakeFiles/PicoPro.dir/C_/Users/natol/.pico-sdk/sdk/2.0.0/lib/tinyusb/src/host/usbh.c.obj
                0x100076f4                tuh_task_ext
 .text.tuh_control_xfer
                0x100078a4      0x150 CMakeFiles/PicoPro.dir/C_/Users/natol/.pico-sdk/sdk/2.0.0/lib/tinyusb/src/host/usbh.c.obj
                0x100078a4                tuh_control_xfer
 .text.enum_request_set_addr
                0x100079f4       0xd8 CMakeFiles/PicoPro.dir/C_/Users/natol/.pico-sdk/sdk/2.0.0/lib/tinyusb/src/host/usbh.c.obj
 .text._get_descriptor
                0x10007acc       0x66 CMakeFiles/PicoPro.dir/C_/Users/natol/.pico-sdk/sdk/2.0.0/lib/tinyusb/src/host/usbh.c.obj
 .text.tuh_descriptor_get
                0x10007b32       0x1e CMakeFiles/PicoPro.dir/C_/Users/natol/.pico-sdk/sdk/2.0.0/lib/tinyusb/src/host/usbh.c.obj
                0x10007b32                tuh_descriptor_get
 .text.tuh_descriptor_get_device
                0x10007b50       0x24 CMakeFiles/PicoPro.dir/C_/Users/natol/.pico-sdk/sdk/2.0.0/lib/tinyusb/src/host/usbh.c.obj
                0x10007b50                tuh_descriptor_get_device
 .text.tuh_descriptor_get_configuration
                0x10007b74       0x1c CMakeFiles/PicoPro.dir/C_/Users/natol/.pico-sdk/sdk/2.0.0/lib/tinyusb/src/host/usbh.c.obj
                0x10007b74                tuh_descriptor_get_configuration
 .text.tuh_descriptor_get_hid_report
                0x10007b90       0x62 CMakeFiles/PicoPro.dir/C_/Users/natol/.pico-sdk/sdk/2.0.0/lib/tinyusb/src/host/usbh.c.obj
                0x10007b90                tuh_descriptor_get_hid_report
 .text.tuh_configuration_set
                0x10007bf2       0x4e CMakeFiles/PicoPro.dir/C_/Users/natol/.pico-sdk/sdk/2.0.0/lib/tinyusb/src/host/usbh.c.obj
                0x10007bf2                tuh_configuration_set
 .text.connection_port_reset_complete
                0x10007c40       0x4c CMakeFiles/PicoPro.dir/C_/Users/natol/.pico-sdk/sdk/2.0.0/lib/tinyusb/src/host/hub.c.obj
 .text.hub_port_clear_feature
                0x10007c8c       0x78 CMakeFiles/PicoPro.dir/C_/Users/natol/.pico-sdk/sdk/2.0.0/lib/tinyusb/src/host/hub.c.obj
                0x10007c8c                hub_port_clear_feature
 .text.hub_get_status_complete
                0x10007d04       0x84 CMakeFiles/PicoPro.dir/C_/Users/natol/.pico-sdk/sdk/2.0.0/lib/tinyusb/src/host/hub.c.obj
 .text.hub_port_set_feature
                0x10007d88       0x78 CMakeFiles/PicoPro.dir/C_/Users/natol/.pico-sdk/sdk/2.0.0/lib/tinyusb/src/host/hub.c.obj
                0x10007d88                hub_port_set_feature
 .text.connection_clear_conn_change_complete
                0x10007e00       0x78 CMakeFiles/PicoPro.dir/C_/Users/natol/.pico-sdk/sdk/2.0.0/lib/tinyusb/src/host/hub.c.obj
 .text.config_set_port_power
                0x10007e78       0x50 CMakeFiles/PicoPro.dir/C_/Users/natol/.pico-sdk/sdk/2.0.0/lib/tinyusb/src/host/hub.c.obj
 .text.config_port_power_complete
                0x10007ec8       0x94 CMakeFiles/PicoPro.dir/C_/Users/natol/.pico-sdk/sdk/2.0.0/lib/tinyusb/src/host/hub.c.obj
 .text.hub_port_get_status
                0x10007f5c       0x6e CMakeFiles/PicoPro.dir/C_/Users/natol/.pico-sdk/sdk/2.0.0/lib/tinyusb/src/host/hub.c.obj
                0x10007f5c                hub_port_get_status
 *fill*         0x10007fca        0x2 
 .text.hub_init
                0x10007fcc       0x14 CMakeFiles/PicoPro.dir/C_/Users/natol/.pico-sdk/sdk/2.0.0/lib/tinyusb/src/host/hub.c.obj
                0x10007fcc                hub_init
 .text.hub_deinit
                0x10007fe0        0x4 CMakeFiles/PicoPro.dir/C_/Users/natol/.pico-sdk/sdk/2.0.0/lib/tinyusb/src/host/hub.c.obj
                0x10007fe0                hub_deinit
 .text.hub_open
                0x10007fe4       0x90 CMakeFiles/PicoPro.dir/C_/Users/natol/.pico-sdk/sdk/2.0.0/lib/tinyusb/src/host/hub.c.obj
                0x10007fe4                hub_open
 .text.hub_close
                0x10008074       0x24 CMakeFiles/PicoPro.dir/C_/Users/natol/.pico-sdk/sdk/2.0.0/lib/tinyusb/src/host/hub.c.obj
                0x10008074                hub_close
 .text.hub_edpt_status_xfer
                0x10008098       0x24 CMakeFiles/PicoPro.dir/C_/Users/natol/.pico-sdk/sdk/2.0.0/lib/tinyusb/src/host/hub.c.obj
                0x10008098                hub_edpt_status_xfer
 .text.hub_port_get_status_complete
                0x100080bc       0xa0 CMakeFiles/PicoPro.dir/C_/Users/natol/.pico-sdk/sdk/2.0.0/lib/tinyusb/src/host/hub.c.obj
 .text.hub_clear_feature_complete_stub
                0x1000815c       0x28 CMakeFiles/PicoPro.dir/C_/Users/natol/.pico-sdk/sdk/2.0.0/lib/tinyusb/src/host/hub.c.obj
 .text.hub_set_config
                0x10008184       0x78 CMakeFiles/PicoPro.dir/C_/Users/natol/.pico-sdk/sdk/2.0.0/lib/tinyusb/src/host/hub.c.obj
                0x10008184                hub_set_config
 .text.hub_xfer_cb
                0x100081fc       0x9c CMakeFiles/PicoPro.dir/C_/Users/natol/.pico-sdk/sdk/2.0.0/lib/tinyusb/src/host/hub.c.obj
                0x100081fc                hub_xfer_cb
 .text.get_idx_by_epaddr
                0x10008298       0x48 CMakeFiles/PicoPro.dir/C_/Users/natol/.pico-sdk/sdk/2.0.0/lib/tinyusb/src/class/hid/hid_host.c.obj
 .text.find_new_itf
                0x100082e0       0x28 CMakeFiles/PicoPro.dir/C_/Users/natol/.pico-sdk/sdk/2.0.0/lib/tinyusb/src/class/hid/hid_host.c.obj
 .text._hidh_set_protocol
                0x10008308       0x56 CMakeFiles/PicoPro.dir/C_/Users/natol/.pico-sdk/sdk/2.0.0/lib/tinyusb/src/class/hid/hid_host.c.obj
 .text._hidh_set_idle
                0x1000835e       0x56 CMakeFiles/PicoPro.dir/C_/Users/natol/.pico-sdk/sdk/2.0.0/lib/tinyusb/src/class/hid/hid_host.c.obj
 .text.config_driver_mount_complete
                0x100083b4       0x54 CMakeFiles/PicoPro.dir/C_/Users/natol/.pico-sdk/sdk/2.0.0/lib/tinyusb/src/class/hid/hid_host.c.obj
 .text.tuh_hid_itf_get_index
                0x10008408       0x38 CMakeFiles/PicoPro.dir/C_/Users/natol/.pico-sdk/sdk/2.0.0/lib/tinyusb/src/class/hid/hid_host.c.obj
                0x10008408                tuh_hid_itf_get_index
 .text.process_set_config
                0x10008440      0x124 CMakeFiles/PicoPro.dir/C_/Users/natol/.pico-sdk/sdk/2.0.0/lib/tinyusb/src/class/hid/hid_host.c.obj
 .text.tuh_hid_interface_protocol
                0x10008564       0x40 CMakeFiles/PicoPro.dir/C_/Users/natol/.pico-sdk/sdk/2.0.0/lib/tinyusb/src/class/hid/hid_host.c.obj
                0x10008564                tuh_hid_interface_protocol
 .text.tuh_hid_set_default_protocol
                0x100085a4        0xc CMakeFiles/PicoPro.dir/C_/Users/natol/.pico-sdk/sdk/2.0.0/lib/tinyusb/src/class/hid/hid_host.c.obj
                0x100085a4                tuh_hid_set_default_protocol
 .text.tuh_hid_receive_report
                0x100085b0       0x6c CMakeFiles/PicoPro.dir/C_/Users/natol/.pico-sdk/sdk/2.0.0/lib/tinyusb/src/class/hid/hid_host.c.obj
                0x100085b0                tuh_hid_receive_report
 .text.hidh_init
                0x1000861c       0x18 CMakeFiles/PicoPro.dir/C_/Users/natol/.pico-sdk/sdk/2.0.0/lib/tinyusb/src/class/hid/hid_host.c.obj
                0x1000861c                hidh_init
 .text.hidh_deinit
                0x10008634        0x4 CMakeFiles/PicoPro.dir/C_/Users/natol/.pico-sdk/sdk/2.0.0/lib/tinyusb/src/class/hid/hid_host.c.obj
                0x10008634                hidh_deinit
 .text.hidh_xfer_cb
                0x10008638       0x74 CMakeFiles/PicoPro.dir/C_/Users/natol/.pico-sdk/sdk/2.0.0/lib/tinyusb/src/class/hid/hid_host.c.obj
                0x10008638                hidh_xfer_cb
 .text.hidh_close
                0x100086ac       0x44 CMakeFiles/PicoPro.dir/C_/Users/natol/.pico-sdk/sdk/2.0.0/lib/tinyusb/src/class/hid/hid_host.c.obj
                0x100086ac                hidh_close
 .text.hidh_open
                0x100086f0      0x138 CMakeFiles/PicoPro.dir/C_/Users/natol/.pico-sdk/sdk/2.0.0/lib/tinyusb/src/class/hid/hid_host.c.obj
                0x100086f0                hidh_open
 .text.hidh_set_config
                0x10008828       0x22 CMakeFiles/PicoPro.dir/C_/Users/natol/.pico-sdk/sdk/2.0.0/lib/tinyusb/src/class/hid/hid_host.c.obj
                0x10008828                hidh_set_config
 *fill*         0x1000884a        0x2 
 .text.hcd_configure
                0x1000884c       0x20 CMakeFiles/PicoPro.dir/C_/Users/natol/.pico-sdk/sdk/2.0.0/lib/tinyusb/src/portable/raspberrypi/pio_usb/hcd_pio_usb.c.obj
                0x1000884c                hcd_configure
 .text.hcd_init
                0x1000886c       0x10 CMakeFiles/PicoPro.dir/C_/Users/natol/.pico-sdk/sdk/2.0.0/lib/tinyusb/src/portable/raspberrypi/pio_usb/hcd_pio_usb.c.obj
                0x1000886c                hcd_init
 .text.hcd_port_reset
                0x1000887c        0xc CMakeFiles/PicoPro.dir/C_/Users/natol/.pico-sdk/sdk/2.0.0/lib/tinyusb/src/portable/raspberrypi/pio_usb/hcd_pio_usb.c.obj
                0x1000887c                hcd_port_reset
 .text.hcd_port_reset_end
                0x10008888        0xc CMakeFiles/PicoPro.dir/C_/Users/natol/.pico-sdk/sdk/2.0.0/lib/tinyusb/src/portable/raspberrypi/pio_usb/hcd_pio_usb.c.obj
                0x10008888                hcd_port_reset_end
 .text.hcd_port_connect_status
                0x10008894       0x44 CMakeFiles/PicoPro.dir/C_/Users/natol/.pico-sdk/sdk/2.0.0/lib/tinyusb/src/portable/raspberrypi/pio_usb/hcd_pio_usb.c.obj
                0x10008894                hcd_port_connect_status
 .text.hcd_port_speed_get
                0x100088d8       0x1c CMakeFiles/PicoPro.dir/C_/Users/natol/.pico-sdk/sdk/2.0.0/lib/tinyusb/src/portable/raspberrypi/pio_usb/hcd_pio_usb.c.obj
                0x100088d8                hcd_port_speed_get
 .text.hcd_device_close
                0x100088f4        0xc CMakeFiles/PicoPro.dir/C_/Users/natol/.pico-sdk/sdk/2.0.0/lib/tinyusb/src/portable/raspberrypi/pio_usb/hcd_pio_usb.c.obj
                0x100088f4                hcd_device_close
 .text.hcd_int_enable
                0x10008900        0x2 CMakeFiles/PicoPro.dir/C_/Users/natol/.pico-sdk/sdk/2.0.0/lib/tinyusb/src/portable/raspberrypi/pio_usb/hcd_pio_usb.c.obj
                0x10008900                hcd_int_enable
 .text.hcd_edpt_open
                0x10008902       0x3a CMakeFiles/PicoPro.dir/C_/Users/natol/.pico-sdk/sdk/2.0.0/lib/tinyusb/src/portable/raspberrypi/pio_usb/hcd_pio_usb.c.obj
                0x10008902                hcd_edpt_open
 .text.hcd_edpt_xfer
                0x1000893c       0x16 CMakeFiles/PicoPro.dir/C_/Users/natol/.pico-sdk/sdk/2.0.0/lib/tinyusb/src/portable/raspberrypi/pio_usb/hcd_pio_usb.c.obj
                0x1000893c                hcd_edpt_xfer
 .text.hcd_edpt_abort_xfer
                0x10008952        0xc CMakeFiles/PicoPro.dir/C_/Users/natol/.pico-sdk/sdk/2.0.0/lib/tinyusb/src/portable/raspberrypi/pio_usb/hcd_pio_usb.c.obj
                0x10008952                hcd_edpt_abort_xfer
 .text.hcd_setup_send
                0x1000895e        0xc CMakeFiles/PicoPro.dir/C_/Users/natol/.pico-sdk/sdk/2.0.0/lib/tinyusb/src/portable/raspberrypi/pio_usb/hcd_pio_usb.c.obj
                0x1000895e                hcd_setup_send
 .text.pio_get_default_sm_config
                0x1000896a       0x28 CMakeFiles/PicoPro.dir/C_/Users/natol/.pico-sdk/sdk/2.0.0/src/rp2_common/hardware_pio/pio.c.obj
 .text.is_program_gpio_compatible
                0x10008992        0x4 CMakeFiles/PicoPro.dir/C_/Users/natol/.pico-sdk/sdk/2.0.0/src/rp2_common/hardware_pio/pio.c.obj
 *fill*         0x10008996        0x2 
 .text.add_program_at_offset_check
                0x10008998       0x64 CMakeFiles/PicoPro.dir/C_/Users/natol/.pico-sdk/sdk/2.0.0/src/rp2_common/hardware_pio/pio.c.obj
 .text.add_program_at_offset
                0x100089fc       0x60 CMakeFiles/PicoPro.dir/C_/Users/natol/.pico-sdk/sdk/2.0.0/src/rp2_common/hardware_pio/pio.c.obj
 .text.find_offset_for_program
                0x10008a5c       0x7c CMakeFiles/PicoPro.dir/C_/Users/natol/.pico-sdk/sdk/2.0.0/src/rp2_common/hardware_pio/pio.c.obj
 .text.pio_sm_claim
                0x10008ad8       0x30 CMakeFiles/PicoPro.dir/C_/Users/natol/.pico-sdk/sdk/2.0.0/src/rp2_common/hardware_pio/pio.c.obj
                0x10008ad8                pio_sm_claim
 .text.pio_add_program
                0x10008b08       0x30 CMakeFiles/PicoPro.dir/C_/Users/natol/.pico-sdk/sdk/2.0.0/src/rp2_common/hardware_pio/pio.c.obj
                0x10008b08                pio_add_program
 .text.pio_add_program_at_offset
                0x10008b38       0x24 CMakeFiles/PicoPro.dir/C_/Users/natol/.pico-sdk/sdk/2.0.0/src/rp2_common/hardware_pio/pio.c.obj
                0x10008b38                pio_add_program_at_offset
 .text.pio_sm_set_pins_with_mask
                0x10008b5c       0x9c CMakeFiles/PicoPro.dir/C_/Users/natol/.pico-sdk/sdk/2.0.0/src/rp2_common/hardware_pio/pio.c.obj
                0x10008b5c                pio_sm_set_pins_with_mask
 .text.pio_sm_set_pindirs_with_mask
                0x10008bf8       0xa0 CMakeFiles/PicoPro.dir/C_/Users/natol/.pico-sdk/sdk/2.0.0/src/rp2_common/hardware_pio/pio.c.obj
                0x10008bf8                pio_sm_set_pindirs_with_mask
 .text.pio_sm_set_consecutive_pindirs
                0x10008c98       0xb4 CMakeFiles/PicoPro.dir/C_/Users/natol/.pico-sdk/sdk/2.0.0/src/rp2_common/hardware_pio/pio.c.obj
                0x10008c98                pio_sm_set_consecutive_pindirs
 .text.pio_sm_init
                0x10008d4c       0xb4 CMakeFiles/PicoPro.dir/C_/Users/natol/.pico-sdk/sdk/2.0.0/src/rp2_common/hardware_pio/pio.c.obj
                0x10008d4c                pio_sm_init
 .text.core1_trampoline
                0x10008e00        0x2 CMakeFiles/PicoPro.dir/C_/Users/natol/.pico-sdk/sdk/2.0.0/src/rp2_common/pico_multicore/multicore.c.obj
 .text.core1_wrapper
                0x10008e02        0xc CMakeFiles/PicoPro.dir/C_/Users/natol/.pico-sdk/sdk/2.0.0/src/rp2_common/pico_multicore/multicore.c.obj
                0x10008e02                core1_wrapper
 .text.multicore_fifo_push_blocking
                0x10008e0e       0x14 CMakeFiles/PicoPro.dir/C_/Users/natol/.pico-sdk/sdk/2.0.0/src/rp2_common/pico_multicore/multicore.c.obj
                0x10008e0e                multicore_fifo_push_blocking
 .text.multicore_fifo_pop_blocking
                0x10008e22       0x16 CMakeFiles/PicoPro.dir/C_/Users/natol/.pico-sdk/sdk/2.0.0/src/rp2_common/pico_multicore/multicore.c.obj
                0x10008e22                multicore_fifo_pop_blocking
 .text.multicore_reset_core1
                0x10008e38       0x60 CMakeFiles/PicoPro.dir/C_/Users/natol/.pico-sdk/sdk/2.0.0/src/rp2_common/pico_multicore/multicore.c.obj
                0x10008e38                multicore_reset_core1
 .text.multicore_launch_core1_raw
                0x10008e98       0x70 CMakeFiles/PicoPro.dir/C_/Users/natol/.pico-sdk/sdk/2.0.0/src/rp2_common/pico_multicore/multicore.c.obj
                0x10008e98                multicore_launch_core1_raw
 .text.multicore_launch_core1_with_stack
                0x10008f08       0x50 CMakeFiles/PicoPro.dir/C_/Users/natol/.pico-sdk/sdk/2.0.0/src/rp2_common/pico_multicore/multicore.c.obj
                0x10008f08                multicore_launch_core1_with_stack
 .text.multicore_launch_core1
                0x10008f58       0x24 CMakeFiles/PicoPro.dir/C_/Users/natol/.pico-sdk/sdk/2.0.0/src/rp2_common/pico_multicore/multicore.c.obj
                0x10008f58                multicore_launch_core1
 .text.pio_usb_bus_init
                0x10008f7c      0x1d0 CMakeFiles/PicoPro.dir/lib/Pico-PIO-USB/src/pio_usb.c.obj
                0x10008f7c                pio_usb_bus_init
 .text.pio_usb_host_init
                0x1000914c      0x1ac CMakeFiles/PicoPro.dir/lib/Pico-PIO-USB/src/pio_usb_host.c.obj
                0x1000914c                pio_usb_host_init
 .text.pio_usb_host_port_reset_start
                0x100092f8       0x40 CMakeFiles/PicoPro.dir/lib/Pico-PIO-USB/src/pio_usb_host.c.obj
                0x100092f8                pio_usb_host_port_reset_start
 .text.pio_usb_host_port_reset_end
                0x10009338       0x48 CMakeFiles/PicoPro.dir/lib/Pico-PIO-USB/src/pio_usb_host.c.obj
                0x10009338                pio_usb_host_port_reset_end
 .text.pio_usb_host_close_device
                0x10009380       0x38 CMakeFiles/PicoPro.dir/lib/Pico-PIO-USB/src/pio_usb_host.c.obj
                0x10009380                pio_usb_host_close_device
 .text.pio_usb_host_endpoint_open
                0x100093b8       0x5c CMakeFiles/PicoPro.dir/lib/Pico-PIO-USB/src/pio_usb_host.c.obj
                0x100093b8                pio_usb_host_endpoint_open
 .text.pio_usb_host_send_setup
                0x10009414       0x60 CMakeFiles/PicoPro.dir/lib/Pico-PIO-USB/src/pio_usb_host.c.obj
                0x10009414                pio_usb_host_send_setup
 .text.pio_usb_host_endpoint_transfer
                0x10009474       0x90 CMakeFiles/PicoPro.dir/lib/Pico-PIO-USB/src/pio_usb_host.c.obj
                0x10009474                pio_usb_host_endpoint_transfer
 .text.pio_usb_host_endpoint_abort_transfer
                0x10009504       0xb4 CMakeFiles/PicoPro.dir/lib/Pico-PIO-USB/src/pio_usb_host.c.obj
                0x10009504                pio_usb_host_endpoint_abort_transfer
 .text.calc_usb_crc16
                0x100095b8       0x30 CMakeFiles/PicoPro.dir/lib/Pico-PIO-USB/src/usb_crc.c.obj
                0x100095b8                calc_usb_crc16
 .text.dma_channel_claim
                0x100095e8       0x18 CMakeFiles/PicoPro.dir/C_/Users/natol/.pico-sdk/sdk/2.0.0/src/rp2_common/hardware_dma/dma.c.obj
                0x100095e8                dma_channel_claim
 .text.dma_claim_mask
                0x10009600       0x1e CMakeFiles/PicoPro.dir/C_/Users/natol/.pico-sdk/sdk/2.0.0/src/rp2_common/hardware_dma/dma.c.obj
                0x10009600                dma_claim_mask
 *fill*         0x1000961e        0x2 
 .text.calloc   0x10009620       0x18 C:/Users/natol/.pico-sdk/toolchain/13_2_Rel1/bin/../lib/gcc/arm-none-eabi/13.2.1/thumb/v6-m/nofp\libg.a(libc_a-calloc.o)
                0x10009620                calloc
 .text._calloc_r
                0x10009638       0xa8 C:/Users/natol/.pico-sdk/toolchain/13_2_Rel1/bin/../lib/gcc/arm-none-eabi/13.2.1/thumb/v6-m/nofp\libg.a(libc_a-callocr.o)
                0x10009638                _calloc_r
 .text.malloc   0x100096e0       0x14 C:/Users/natol/.pico-sdk/toolchain/13_2_Rel1/bin/../lib/gcc/arm-none-eabi/13.2.1/thumb/v6-m/nofp\libg.a(libc_a-malloc.o)
                0x100096e0                malloc
 .text._malloc_r
                0x100096f4      0x5c4 C:/Users/natol/.pico-sdk/toolchain/13_2_Rel1/bin/../lib/gcc/arm-none-eabi/13.2.1/thumb/v6-m/nofp\libg.a(libc_a-mallocr.o)
                0x100096f4                _malloc_r
 .text.__malloc_lock
                0x10009cb8       0x10 C:/Users/natol/.pico-sdk/toolchain/13_2_Rel1/bin/../lib/gcc/arm-none-eabi/13.2.1/thumb/v6-m/nofp\libg.a(libc_a-mlock.o)
                0x10009cb8                __malloc_lock
 .text.__malloc_unlock
                0x10009cc8       0x10 C:/Users/natol/.pico-sdk/toolchain/13_2_Rel1/bin/../lib/gcc/arm-none-eabi/13.2.1/thumb/v6-m/nofp\libg.a(libc_a-mlock.o)
                0x10009cc8                __malloc_unlock
 .text.__sflush_r
                0x10009cd8      0x148 C:/Users/natol/.pico-sdk/toolchain/13_2_Rel1/bin/../lib/gcc/arm-none-eabi/13.2.1/thumb/v6-m/nofp\libg.a(libc_a-fflush.o)
                0x10009cd8                __sflush_r
 .text._fflush_r
                0x10009e20       0x68 C:/Users/natol/.pico-sdk/toolchain/13_2_Rel1/bin/../lib/gcc/arm-none-eabi/13.2.1/thumb/v6-m/nofp\libg.a(libc_a-fflush.o)
                0x10009e20                _fflush_r
 .text.fflush   0x10009e88       0x7c C:/Users/natol/.pico-sdk/toolchain/13_2_Rel1/bin/../lib/gcc/arm-none-eabi/13.2.1/thumb/v6-m/nofp\libg.a(libc_a-fflush.o)
                0x10009e88                fflush
 .text.stdio_exit_handler
                0x10009f04       0x1c C:/Users/natol/.pico-sdk/toolchain/13_2_Rel1/bin/../lib/gcc/arm-none-eabi/13.2.1/thumb/v6-m/nofp\libg.a(libc_a-findfp.o)
 .text.cleanup_stdio
                0x10009f20       0x3c C:/Users/natol/.pico-sdk/toolchain/13_2_Rel1/bin/../lib/gcc/arm-none-eabi/13.2.1/thumb/v6-m/nofp\libg.a(libc_a-findfp.o)
 .text.global_stdio_init.part.0
                0x10009f5c      0x118 C:/Users/natol/.pico-sdk/toolchain/13_2_Rel1/bin/../lib/gcc/arm-none-eabi/13.2.1/thumb/v6-m/nofp\libg.a(libc_a-findfp.o)
 .text.__sinit  0x1000a074       0x38 C:/Users/natol/.pico-sdk/toolchain/13_2_Rel1/bin/../lib/gcc/arm-none-eabi/13.2.1/thumb/v6-m/nofp\libg.a(libc_a-findfp.o)
                0x1000a074                __sinit
 .text.__sfp_lock_acquire
                0x1000a0ac       0x10 C:/Users/natol/.pico-sdk/toolchain/13_2_Rel1/bin/../lib/gcc/arm-none-eabi/13.2.1/thumb/v6-m/nofp\libg.a(libc_a-findfp.o)
                0x1000a0ac                __sfp_lock_acquire
 .text.__sfp_lock_release
                0x1000a0bc       0x10 C:/Users/natol/.pico-sdk/toolchain/13_2_Rel1/bin/../lib/gcc/arm-none-eabi/13.2.1/thumb/v6-m/nofp\libg.a(libc_a-findfp.o)
                0x1000a0bc                __sfp_lock_release
 .text._fwalk_sglue
                0x1000a0cc       0x44 C:/Users/natol/.pico-sdk/toolchain/13_2_Rel1/bin/../lib/gcc/arm-none-eabi/13.2.1/thumb/v6-m/nofp\libg.a(libc_a-fwalk.o)
                0x1000a0cc                _fwalk_sglue
 .text.__sread  0x1000a110       0x28 C:/Users/natol/.pico-sdk/toolchain/13_2_Rel1/bin/../lib/gcc/arm-none-eabi/13.2.1/thumb/v6-m/nofp\libg.a(libc_a-stdio.o)
                0x1000a110                __sread
 .text.__swrite
                0x1000a138       0x40 C:/Users/natol/.pico-sdk/toolchain/13_2_Rel1/bin/../lib/gcc/arm-none-eabi/13.2.1/thumb/v6-m/nofp\libg.a(libc_a-stdio.o)
                0x1000a138                __swrite
 .text.__sseek  0x1000a178       0x30 C:/Users/natol/.pico-sdk/toolchain/13_2_Rel1/bin/../lib/gcc/arm-none-eabi/13.2.1/thumb/v6-m/nofp\libg.a(libc_a-stdio.o)
                0x1000a178                __sseek
 .text.__sclose
                0x1000a1a8        0xc C:/Users/natol/.pico-sdk/toolchain/13_2_Rel1/bin/../lib/gcc/arm-none-eabi/13.2.1/thumb/v6-m/nofp\libg.a(libc_a-stdio.o)
                0x1000a1a8                __sclose
 .text.memcmp   0x1000a1b4       0x48 C:/Users/natol/.pico-sdk/toolchain/13_2_Rel1/bin/../lib/gcc/arm-none-eabi/13.2.1/thumb/v6-m/nofp\libg.a(libc_a-memcmp.o)
                0x1000a1b4                memcmp
 .text._close_r
                0x1000a1fc       0x24 C:/Users/natol/.pico-sdk/toolchain/13_2_Rel1/bin/../lib/gcc/arm-none-eabi/13.2.1/thumb/v6-m/nofp\libg.a(libc_a-closer.o)
                0x1000a1fc                _close_r
 .text._lseek_r
                0x1000a220       0x28 C:/Users/natol/.pico-sdk/toolchain/13_2_Rel1/bin/../lib/gcc/arm-none-eabi/13.2.1/thumb/v6-m/nofp\libg.a(libc_a-lseekr.o)
                0x1000a220                _lseek_r
 .text._read_r  0x1000a248       0x28 C:/Users/natol/.pico-sdk/toolchain/13_2_Rel1/bin/../lib/gcc/arm-none-eabi/13.2.1/thumb/v6-m/nofp\libg.a(libc_a-readr.o)
                0x1000a248                _read_r
 .text._sbrk_r  0x1000a270       0x24 C:/Users/natol/.pico-sdk/toolchain/13_2_Rel1/bin/../lib/gcc/arm-none-eabi/13.2.1/thumb/v6-m/nofp\libg.a(libc_a-sbrkr.o)
                0x1000a270                _sbrk_r
 .text._write_r
                0x1000a294       0x28 C:/Users/natol/.pico-sdk/toolchain/13_2_Rel1/bin/../lib/gcc/arm-none-eabi/13.2.1/thumb/v6-m/nofp\libg.a(libc_a-writer.o)
                0x1000a294                _write_r
 .text.__errno  0x1000a2bc        0xc C:/Users/natol/.pico-sdk/toolchain/13_2_Rel1/bin/../lib/gcc/arm-none-eabi/13.2.1/thumb/v6-m/nofp\libg.a(libc_a-errno.o)
                0x1000a2bc                __errno
 .text.__retarget_lock_init_recursive
                0x1000a2c8        0x4 C:/Users/natol/.pico-sdk/toolchain/13_2_Rel1/bin/../lib/gcc/arm-none-eabi/13.2.1/thumb/v6-m/nofp\libg.a(libc_a-lock.o)
                0x1000a2c8                __retarget_lock_init_recursive
 .text.__retarget_lock_close_recursive
                0x1000a2cc        0x4 C:/Users/natol/.pico-sdk/toolchain/13_2_Rel1/bin/../lib/gcc/arm-none-eabi/13.2.1/thumb/v6-m/nofp\libg.a(libc_a-lock.o)
                0x1000a2cc                __retarget_lock_close_recursive
 .text.__retarget_lock_acquire_recursive